[09/07/2026 18:22:22] ERRO FATAL: 'tuple' object has no attribute 'cursor'
[09/07/2026 18:23:28] ERRO FATAL: 'tuple' object has no attribute 'cursor'
[09/07/2026 18:34:47] Iniciando processo
[09/07/2026 18:34:48] Nenhum registro encontrado.
[09/07/2026 19:27:11] Iniciando processo
[09/07/2026 19:27:12] Nenhum registro encontrado.
[09/07/2026 22:55:39] Iniciando processo
[09/07/2026 22:55:40] 1 registros encontrados
[09/07/2026 22:55:40] Executando inserts...
[09/07/2026 22:55:40] ERRO INSERT 26963497 - permission denied for table efmplocalcomarca
[09/07/2026 22:55:40] Todos os inserts executados.
[09/07/2026 22:55:40] ERRO FATAL: permission denied for table efmptjlotecargait
[09/07/2026 23:13:16] Iniciando processo
[09/07/2026 23:13:16] 1 registros encontrados
[09/07/2026 23:13:16] Executando inserts...
[09/07/2026 23:13:17] ERRO INSERT 26963497 - permission denied for table efmplocalcomarca
[09/07/2026 23:13:17] Todos os inserts executados.
[09/07/2026 23:13:17] ERRO FATAL: permission denied for table efmptjlotecargait
[09/07/2026 23:17:43] Falha ao conectar ao banco (unj01sp).
[09/07/2026 23:18:58] Iniciando processo
[09/07/2026 23:18:58] 1 registros encontrados
[09/07/2026 23:18:58] Executando inserts...
[09/07/2026 23:18:58] INSERT OK - NUSEQ 26963497
[09/07/2026 23:18:59] Todos os inserts executados.
[09/07/2026 23:19:00] Reprocessamento iniciado.
[09/07/2026 23:19:00] NUSEQ 26963497 STATUS 177
[09/07/2026 23:19:10] NUSEQ 26963497 STATUS 177
[09/07/2026 23:19:20] NUSEQ 26963497 STATUS 161
[09/07/2026 23:19:21] ERRO AO ATUALIZAR 2R000000G4WGJ: invalid input syntax for type bigint: "2R000000G4WGJ"
[09/07/2026 23:19:21] ============================================================
[09/07/2026 23:19:21] PROCESSAMENTO FINALIZADO
[09/07/2026 23:19:21] Total: 1
[09/07/2026 23:19:21] Sucesso: 0
[09/07/2026 23:19:21] Pendentes: 1
[09/07/2026 23:19:21] SQL de pendentes gerado.
[10/07/2026 01:36:53] Falha ao conectar ao banco para atualizar o total.
[10/07/2026 01:38:25] Total atualizado: 0 registros encontrados.
[10/07/2026 01:41:18] Total atualizado: 0 registros encontrados.
[10/07/2026 01:41:33] Iniciando processo
[10/07/2026 01:41:33] Nenhum registro encontrado.
[10/07/2026 09:21:30] Total atualizado: 0 registros encontrados.
[10/07/2026 09:25:27] Total atualizado: 0 registros encontrados.
[10/07/2026 13:57:29] Total atualizado: 0 registros encontrados.
[10/07/2026 14:02:56] Iniciando processo
[10/07/2026 14:02:57] Nenhum registro encontrado.
[10/07/2026 18:29:14] Total atualizado: 0 registros encontrados.
[10/07/2026 18:29:40] Iniciando processo
[10/07/2026 18:29:40] Nenhum registro encontrado.
[10/07/2026 18:47:47] Total atualizado: 0 registros encontrados.
[10/07/2026 18:48:10] Iniciando processo
[10/07/2026 18:48:10] Nenhum registro encontrado.
[10/07/2026 20:29:43] Total atualizado: 0 registros encontrados.
[11/07/2026 16:56:58] Total atualizado: 0 registros encontrados.
[13/07/2026 11:43:27] Falha ao conectar ao banco para atualizar o total.
[13/07/2026 11:43:47] Total atualizado: 5 registros encontrados.
[13/07/2026 11:45:59] Iniciando processo
[13/07/2026 11:45:59] 5 registros encontrados
[13/07/2026 11:45:59] Executando inserts...
[13/07/2026 11:45:59] INSERT OK - NUSEQ 26981987
[13/07/2026 11:46:00] INSERT OK - NUSEQ 26987420
[13/07/2026 11:46:00] INSERT OK - NUSEQ 26987707
[13/07/2026 11:46:00] INSERT OK - NUSEQ 26987800
[13/07/2026 11:46:00] INSERT OK - NUSEQ 26987890
[13/07/2026 11:46:00] Todos os inserts executados.
[13/07/2026 11:46:00] Reprocessamento iniciado.
[13/07/2026 11:46:01] NUSEQ 26981987 STATUS 177
[13/07/2026 11:46:01] NUSEQ 26987420 STATUS 177
[13/07/2026 11:46:01] NUSEQ 26987707 STATUS 177
[13/07/2026 11:46:01] NUSEQ 26987800 STATUS 177
[13/07/2026 11:46:01] NUSEQ 26987890 STATUS 177
[13/07/2026 11:46:11] NUSEQ 26981987 STATUS 161
[13/07/2026 11:46:12] SUCESSO: NUSEQ 26981987 -> ID 2R000000G5B19 atualizado para grupo 39
[13/07/2026 11:46:12] NUSEQ 26987420 STATUS 177
[13/07/2026 11:46:12] NUSEQ 26987707 STATUS 177
[13/07/2026 11:46:12] NUSEQ 26987800 STATUS 177
[13/07/2026 11:46:12] NUSEQ 26987890 STATUS 177
[13/07/2026 11:46:22] NUSEQ 26987420 STATUS 161
[13/07/2026 11:46:22] SUCESSO: NUSEQ 26987420 -> ID 2R000000G5FC7 atualizado para grupo 39
[13/07/2026 11:46:22] NUSEQ 26987707 STATUS 161
[13/07/2026 11:46:23] SUCESSO: NUSEQ 26987707 -> ID 2R000000G5FK7 atualizado para grupo 39
[13/07/2026 11:46:23] NUSEQ 26987800 STATUS 161
[13/07/2026 11:46:23] SUCESSO: NUSEQ 26987800 -> ID 2R000000G5FMS atualizado para grupo 39
[13/07/2026 11:46:23] NUSEQ 26987890 STATUS 177
[13/07/2026 11:46:33] NUSEQ 26987890 STATUS 161
[13/07/2026 11:46:33] SUCESSO: NUSEQ 26987890 -> ID 2R000000G5FPA atualizado para grupo 39
[13/07/2026 11:46:33] ============================================================
[13/07/2026 11:46:33] PROCESSAMENTO FINALIZADO
[13/07/2026 11:46:33] Total: 5
[13/07/2026 11:46:33] Sucesso: 5
[13/07/2026 11:46:33] Pendentes: 0
[13/07/2026 11:46:33] Nenhum pendente encontrado.
[13/07/2026 12:08:18] Total atualizado: 1 registros encontrados.
[13/07/2026 12:10:50] Total atualizado: 1 registros encontrados.
[13/07/2026 12:15:11] Iniciando processo
[13/07/2026 12:15:11] 1 registros encontrados
[13/07/2026 12:15:11] Executando inserts...
[13/07/2026 12:15:12] INSERT OK - NUSEQ 26989591
[13/07/2026 12:15:12] Todos os inserts executados.
[13/07/2026 12:15:12] Reprocessamento iniciado.
[13/07/2026 12:15:13] NUSEQ 26989591 STATUS 177
[13/07/2026 12:15:23] NUSEQ 26989591 STATUS 177
[13/07/2026 12:15:33] NUSEQ 26989591 STATUS 161
[13/07/2026 12:15:34] SUCESSO: NUSEQ 26989591 -> ID 2R000000G5H2R atualizado para grupo 39
[13/07/2026 12:15:34] ============================================================
[13/07/2026 12:15:34] PROCESSAMENTO FINALIZADO
[13/07/2026 12:15:34] Total: 1
[13/07/2026 12:15:34] Sucesso: 1
[13/07/2026 12:15:34] Pendentes: 0
[13/07/2026 12:15:34] Nenhum pendente encontrado.
[13/07/2026 13:06:40] Total atualizado: 1 registros encontrados.
[13/07/2026 13:06:49] Iniciando processo
[13/07/2026 13:06:50] 1 registros encontrados
[13/07/2026 13:06:50] Executando inserts...
[13/07/2026 13:06:50] INSERT OK - NUSEQ 26994991
[13/07/2026 13:06:50] Todos os inserts executados.
[13/07/2026 13:06:50] Reprocessamento iniciado.
[13/07/2026 13:06:51] NUSEQ 26994991 STATUS 177
[13/07/2026 13:07:01] NUSEQ 26994991 STATUS 177
[13/07/2026 13:07:11] NUSEQ 26994991 STATUS 161
[13/07/2026 13:07:11] SUCESSO: NUSEQ 26994991 -> ID 2R000000G5LCD atualizado para grupo 39
[13/07/2026 13:07:11] ============================================================
[13/07/2026 13:07:11] PROCESSAMENTO FINALIZADO
[13/07/2026 13:07:11] Total: 1
[13/07/2026 13:07:11] Sucesso: 1
[13/07/2026 13:07:11] Pendentes: 0
[13/07/2026 13:07:11] Nenhum pendente encontrado.
[13/07/2026 13:14:04] Total atualizado: 1 registros encontrados.
[13/07/2026 13:14:29] Iniciando processo
[13/07/2026 13:14:30] 1 registros encontrados
[13/07/2026 13:14:30] Executando inserts...
[13/07/2026 13:14:30] INSERT OK - NUSEQ 26995072
[13/07/2026 13:14:30] Todos os inserts executados.
[13/07/2026 13:14:30] Reprocessamento iniciado.
[13/07/2026 13:14:31] NUSEQ 26995072 STATUS 177
[13/07/2026 13:14:41] NUSEQ 26995072 STATUS 161
[13/07/2026 13:14:41] SUCESSO: NUSEQ 26995072 -> ID 2R000000G5LEM atualizado para grupo 39
[13/07/2026 13:14:41] ============================================================
[13/07/2026 13:14:41] PROCESSAMENTO FINALIZADO
[13/07/2026 13:14:41] Total: 1
[13/07/2026 13:14:41] Sucesso: 1
[13/07/2026 13:14:41] Pendentes: 0
[13/07/2026 13:14:41] Nenhum pendente encontrado.
[13/07/2026 13:14:49] Total atualizado: 0 registros encontrados.
[13/07/2026 14:06:08] Total atualizado: 4 registros encontrados.
[13/07/2026 14:15:00] Iniciando processo
[13/07/2026 14:15:01] 4 registros encontrados
[13/07/2026 14:15:01] Executando inserts...
[13/07/2026 14:15:01] INSERT OK - NUSEQ 26999182
[13/07/2026 14:15:01] INSERT OK - NUSEQ 26998711
[13/07/2026 14:15:01] INSERT OK - NUSEQ 26996395
[13/07/2026 14:15:01] INSERT OK - NUSEQ 26998629
[13/07/2026 14:15:01] Todos os inserts executados.
[13/07/2026 14:15:02] Reprocessamento iniciado.
[13/07/2026 14:15:02] NUSEQ 26996395 STATUS 177
[13/07/2026 14:15:02] NUSEQ 26998629 STATUS 177
[13/07/2026 14:15:02] NUSEQ 26998711 STATUS 177
[13/07/2026 14:15:02] NUSEQ 26999182 STATUS 177
[13/07/2026 14:15:12] NUSEQ 26996395 STATUS 177
[13/07/2026 14:15:12] NUSEQ 26998629 STATUS 177
[13/07/2026 14:15:12] NUSEQ 26998711 STATUS 177
[13/07/2026 14:15:12] NUSEQ 26999182 STATUS 177
[13/07/2026 14:15:22] NUSEQ 26996395 STATUS 161
[13/07/2026 14:15:23] SUCESSO: NUSEQ 26996395 -> ID 2R000000G5MFQ atualizado para grupo 39
[13/07/2026 14:15:23] NUSEQ 26998629 STATUS 161
[13/07/2026 14:15:23] SUCESSO: NUSEQ 26998629 -> ID 2R000000G5O6Z atualizado para grupo 39
[13/07/2026 14:15:23] NUSEQ 26998711 STATUS 177
[13/07/2026 14:15:23] NUSEQ 26999182 STATUS 177
[13/07/2026 14:15:33] NUSEQ 26998711 STATUS 161
[13/07/2026 14:15:34] SUCESSO: NUSEQ 26998711 -> ID 2R000000G5O98 atualizado para grupo 39
[13/07/2026 14:15:34] NUSEQ 26999182 STATUS 177
[13/07/2026 14:15:44] NUSEQ 26999182 STATUS 161
[13/07/2026 14:15:45] SUCESSO: NUSEQ 26999182 -> ID 2R000000G5OOB atualizado para grupo 39
[13/07/2026 14:15:45] ============================================================
[13/07/2026 14:15:45] PROCESSAMENTO FINALIZADO
[13/07/2026 14:15:45] Total: 4
[13/07/2026 14:15:45] Sucesso: 4
[13/07/2026 14:15:45] Pendentes: 0
[13/07/2026 14:15:45] Nenhum pendente encontrado.
[13/07/2026 14:15:53] Total atualizado: 0 registros encontrados.
[13/07/2026 14:17:20] Total atualizado: 0 registros encontrados.
[13/07/2026 14:33:38] Total atualizado: 1 registros encontrados.
[13/07/2026 14:56:15] Total atualizado: 1 registros encontrados.
[13/07/2026 14:56:28] Iniciando processo
[13/07/2026 14:56:28] 1 registros encontrados
[13/07/2026 14:56:28] Executando inserts...
[13/07/2026 14:56:28] INSERT OK - NUSEQ 27002092
[13/07/2026 14:56:28] Todos os inserts executados.
[13/07/2026 14:56:29] Reprocessamento iniciado.
[13/07/2026 14:56:29] NUSEQ 27002092 STATUS 177
[13/07/2026 14:56:39] NUSEQ 27002092 STATUS 161
[13/07/2026 14:56:40] SUCESSO: NUSEQ 27002092 -> ID 2R000000G5QY3 atualizado para grupo 39
[13/07/2026 14:56:40] ============================================================
[13/07/2026 14:56:40] PROCESSAMENTO FINALIZADO
[13/07/2026 14:56:40] Total: 1
[13/07/2026 14:56:40] Sucesso: 1
[13/07/2026 14:56:40] Pendentes: 0
[13/07/2026 14:56:40] Nenhum pendente encontrado.
[13/07/2026 14:56:48] Total atualizado: 0 registros encontrados.
[13/07/2026 15:00:35] Total atualizado: 0 registros encontrados.
[13/07/2026 15:31:43] Total atualizado: 0 registros encontrados.
[13/07/2026 16:40:23] Total atualizado: 4 registros encontrados.
[13/07/2026 16:43:26] Total atualizado: 5 registros encontrados.
[13/07/2026 16:43:43] Iniciando processo
[13/07/2026 16:43:44] 5 registros encontrados
[13/07/2026 16:43:44] Executando inserts...
[13/07/2026 16:43:45] INSERT OK - NUSEQ 27011985
[13/07/2026 16:43:45] INSERT OK - NUSEQ 27015013
[13/07/2026 16:43:46] ERRO INSERT 27014710 - duplicate key value violates unique constraint "pkefmplocalcomarca"
DETAIL:  Key (cdforo, cdtipolocal, cdlocal, cdcomarca)=(23, 9, 90123, 296) already exists.
[13/07/2026 16:43:47] INSERT OK - NUSEQ 27011408
[13/07/2026 16:43:48] INSERT OK - NUSEQ 27016094
[13/07/2026 16:43:48] Todos os inserts executados.
[13/07/2026 16:43:50] Reprocessamento iniciado.
[13/07/2026 16:43:51] NUSEQ 27011408 STATUS 177
[13/07/2026 16:43:51] NUSEQ 27011985 STATUS 177
[13/07/2026 16:43:51] NUSEQ 27014710 STATUS 177
[13/07/2026 16:43:51] NUSEQ 27015013 STATUS 177
[13/07/2026 16:43:51] NUSEQ 27016094 STATUS 177
[13/07/2026 16:44:03] NUSEQ 27011408 STATUS 177
[13/07/2026 16:44:03] NUSEQ 27011985 STATUS 177
[13/07/2026 16:44:03] NUSEQ 27014710 STATUS 177
[13/07/2026 16:44:03] NUSEQ 27015013 STATUS 177
[13/07/2026 16:44:03] NUSEQ 27016094 STATUS 177
[13/07/2026 16:44:14] NUSEQ 27011408 STATUS 177
[13/07/2026 16:44:14] NUSEQ 27011985 STATUS 177
[13/07/2026 16:44:14] NUSEQ 27014710 STATUS 177
[13/07/2026 16:44:14] NUSEQ 27015013 STATUS 177
[13/07/2026 16:44:14] NUSEQ 27016094 STATUS 177
[13/07/2026 16:44:25] NUSEQ 27011408 STATUS 161
[13/07/2026 16:44:28] SUCESSO: NUSEQ 27011408 -> ID 2R000000G5YDQ atualizado para grupo 39
[13/07/2026 16:44:28] NUSEQ 27011985 STATUS 177
[13/07/2026 16:44:28] NUSEQ 27014710 STATUS -1
[13/07/2026 16:44:28] NUSEQ 27015013 STATUS -1
[13/07/2026 16:44:28] NUSEQ 27016094 STATUS 161
[13/07/2026 16:44:30] SUCESSO: NUSEQ 27016094 -> ID 2R000000G6255 atualizado para grupo 39
[13/07/2026 16:44:40] NUSEQ 27011985 STATUS 177
[13/07/2026 16:44:40] NUSEQ 27014710 STATUS -1
[13/07/2026 16:44:40] NUSEQ 27015013 STATUS -1
[13/07/2026 16:44:50] NUSEQ 27011985 STATUS 177
[13/07/2026 16:44:50] NUSEQ 27014710 STATUS -1
[13/07/2026 16:44:50] NUSEQ 27015013 STATUS -1
[13/07/2026 16:45:01] NUSEQ 27011985 STATUS 177
[13/07/2026 16:45:01] NUSEQ 27014710 STATUS -1
[13/07/2026 16:45:01] NUSEQ 27015013 STATUS -1
[13/07/2026 16:45:11] NUSEQ 27011985 STATUS 177
[13/07/2026 16:45:11] NUSEQ 27014710 STATUS -1
[13/07/2026 16:45:11] NUSEQ 27015013 STATUS -1
[13/07/2026 16:45:21] NUSEQ 27011985 STATUS -1
[13/07/2026 16:45:21] NUSEQ 27014710 STATUS -1
[13/07/2026 16:45:21] NUSEQ 27015013 STATUS -1
[13/07/2026 16:45:31] NUSEQ 27011985 STATUS -1
[13/07/2026 16:45:31] NUSEQ 27014710 STATUS -1
[13/07/2026 16:45:31] NUSEQ 27015013 STATUS -1
[13/07/2026 16:45:41] NUSEQ 27011985 STATUS -1
[13/07/2026 16:45:41] NUSEQ 27014710 STATUS -1
[13/07/2026 16:45:41] NUSEQ 27015013 STATUS -1
[13/07/2026 16:45:51] NUSEQ 27011985 STATUS -1
[13/07/2026 16:45:51] NUSEQ 27014710 STATUS -1
[13/07/2026 16:45:51] NUSEQ 27015013 STATUS -1
[13/07/2026 16:46:02] NUSEQ 27011985 STATUS -1
[13/07/2026 16:46:02] NUSEQ 27014710 STATUS -1
[13/07/2026 16:46:02] NUSEQ 27015013 STATUS -1
[13/07/2026 16:46:12] NUSEQ 27011985 STATUS -1
[13/07/2026 16:46:12] NUSEQ 27014710 STATUS -1
[13/07/2026 16:46:12] NUSEQ 27015013 STATUS -1
[13/07/2026 16:46:22] NUSEQ 27011985 STATUS -1
[13/07/2026 16:46:22] NUSEQ 27014710 STATUS -1
[13/07/2026 16:46:22] NUSEQ 27015013 STATUS -1
[13/07/2026 16:46:32] NUSEQ 27011985 STATUS -1
[13/07/2026 16:46:32] NUSEQ 27014710 STATUS -1
[13/07/2026 16:46:32] NUSEQ 27015013 STATUS -1
[13/07/2026 16:48:21] Iniciando processo
[13/07/2026 16:48:21] 4 registros encontrados
[13/07/2026 16:48:21] Executando inserts...
[13/07/2026 16:48:21] INSERT OK - NUSEQ 27011985
[13/07/2026 16:48:22] INSERT OK - NUSEQ 27015013
[13/07/2026 16:48:22] ERRO INSERT 27014710 - duplicate key value violates unique constraint "pkefmplocalcomarca"
DETAIL:  Key (cdforo, cdtipolocal, cdlocal, cdcomarca)=(23, 9, 90123, 296) already exists.
[13/07/2026 16:48:22] INSERT OK - NUSEQ 27016436
[13/07/2026 16:48:22] Todos os inserts executados.
[13/07/2026 16:48:23] Reprocessamento iniciado.
[13/07/2026 16:48:23] NUSEQ 27011985 STATUS 177
[13/07/2026 16:48:23] NUSEQ 27014710 STATUS 177
[13/07/2026 16:48:23] NUSEQ 27015013 STATUS 177
[13/07/2026 16:48:23] NUSEQ 27016436 STATUS 177
[13/07/2026 16:48:33] NUSEQ 27011985 STATUS -1
[13/07/2026 16:48:33] NUSEQ 27014710 STATUS -1
[13/07/2026 16:48:33] NUSEQ 27015013 STATUS -1
[13/07/2026 16:48:33] NUSEQ 27016436 STATUS 161
[13/07/2026 16:48:34] SUCESSO: NUSEQ 27016436 -> ID 2R000000G62EN atualizado para grupo 39
[13/07/2026 16:48:44] NUSEQ 27011985 STATUS -1
[13/07/2026 16:48:44] NUSEQ 27014710 STATUS -1
[13/07/2026 16:48:44] NUSEQ 27015013 STATUS -1
[13/07/2026 16:48:54] NUSEQ 27011985 STATUS -1
[13/07/2026 16:48:54] NUSEQ 27014710 STATUS -1
[13/07/2026 16:48:54] NUSEQ 27015013 STATUS -1
[13/07/2026 16:49:04] NUSEQ 27011985 STATUS -1
[13/07/2026 16:49:04] NUSEQ 27014710 STATUS -1
[13/07/2026 16:49:04] NUSEQ 27015013 STATUS -1
[13/07/2026 16:49:58] Total atualizado: 3 registros encontrados.
[13/07/2026 16:50:03] Iniciando processo
[13/07/2026 16:50:03] 3 registros encontrados
[13/07/2026 16:50:03] Executando inserts...
[13/07/2026 16:50:04] ERRO INSERT 27011985 - duplicate key value violates unique constraint "pkefmplocalcomarca"
DETAIL:  Key (cdforo, cdtipolocal, cdlocal, cdcomarca)=(23, 9, 90111, 362) already exists.
[13/07/2026 16:50:04] ERRO INSERT 27015013 - duplicate key value violates unique constraint "pkefmplocalcomarca"
DETAIL:  Key (cdforo, cdtipolocal, cdlocal, cdcomarca)=(23, 9, 90123, 296) already exists.
[13/07/2026 16:50:05] ERRO INSERT 27014710 - duplicate key value violates unique constraint "pkefmplocalcomarca"
DETAIL:  Key (cdforo, cdtipolocal, cdlocal, cdcomarca)=(23, 9, 90123, 296) already exists.
[13/07/2026 16:50:05] Todos os inserts executados.
[13/07/2026 16:50:06] Reprocessamento iniciado.
[13/07/2026 16:50:07] NUSEQ 27011985 STATUS 177
[13/07/2026 16:50:07] NUSEQ 27014710 STATUS 177
[13/07/2026 16:50:07] NUSEQ 27015013 STATUS 177
[13/07/2026 16:50:17] NUSEQ 27011985 STATUS 177
[13/07/2026 16:50:17] NUSEQ 27014710 STATUS 177
[13/07/2026 16:50:17] NUSEQ 27015013 STATUS 177
[13/07/2026 16:50:27] NUSEQ 27011985 STATUS 177
[13/07/2026 16:50:27] NUSEQ 27014710 STATUS 161
[13/07/2026 16:50:28] SUCESSO: NUSEQ 27014710 -> ID 2R000000G60ZQ atualizado para grupo 39
[13/07/2026 16:50:28] NUSEQ 27015013 STATUS 161
[13/07/2026 16:50:29] SUCESSO: NUSEQ 27015013 -> ID 2R000000G6185 atualizado para grupo 39
[13/07/2026 16:50:39] NUSEQ 27011985 STATUS 161
[13/07/2026 16:50:39] SUCESSO: NUSEQ 27011985 -> ID 2R000000G5YTR atualizado para grupo 39
[13/07/2026 16:50:39] ============================================================
[13/07/2026 16:50:39] PROCESSAMENTO FINALIZADO
[13/07/2026 16:50:39] Total: 3
[13/07/2026 16:50:39] Sucesso: 3
[13/07/2026 16:50:39] Pendentes: 0
[13/07/2026 16:50:39] Nenhum pendente encontrado.
[13/07/2026 16:51:51] Total atualizado: 0 registros encontrados.
[13/07/2026 16:53:05] Total atualizado: 0 registros encontrados.
[13/07/2026 17:38:27] Total atualizado: 2 registros encontrados.
[13/07/2026 17:39:03] Iniciando processo
[13/07/2026 17:39:04] 2 registros encontrados
[13/07/2026 17:39:04] Executando inserts...
[13/07/2026 17:39:04] INSERT OK - NUSEQ 27020669
[13/07/2026 17:39:04] INSERT OK - NUSEQ 27020183
[13/07/2026 17:39:04] Todos os inserts executados.
[13/07/2026 17:39:05] Reprocessamento iniciado.
[13/07/2026 17:39:05] NUSEQ 27020183 STATUS 177
[13/07/2026 17:39:05] NUSEQ 27020669 STATUS 177
[13/07/2026 17:39:15] NUSEQ 27020183 STATUS 161
[13/07/2026 17:39:16] SUCESSO: NUSEQ 27020183 -> ID 2R000000G65GN atualizado para grupo 39
[13/07/2026 17:39:16] NUSEQ 27020669 STATUS 161
[13/07/2026 17:39:16] SUCESSO: NUSEQ 27020669 -> ID 2R000000G65U7 atualizado para grupo 39
[13/07/2026 17:39:16] ============================================================
[13/07/2026 17:39:16] PROCESSAMENTO FINALIZADO
[13/07/2026 17:39:16] Total: 2
[13/07/2026 17:39:16] Sucesso: 2
[13/07/2026 17:39:16] Pendentes: 0
[13/07/2026 17:39:16] Nenhum pendente encontrado.
[13/07/2026 17:59:57] Total atualizado: 2 registros encontrados.
[13/07/2026 18:00:07] Iniciando processo
[13/07/2026 18:00:08] 2 registros encontrados
[13/07/2026 18:00:08] Executando inserts...
[13/07/2026 18:00:08] INSERT OK - NUSEQ 27021299
[13/07/2026 18:00:08] INSERT OK - NUSEQ 27021301
[13/07/2026 18:00:08] Todos os inserts executados.
[13/07/2026 18:00:09] Reprocessamento iniciado.
[13/07/2026 18:00:09] NUSEQ 27021299 STATUS 177
[13/07/2026 18:00:09] NUSEQ 27021301 STATUS 177
[13/07/2026 18:00:19] NUSEQ 27021299 STATUS 161
[13/07/2026 18:00:20] SUCESSO: NUSEQ 27021299 -> ID 2R000000G66C5 atualizado para grupo 39
[13/07/2026 18:00:20] NUSEQ 27021301 STATUS 161
[13/07/2026 18:00:20] SUCESSO: NUSEQ 27021301 -> ID 2R000000G66C7 atualizado para grupo 39
[13/07/2026 18:00:20] ============================================================
[13/07/2026 18:00:20] PROCESSAMENTO FINALIZADO
[13/07/2026 18:00:20] Total: 2
[13/07/2026 18:00:20] Sucesso: 2
[13/07/2026 18:00:20] Pendentes: 0
[13/07/2026 18:00:20] Nenhum pendente encontrado.
[13/07/2026 18:02:02] Total atualizado: 0 registros encontrados.
[13/07/2026 18:02:17] Total atualizado: 0 registros encontrados.
[13/07/2026 18:02:29] Iniciando processo
[13/07/2026 18:02:29] Nenhum registro encontrado.
[13/07/2026 19:45:01] Total atualizado: 0 registros encontrados.
[14/07/2026 09:09:00] Total atualizado: 3 registros encontrados.
[14/07/2026 09:09:10] Iniciando processo
[14/07/2026 09:09:10] 3 registros encontrados
[14/07/2026 09:09:10] Executando inserts...
[14/07/2026 09:09:10] INSERT OK - NUSEQ 27027705
[14/07/2026 09:09:10] INSERT OK - NUSEQ 27024981
[14/07/2026 09:09:10] INSERT OK - NUSEQ 27024776
[14/07/2026 09:09:11] Todos os inserts executados.
[14/07/2026 09:09:11] Reprocessamento iniciado.
[14/07/2026 09:09:11] NUSEQ 27024776 STATUS 177
[14/07/2026 09:09:11] NUSEQ 27024981 STATUS 177
[14/07/2026 09:09:11] NUSEQ 27027705 STATUS 177
[14/07/2026 09:09:21] NUSEQ 27024776 STATUS 161
[14/07/2026 09:09:22] SUCESSO: NUSEQ 27024776 -> ID 2R000000G6965 atualizado para grupo 39
[14/07/2026 09:09:22] NUSEQ 27024981 STATUS 161
[14/07/2026 09:09:22] SUCESSO: NUSEQ 27024981 -> ID 2R000000G69CL atualizado para grupo 39
[14/07/2026 09:09:22] NUSEQ 27027705 STATUS 161
[14/07/2026 09:09:22] SUCESSO: NUSEQ 27027705 -> ID 2R000000G6BK7 atualizado para grupo 39
[14/07/2026 09:09:22] ============================================================
[14/07/2026 09:09:22] PROCESSAMENTO FINALIZADO
[14/07/2026 09:09:22] Total: 3
[14/07/2026 09:09:22] Sucesso: 3
[14/07/2026 09:09:22] Pendentes: 0
[14/07/2026 09:09:22] Nenhum pendente encontrado.
[14/07/2026 09:16:51] Total atualizado: 0 registros encontrados.
[14/07/2026 09:31:56] Total atualizado: 1 registros encontrados.
[14/07/2026 09:32:21] Iniciando processo
[14/07/2026 09:32:21] 1 registros encontrados
[14/07/2026 09:32:21] Executando inserts...
[14/07/2026 09:32:21] INSERT OK - NUSEQ 27028899
[14/07/2026 09:32:22] Todos os inserts executados.
[14/07/2026 09:32:22] Reprocessamento iniciado.
[14/07/2026 09:32:23] NUSEQ 27028899 STATUS 177
[14/07/2026 09:32:33] NUSEQ 27028899 STATUS 161
[14/07/2026 09:32:33] SUCESSO: NUSEQ 27028899 -> ID 2R000000G6CHJ atualizado para grupo 39
[14/07/2026 09:32:33] ============================================================
[14/07/2026 09:32:33] PROCESSAMENTO FINALIZADO
[14/07/2026 09:32:33] Total: 1
[14/07/2026 09:32:33] Sucesso: 1
[14/07/2026 09:32:33] Pendentes: 0
[14/07/2026 09:32:33] Nenhum pendente encontrado.
[14/07/2026 11:22:00] Total atualizado: 1 registros encontrados.
[14/07/2026 11:22:07] Iniciando processo
[14/07/2026 11:22:08] 1 registros encontrados
[14/07/2026 11:22:08] Executando inserts...
[14/07/2026 11:22:08] ERRO INSERT 27037825 - duplicate key value violates unique constraint "pkefmplocalcomarca"
DETAIL:  Key (cdforo, cdtipolocal, cdlocal, cdcomarca)=(23, 9, 90544, 50) already exists.
[14/07/2026 11:22:08] Todos os inserts executados.
[14/07/2026 11:22:09] Reprocessamento iniciado.
[14/07/2026 11:22:10] NUSEQ 27037825 STATUS 177
[14/07/2026 11:22:20] NUSEQ 27037825 STATUS -1
[14/07/2026 11:22:30] NUSEQ 27037825 STATUS -1
[14/07/2026 11:22:41] NUSEQ 27037825 STATUS -1
[14/07/2026 11:22:51] NUSEQ 27037825 STATUS -1
[14/07/2026 11:23:01] NUSEQ 27037825 STATUS -1
[14/07/2026 11:23:12] NUSEQ 27037825 STATUS -1
[14/07/2026 11:23:22] NUSEQ 27037825 STATUS -1
[14/07/2026 11:23:33] NUSEQ 27037825 STATUS -1
[14/07/2026 11:23:44] NUSEQ 27037825 STATUS -1
[14/07/2026 11:23:54] NUSEQ 27037825 STATUS -1
[14/07/2026 11:24:05] NUSEQ 27037825 STATUS -1
[14/07/2026 11:24:16] NUSEQ 27037825 STATUS -1
[14/07/2026 11:24:26] NUSEQ 27037825 STATUS -1
[14/07/2026 11:24:37] NUSEQ 27037825 STATUS -1
[14/07/2026 11:24:48] NUSEQ 27037825 STATUS -1
[14/07/2026 11:24:58] NUSEQ 27037825 STATUS -1
[14/07/2026 11:25:08] NUSEQ 27037825 STATUS -1
[14/07/2026 11:25:19] NUSEQ 27037825 STATUS -1
[14/07/2026 11:25:19] TIMEOUT: NUSEQ 27037825 não chegou ao status 161
[14/07/2026 11:25:19] ============================================================
[14/07/2026 11:25:19] PROCESSAMENTO FINALIZADO
[14/07/2026 11:25:19] Total: 1
[14/07/2026 11:25:19] Sucesso: 0
[14/07/2026 11:25:19] Pendentes: 1
[14/07/2026 11:25:19] SQL de pendentes gerado.
[14/07/2026 12:01:49] Total atualizado: 0 registros encontrados.
[14/07/2026 12:14:46] Total atualizado: 0 registros encontrados.
[14/07/2026 13:07:02] Total atualizado: 0 registros encontrados.
[14/07/2026 13:12:15] Total atualizado: 0 registros encontrados.
[14/07/2026 14:28:20] Total atualizado: 2 registros encontrados.
[14/07/2026 14:28:31] Iniciando processo
[14/07/2026 14:28:32] 2 registros encontrados
[14/07/2026 14:28:32] Executando inserts...
[14/07/2026 14:28:32] INSERT OK - NUSEQ 27050432
[14/07/2026 14:28:32] INSERT OK - NUSEQ 27051894
[14/07/2026 14:28:32] Todos os inserts executados.
[14/07/2026 14:28:33] Reprocessamento iniciado.
[14/07/2026 14:28:33] NUSEQ 27050432 STATUS 177
[14/07/2026 14:28:33] NUSEQ 27051894 STATUS 177
[14/07/2026 14:28:43] NUSEQ 27050432 STATUS 161
[14/07/2026 14:28:44] SUCESSO: NUSEQ 27050432 -> ID 2R000000G6TG9 atualizado para grupo 39
[14/07/2026 14:28:44] NUSEQ 27051894 STATUS 161
[14/07/2026 14:28:44] SUCESSO: NUSEQ 27051894 -> ID 2R000000G6UMW atualizado para grupo 39
[14/07/2026 14:28:44] ============================================================
[14/07/2026 14:28:44] PROCESSAMENTO FINALIZADO
[14/07/2026 14:28:44] Total: 2
[14/07/2026 14:28:44] Sucesso: 2
[14/07/2026 14:28:44] Pendentes: 0
[14/07/2026 14:28:44] Nenhum pendente encontrado.
[14/07/2026 14:28:50] Total atualizado: 0 registros encontrados.
[14/07/2026 16:49:39] Total atualizado: 4 registros encontrados.
[14/07/2026 16:51:49] Total atualizado: 5 registros encontrados.
[14/07/2026 16:51:59] Iniciando processo
[14/07/2026 16:52:00] 5 registros encontrados
[14/07/2026 16:52:00] Executando inserts...
[14/07/2026 16:52:00] INSERT OK - NUSEQ 27069931
[14/07/2026 16:52:01] INSERT OK - NUSEQ 27068496
[14/07/2026 16:52:01] INSERT OK - NUSEQ 27057674
[14/07/2026 16:52:01] INSERT OK - NUSEQ 27067559
[14/07/2026 16:52:01] INSERT OK - NUSEQ 27066541
[14/07/2026 16:52:02] Todos os inserts executados.
[14/07/2026 16:52:03] Reprocessamento iniciado.
[14/07/2026 16:52:03] NUSEQ 27057674 STATUS 177
[14/07/2026 16:52:03] NUSEQ 27066541 STATUS 177
[14/07/2026 16:52:03] NUSEQ 27067559 STATUS 177
[14/07/2026 16:52:03] NUSEQ 27068496 STATUS 177
[14/07/2026 16:52:03] NUSEQ 27069931 STATUS 177
[14/07/2026 16:52:13] NUSEQ 27057674 STATUS 177
[14/07/2026 16:52:13] NUSEQ 27066541 STATUS 177
[14/07/2026 16:52:13] NUSEQ 27067559 STATUS 177
[14/07/2026 16:52:13] NUSEQ 27068496 STATUS 177
[14/07/2026 16:52:13] NUSEQ 27069931 STATUS 177
[14/07/2026 16:52:23] NUSEQ 27057674 STATUS 161
[14/07/2026 16:52:24] SUCESSO: NUSEQ 27057674 -> ID 2R000000G6ZAX atualizado para grupo 39
[14/07/2026 16:52:24] NUSEQ 27066541 STATUS 161
[14/07/2026 16:52:25] SUCESSO: NUSEQ 27066541 -> ID 2R000000G76BM atualizado para grupo 39
[14/07/2026 16:52:25] NUSEQ 27067559 STATUS 177
[14/07/2026 16:52:25] NUSEQ 27068496 STATUS 177
[14/07/2026 16:52:25] NUSEQ 27069931 STATUS 177
[14/07/2026 16:52:35] NUSEQ 27067559 STATUS 161
[14/07/2026 16:52:35] SUCESSO: NUSEQ 27067559 -> ID 2R000000G775T atualizado para grupo 39
[14/07/2026 16:52:35] NUSEQ 27068496 STATUS 161
[14/07/2026 16:52:36] SUCESSO: NUSEQ 27068496 -> ID 2R000000G77VV atualizado para grupo 39
[14/07/2026 16:52:36] NUSEQ 27069931 STATUS 177
[14/07/2026 16:52:46] NUSEQ 27069931 STATUS 177
[14/07/2026 16:52:56] NUSEQ 27069931 STATUS 161
[14/07/2026 16:52:57] SUCESSO: NUSEQ 27069931 -> ID 2R000000G78ZY atualizado para grupo 39
[14/07/2026 16:52:57] ============================================================
[14/07/2026 16:52:57] PROCESSAMENTO FINALIZADO
[14/07/2026 16:52:57] Total: 5
[14/07/2026 16:52:57] Sucesso: 5
[14/07/2026 16:52:57] Pendentes: 0
[14/07/2026 16:52:57] Nenhum pendente encontrado.
[14/07/2026 16:56:11] Total atualizado: 0 registros encontrados.
[14/07/2026 17:14:00] Iniciando processo
[14/07/2026 17:14:02] 1 registros encontrados
[14/07/2026 17:14:02] Executando inserts...
[14/07/2026 17:14:02] INSERT OK - NUSEQ 27070572
[14/07/2026 17:14:03] Todos os inserts executados.
[14/07/2026 17:14:04] Reprocessamento iniciado.
[14/07/2026 17:14:04] NUSEQ 27070572 STATUS 177
[14/07/2026 17:14:15] NUSEQ 27070572 STATUS 177
[14/07/2026 17:14:25] NUSEQ 27070572 STATUS 177
[14/07/2026 17:14:35] NUSEQ 27070572 STATUS 161
[14/07/2026 17:14:36] SUCESSO: NUSEQ 27070572 -> ID 2R000000G79IS atualizado para grupo 39
[14/07/2026 17:14:36] ============================================================
[14/07/2026 17:14:36] PROCESSAMENTO FINALIZADO
[14/07/2026 17:14:36] Total: 1
[14/07/2026 17:14:36] Sucesso: 1
[14/07/2026 17:14:36] Pendentes: 0
[14/07/2026 17:14:36] Nenhum pendente encontrado.
[14/07/2026 17:15:21] Total atualizado: 0 registros encontrados.
[14/07/2026 17:22:43] Total atualizado: 0 registros encontrados.
[14/07/2026 17:37:56] Total atualizado: 0 registros encontrados.
[14/07/2026 17:38:12] Total atualizado: 0 registros encontrados.
[14/07/2026 17:38:30] Total atualizado: 0 registros encontrados.
[14/07/2026 17:40:00] Total atualizado: 0 registros encontrados.
[14/07/2026 17:49:46] Total atualizado: 0 registros encontrados.
[14/07/2026 19:04:03] Total atualizado: 0 registros encontrados.
[14/07/2026 19:06:00] Total atualizado: 0 registros encontrados.
[14/07/2026 23:13:49] Total atualizado: 1 registros encontrados.
[14/07/2026 23:14:03] Iniciando processo
[14/07/2026 23:14:03] 1 registros encontrados
[14/07/2026 23:14:03] Executando inserts iniciais...
[14/07/2026 23:14:04] INSERT OK - NUSEQ 27076159
[14/07/2026 23:14:04] Todos os inserts iniciais executados.
[14/07/2026 23:14:06] Reprocessamento inicial iniciado.
[14/07/2026 23:14:06] NUSEQ 27076159 STATUS 177
[14/07/2026 23:14:17] NUSEQ 27076159 STATUS 161
[14/07/2026 23:14:18] SUCESSO: NUSEQ 27076159 -> ID 2R000000G7DXO atualizado para grupo 39
[14/07/2026 23:14:18] ============================================================
[14/07/2026 23:14:18] PROCESSAMENTO FINALIZADO
[14/07/2026 23:14:18] Total: 1
[14/07/2026 23:14:18] Sucesso: 1
[14/07/2026 23:14:18] Pendentes: 0
[14/07/2026 23:14:18] Nenhum pendente encontrado.
[15/07/2026 09:26:24] Total atualizado: 2 registros encontrados.
[15/07/2026 09:26:35] Iniciando processo
[15/07/2026 09:26:35] 2 registros encontrados
[15/07/2026 09:26:35] Executando inserts iniciais...
[15/07/2026 09:26:36] INSERT OK - NUSEQ 27078069
[15/07/2026 09:26:36] INSERT OK - NUSEQ 27079564
[15/07/2026 09:26:36] Todos os inserts iniciais executados.
[15/07/2026 09:26:37] Reprocessamento inicial iniciado.
[15/07/2026 09:26:37] NUSEQ 27078069 STATUS 177
[15/07/2026 09:26:37] NUSEQ 27079564 STATUS 177
[15/07/2026 09:26:48] NUSEQ 27078069 STATUS 161
[15/07/2026 09:26:48] SUCESSO: NUSEQ 27078069 -> ID 2R000000G7FG9 atualizado para grupo 39
[15/07/2026 09:26:48] NUSEQ 27079564 STATUS 161
[15/07/2026 09:26:48] SUCESSO: NUSEQ 27079564 -> ID 2R000000G7GMB atualizado para grupo 39
[15/07/2026 09:26:49] ============================================================
[15/07/2026 09:26:49] PROCESSAMENTO FINALIZADO
[15/07/2026 09:26:49] Total: 2
[15/07/2026 09:26:49] Sucesso: 2
[15/07/2026 09:26:49] Pendentes: 0
[15/07/2026 09:26:49] Nenhum pendente encontrado.
[15/07/2026 09:26:55] Total atualizado: 0 registros encontrados.
[15/07/2026 09:53:03] Total atualizado: 1 registros encontrados.
[15/07/2026 11:42:29] Total atualizado: 11 registros encontrados.
[15/07/2026 11:42:37] Iniciando processo
[15/07/2026 11:42:37] 11 registros encontrados
[15/07/2026 11:42:37] Executando inserts iniciais...
[15/07/2026 11:42:38] INSERT OK - NUSEQ 27092484
[15/07/2026 11:42:38] INSERT DUPLICADO IGNORADO - NUSEQ 27092473
[15/07/2026 11:42:38] INSERT DUPLICADO IGNORADO - NUSEQ 27092478
[15/07/2026 11:42:38] INSERT DUPLICADO IGNORADO - NUSEQ 27090869
[15/07/2026 11:42:38] INSERT DUPLICADO IGNORADO - NUSEQ 27090918
[15/07/2026 11:42:38] INSERT DUPLICADO IGNORADO - NUSEQ 27090917
[15/07/2026 11:42:38] INSERT OK - NUSEQ 27087824
[15/07/2026 11:42:39] INSERT OK - NUSEQ 27092753
[15/07/2026 11:42:39] INSERT OK - NUSEQ 27087857
[15/07/2026 11:42:40] INSERT OK - NUSEQ 27092841
[15/07/2026 11:42:40] INSERT OK - NUSEQ 27082318
[15/07/2026 11:42:40] Todos os inserts iniciais executados.
[15/07/2026 11:42:46] Reprocessamento inicial iniciado.
[15/07/2026 11:42:47] NUSEQ 27082318 STATUS 177
[15/07/2026 11:42:47] NUSEQ 27087824 STATUS 177
[15/07/2026 11:42:47] NUSEQ 27087857 STATUS 177
[15/07/2026 11:42:47] NUSEQ 27090869 STATUS 177
[15/07/2026 11:42:47] NUSEQ 27090917 STATUS 177
[15/07/2026 11:42:47] NUSEQ 27090918 STATUS 177
[15/07/2026 11:42:47] NUSEQ 27092473 STATUS 177
[15/07/2026 11:42:47] NUSEQ 27092478 STATUS 177
[15/07/2026 11:42:47] NUSEQ 27092484 STATUS 177
[15/07/2026 11:42:47] NUSEQ 27092753 STATUS 177
[15/07/2026 11:42:47] NUSEQ 27092841 STATUS 177
[15/07/2026 11:42:57] NUSEQ 27082318 STATUS 161
[15/07/2026 11:42:57] SUCESSO: NUSEQ 27082318 -> ID 2R000000G7ISJ atualizado para grupo 39
[15/07/2026 11:42:57] NUSEQ 27087824 STATUS -1
[15/07/2026 11:42:58] NUSEQ 27087857 STATUS 177
[15/07/2026 11:42:58] NUSEQ 27090869 STATUS 177
[15/07/2026 11:42:58] NUSEQ 27090917 STATUS 177
[15/07/2026 11:42:58] NUSEQ 27090918 STATUS 177
[15/07/2026 11:42:58] NUSEQ 27092473 STATUS 177
[15/07/2026 11:42:58] NUSEQ 27092478 STATUS 177
[15/07/2026 11:42:58] NUSEQ 27092484 STATUS 177
[15/07/2026 11:42:58] NUSEQ 27092753 STATUS 177
[15/07/2026 11:42:58] NUSEQ 27092841 STATUS 177
[15/07/2026 11:43:08] NUSEQ 27087824 STATUS -1
[15/07/2026 11:43:08] NUSEQ 27087857 STATUS 161
[15/07/2026 11:43:08] SUCESSO: NUSEQ 27087857 -> ID 2R000000G7N5V atualizado para grupo 39
[15/07/2026 11:43:08] NUSEQ 27090869 STATUS 161
[15/07/2026 11:43:09] SUCESSO: NUSEQ 27090869 -> ID 2R000000G7PJY atualizado para grupo 39
[15/07/2026 11:43:09] NUSEQ 27090917 STATUS 161
[15/07/2026 11:43:10] SUCESSO: NUSEQ 27090917 -> ID 2R000000G7PLA atualizado para grupo 39
[15/07/2026 11:43:10] NUSEQ 27090918 STATUS 161
[15/07/2026 11:43:11] SUCESSO: NUSEQ 27090918 -> ID 2R000000G7PLB atualizado para grupo 39
[15/07/2026 11:43:11] NUSEQ 27092473 STATUS 161
[15/07/2026 11:43:11] SUCESSO: NUSEQ 27092473 -> ID 2R000000G7QTV atualizado para grupo 39
[15/07/2026 11:43:11] NUSEQ 27092478 STATUS 161
[15/07/2026 11:43:12] SUCESSO: NUSEQ 27092478 -> ID 2R000000G7QU0 atualizado para grupo 39
[15/07/2026 11:43:12] NUSEQ 27092484 STATUS 161
[15/07/2026 11:43:12] SUCESSO: NUSEQ 27092484 -> ID 2R000000G7QU6 atualizado para grupo 39
[15/07/2026 11:43:12] NUSEQ 27092753 STATUS 177
[15/07/2026 11:43:12] NUSEQ 27092841 STATUS 161
[15/07/2026 11:43:13] SUCESSO: NUSEQ 27092841 -> ID 2R000000G7R43 atualizado para grupo 39
[15/07/2026 11:43:23] NUSEQ 27087824 STATUS -1
[15/07/2026 11:43:23] NUSEQ 27092753 STATUS 161
[15/07/2026 11:43:23] SUCESSO: NUSEQ 27092753 -> ID 2R000000G7R1N atualizado para grupo 39
[15/07/2026 11:43:33] NUSEQ 27087824 STATUS -1
[15/07/2026 11:43:44] NUSEQ 27087824 STATUS -1
[15/07/2026 11:43:54] NUSEQ 27087824 STATUS -1
[15/07/2026 11:44:04] NUSEQ 27087824 STATUS -1
[15/07/2026 11:44:14] NUSEQ 27087824 STATUS -1
[15/07/2026 11:44:24] NUSEQ 27087824 STATUS -1
[15/07/2026 11:44:35] NUSEQ 27087824 STATUS -1
[15/07/2026 11:44:45] NUSEQ 27087824 STATUS -1
[15/07/2026 11:44:55] NUSEQ 27087824 STATUS -1
[15/07/2026 11:45:05] NUSEQ 27087824 STATUS -1
[15/07/2026 11:45:15] NUSEQ 27087824 STATUS -1
[15/07/2026 11:45:25] NUSEQ 27087824 STATUS -1
[15/07/2026 11:45:36] NUSEQ 27087824 STATUS -1
[15/07/2026 11:45:46] NUSEQ 27087824 STATUS -1
[15/07/2026 11:45:56] NUSEQ 27087824 STATUS -1
[15/07/2026 11:45:56] FORO IDENTIFICADO: 'Foro Central Criminal Barra Funda' -> CDFORO 50
[15/07/2026 11:45:57] INSERT CORRIGIDO EXECUTADO - NUSEQ 27087824 com CDCOMARCA 19
[15/07/2026 11:45:57] NUSEQ 27087824 reprocessado novamente após correção do foro.
[15/07/2026 11:46:08] NUSEQ 27087824 STATUS -1
[15/07/2026 11:46:18] NUSEQ 27087824 STATUS -1
[15/07/2026 11:46:28] NUSEQ 27087824 STATUS -1
[15/07/2026 11:46:38] NUSEQ 27087824 STATUS -1
[15/07/2026 11:46:49] NUSEQ 27087824 STATUS -1
[15/07/2026 11:46:59] NUSEQ 27087824 STATUS -1
[15/07/2026 11:47:09] NUSEQ 27087824 STATUS -1
[15/07/2026 11:47:19] NUSEQ 27087824 STATUS -1
[15/07/2026 11:47:29] NUSEQ 27087824 STATUS -1
[15/07/2026 11:47:40] NUSEQ 27087824 STATUS -1
[15/07/2026 11:47:50] NUSEQ 27087824 STATUS -1
[15/07/2026 11:48:00] NUSEQ 27087824 STATUS -1
[15/07/2026 11:48:11] NUSEQ 27087824 STATUS 177
[15/07/2026 11:48:21] NUSEQ 27087824 STATUS 161
[15/07/2026 11:48:21] SUCESSO: NUSEQ 27087824 -> ID 2R000000G7N4Y atualizado para grupo 39
[15/07/2026 11:48:21] ============================================================
[15/07/2026 11:48:21] PROCESSAMENTO FINALIZADO
[15/07/2026 11:48:21] Total: 11
[15/07/2026 11:48:21] Sucesso: 11
[15/07/2026 11:48:21] Pendentes: 0
[15/07/2026 11:48:21] Nenhum pendente encontrado.
[15/07/2026 12:06:11] Total atualizado: 0 registros encontrados.
[15/07/2026 12:57:54] Total atualizado: 2 registros encontrados.
[15/07/2026 13:08:50] Iniciando processo
[15/07/2026 13:08:50] 2 registros encontrados
[15/07/2026 13:08:50] Executando inserts iniciais...
[15/07/2026 13:08:51] INSERT OK - NUSEQ 27096212
[15/07/2026 13:08:51] INSERT OK - NUSEQ 27096216
[15/07/2026 13:08:51] Todos os inserts iniciais executados.
[15/07/2026 13:08:53] Reprocessamento inicial iniciado.
[15/07/2026 13:08:53] NUSEQ 27096212 STATUS 177
[15/07/2026 13:08:53] NUSEQ 27096216 STATUS 177
[15/07/2026 13:09:04] NUSEQ 27096212 STATUS 161
[15/07/2026 13:09:04] SUCESSO: NUSEQ 27096212 -> ID 2R000000G7TRX atualizado para grupo 39
[15/07/2026 13:09:04] NUSEQ 27096216 STATUS 161
[15/07/2026 13:09:04] SUCESSO: NUSEQ 27096216 -> ID 2R000000G7TS1 atualizado para grupo 39
[15/07/2026 13:09:04] ============================================================
[15/07/2026 13:09:04] PROCESSAMENTO FINALIZADO
[15/07/2026 13:09:04] Total: 2
[15/07/2026 13:09:04] Sucesso: 2
[15/07/2026 13:09:04] Pendentes: 0
[15/07/2026 13:09:04] Nenhum pendente encontrado.
[15/07/2026 13:09:23] Total atualizado: 0 registros encontrados.
[15/07/2026 13:20:10] Total atualizado: 0 registros encontrados.
[15/07/2026 14:51:28] Total atualizado: 5 registros encontrados.
[15/07/2026 14:51:38] Iniciando processo
[15/07/2026 14:51:38] 5 registros encontrados
[15/07/2026 14:51:38] Executando inserts iniciais...
[15/07/2026 14:51:39] INSERT OK - NUSEQ 27101295
[15/07/2026 14:51:40] INSERT OK - NUSEQ 27100210
[15/07/2026 14:51:40] INSERT DUPLICADO IGNORADO - NUSEQ 27100203
[15/07/2026 14:51:40] INSERT OK - NUSEQ 27101310
[15/07/2026 14:51:41] INSERT OK - NUSEQ 27103303
[15/07/2026 14:51:41] Todos os inserts iniciais executados.
[15/07/2026 14:51:42] Reprocessamento inicial iniciado.
[15/07/2026 14:51:43] NUSEQ 27100203 STATUS 177
[15/07/2026 14:51:43] NUSEQ 27100210 STATUS 177
[15/07/2026 14:51:43] NUSEQ 27101295 STATUS 177
[15/07/2026 14:51:43] NUSEQ 27101310 STATUS 177
[15/07/2026 14:51:43] NUSEQ 27103303 STATUS 177
[15/07/2026 14:51:53] NUSEQ 27100203 STATUS 177
[15/07/2026 14:51:53] NUSEQ 27100210 STATUS 177
[15/07/2026 14:51:53] NUSEQ 27101295 STATUS 177
[15/07/2026 14:51:53] NUSEQ 27101310 STATUS 177
[15/07/2026 14:51:53] NUSEQ 27103303 STATUS 177
[15/07/2026 14:52:03] NUSEQ 27100203 STATUS 177
[15/07/2026 14:52:03] NUSEQ 27100210 STATUS 177
[15/07/2026 14:52:03] NUSEQ 27101295 STATUS 161
[15/07/2026 14:52:03] SUCESSO: NUSEQ 27101295 -> ID 2R000000G7XSF atualizado para grupo 39
[15/07/2026 14:52:04] NUSEQ 27101310 STATUS 177
[15/07/2026 14:52:04] NUSEQ 27103303 STATUS 177
[15/07/2026 14:52:14] NUSEQ 27100203 STATUS 161
[15/07/2026 14:52:15] SUCESSO: NUSEQ 27100203 -> ID 2R000000G7WWX atualizado para grupo 39
[15/07/2026 14:52:15] NUSEQ 27100210 STATUS 161
[15/07/2026 14:52:16] SUCESSO: NUSEQ 27100210 -> ID 2R000000G7WX4 atualizado para grupo 39
[15/07/2026 14:52:16] NUSEQ 27101310 STATUS 161
[15/07/2026 14:52:17] SUCESSO: NUSEQ 27101310 -> ID 2R000000G7XSU atualizado para grupo 39
[15/07/2026 14:52:17] NUSEQ 27103303 STATUS 161
[15/07/2026 14:52:18] SUCESSO: NUSEQ 27103303 -> ID 2R000000G7ZDD atualizado para grupo 39
[15/07/2026 14:52:18] ============================================================
[15/07/2026 14:52:18] PROCESSAMENTO FINALIZADO
[15/07/2026 14:52:18] Total: 5
[15/07/2026 14:52:18] Sucesso: 5
[15/07/2026 14:52:18] Pendentes: 0
[15/07/2026 14:52:18] Nenhum pendente encontrado.
[15/07/2026 15:45:28] Total atualizado: 4 registros encontrados.
[15/07/2026 15:45:35] Iniciando processo
[15/07/2026 15:45:35] 4 registros encontrados
[15/07/2026 15:45:35] Executando inserts iniciais...
[15/07/2026 15:45:36] INSERT OK - NUSEQ 27108855
[15/07/2026 15:45:36] INSERT OK - NUSEQ 27108152
[15/07/2026 15:45:36] INSERT OK - NUSEQ 27108330
[15/07/2026 15:45:37] INSERT OK - NUSEQ 27111532
[15/07/2026 15:45:37] Todos os inserts iniciais executados.
[15/07/2026 15:45:39] Reprocessamento inicial iniciado.
[15/07/2026 15:45:39] NUSEQ 27108152 STATUS 177
[15/07/2026 15:45:39] NUSEQ 27108330 STATUS 177
[15/07/2026 15:45:39] NUSEQ 27108855 STATUS 177
[15/07/2026 15:45:39] NUSEQ 27111532 STATUS 177
[15/07/2026 15:45:49] NUSEQ 27108152 STATUS 177
[15/07/2026 15:45:49] NUSEQ 27108330 STATUS 177
[15/07/2026 15:45:49] NUSEQ 27108855 STATUS 177
[15/07/2026 15:45:49] NUSEQ 27111532 STATUS 177
[15/07/2026 15:45:59] NUSEQ 27108152 STATUS 161
[15/07/2026 15:46:00] SUCESSO: NUSEQ 27108152 -> ID 2R000000G839O atualizado para grupo 39
[15/07/2026 15:46:00] NUSEQ 27108330 STATUS 161
[15/07/2026 15:46:00] SUCESSO: NUSEQ 27108330 -> ID 2R000000G83EM atualizado para grupo 39
[15/07/2026 15:46:00] NUSEQ 27108855 STATUS -1
[15/07/2026 15:46:00] NUSEQ 27111532 STATUS 177
[15/07/2026 15:46:10] NUSEQ 27108855 STATUS -1
[15/07/2026 15:46:10] NUSEQ 27111532 STATUS 177
[15/07/2026 15:46:20] NUSEQ 27108855 STATUS -1
[15/07/2026 15:46:20] NUSEQ 27111532 STATUS 177
[15/07/2026 15:46:31] NUSEQ 27108855 STATUS -1
[15/07/2026 15:46:31] NUSEQ 27111532 STATUS 161
[15/07/2026 15:46:31] SUCESSO: NUSEQ 27111532 -> ID 2R000000G85Z5 atualizado para grupo 39
[15/07/2026 15:46:41] NUSEQ 27108855 STATUS -1
[15/07/2026 15:46:52] NUSEQ 27108855 STATUS -1
[15/07/2026 15:47:02] NUSEQ 27108855 STATUS -1
[15/07/2026 15:47:12] NUSEQ 27108855 STATUS -1
[15/07/2026 15:47:22] NUSEQ 27108855 STATUS -1
[15/07/2026 15:47:32] NUSEQ 27108855 STATUS -1
[15/07/2026 15:47:43] NUSEQ 27108855 STATUS -1
[15/07/2026 15:47:53] NUSEQ 27108855 STATUS -1
[15/07/2026 15:48:03] NUSEQ 27108855 STATUS -1
[15/07/2026 15:48:13] NUSEQ 27108855 STATUS -1
[15/07/2026 15:48:23] NUSEQ 27108855 STATUS -1
[15/07/2026 15:48:33] NUSEQ 27108855 STATUS -1
[15/07/2026 15:48:44] NUSEQ 27108855 STATUS -1
[15/07/2026 15:48:44] ERRO AO EXECUTAR INSERT EFMPVINCLOCALORIGEM PARA NUSEQ 27108855: only '%s', '%b', '%t' are allowed as placeholders, got '%a'
[15/07/2026 15:48:54] NUSEQ 27108855 STATUS -1
[15/07/2026 15:49:04] NUSEQ 27108855 STATUS -1
[15/07/2026 15:49:14] NUSEQ 27108855 STATUS -1
[15/07/2026 15:49:25] NUSEQ 27108855 STATUS -1
[15/07/2026 15:49:35] NUSEQ 27108855 STATUS -1
[15/07/2026 15:49:45] NUSEQ 27108855 STATUS -1
[15/07/2026 15:49:55] NUSEQ 27108855 STATUS -1
[15/07/2026 15:50:05] NUSEQ 27108855 STATUS -1
[15/07/2026 15:50:16] NUSEQ 27108855 STATUS -1
[15/07/2026 15:50:26] NUSEQ 27108855 STATUS -1
[15/07/2026 15:50:36] NUSEQ 27108855 STATUS -1
[15/07/2026 15:50:46] NUSEQ 27108855 STATUS -1
[15/07/2026 15:50:56] NUSEQ 27108855 STATUS -1
[15/07/2026 15:51:06] NUSEQ 27108855 STATUS -1
[15/07/2026 15:51:17] NUSEQ 27108855 STATUS -1
[15/07/2026 15:51:27] NUSEQ 27108855 STATUS -1
[15/07/2026 15:51:37] NUSEQ 27108855 STATUS -1
[15/07/2026 15:51:47] NUSEQ 27108855 STATUS -1
[15/07/2026 15:51:47] FORO IDENTIFICADO: 'Foro de São Caetano do Sul' -> CDCOMARCA 565
[15/07/2026 15:51:48] INSERT CORRIGIDO EXECUTADO - NUSEQ 27108855 com CDCOMARCA 565
[15/07/2026 15:51:48] NUSEQ 27108855 reprocessado novamente após correção do foro.
[15/07/2026 15:51:58] NUSEQ 27108855 STATUS 177
[15/07/2026 15:52:08] NUSEQ 27108855 STATUS 177
[15/07/2026 15:52:19] NUSEQ 27108855 STATUS 177
[15/07/2026 15:52:29] NUSEQ 27108855 STATUS 161
[15/07/2026 15:52:29] SUCESSO: NUSEQ 27108855 -> ID 2R000000G83T7 atualizado para grupo 39
[15/07/2026 15:52:29] ============================================================
[15/07/2026 15:52:29] PROCESSAMENTO FINALIZADO
[15/07/2026 15:52:29] Total: 4
[15/07/2026 15:52:29] Sucesso: 4
[15/07/2026 15:52:29] Pendentes: 0
[15/07/2026 15:52:29] Nenhum pendente encontrado.
[15/07/2026 15:59:14] Total atualizado: 0 registros encontrados.
[15/07/2026 18:22:21] Total atualizado: 4 registros encontrados.
[15/07/2026 18:22:31] Iniciando processo
[15/07/2026 18:22:31] 4 registros encontrados
[15/07/2026 18:22:31] Executando inserts iniciais...
[15/07/2026 18:22:32] INSERT OK - NUSEQ 27121765
[15/07/2026 18:22:32] INSERT OK - NUSEQ 27120133
[15/07/2026 18:22:32] INSERT OK - NUSEQ 27116792
[15/07/2026 18:22:33] INSERT OK - NUSEQ 27120671
[15/07/2026 18:22:33] Todos os inserts iniciais executados.
[15/07/2026 18:22:34] Reprocessamento inicial iniciado.
[15/07/2026 18:22:35] NUSEQ 27116792 STATUS 177
[15/07/2026 18:22:35] NUSEQ 27120133 STATUS 177
[15/07/2026 18:22:35] NUSEQ 27120671 STATUS 177
[15/07/2026 18:22:35] NUSEQ 27121765 STATUS 177
[15/07/2026 18:22:45] NUSEQ 27116792 STATUS 177
[15/07/2026 18:22:45] NUSEQ 27120133 STATUS 177
[15/07/2026 18:22:45] NUSEQ 27120671 STATUS 177
[15/07/2026 18:22:45] NUSEQ 27121765 STATUS 177
[15/07/2026 18:22:55] NUSEQ 27116792 STATUS 177
[15/07/2026 18:22:55] NUSEQ 27120133 STATUS 177
[15/07/2026 18:22:55] NUSEQ 27120671 STATUS 177
[15/07/2026 18:22:55] NUSEQ 27121765 STATUS 161
[15/07/2026 18:22:55] SUCESSO: NUSEQ 27121765 -> ID 2R000000G8E81 atualizado para grupo 39
[15/07/2026 18:23:05] NUSEQ 27116792 STATUS 177
[15/07/2026 18:23:05] NUSEQ 27120133 STATUS 177
[15/07/2026 18:23:05] NUSEQ 27120671 STATUS 177
[15/07/2026 18:23:16] NUSEQ 27116792 STATUS 177
[15/07/2026 18:23:16] NUSEQ 27120133 STATUS 177
[15/07/2026 18:23:16] NUSEQ 27120671 STATUS 177
[15/07/2026 18:23:26] NUSEQ 27116792 STATUS 161
[15/07/2026 18:23:26] SUCESSO: NUSEQ 27116792 -> ID 2R000000G8A7M atualizado para grupo 39
[15/07/2026 18:23:26] NUSEQ 27120133 STATUS 177
[15/07/2026 18:23:26] NUSEQ 27120671 STATUS 161
[15/07/2026 18:23:27] SUCESSO: NUSEQ 27120671 -> ID 2R000000G8DAW atualizado para grupo 39
[15/07/2026 18:23:37] NUSEQ 27120133 STATUS -1
[15/07/2026 18:23:47] NUSEQ 27120133 STATUS -1
[15/07/2026 18:23:57] NUSEQ 27120133 STATUS -1
[15/07/2026 18:24:07] NUSEQ 27120133 STATUS -1
[15/07/2026 18:24:17] NUSEQ 27120133 STATUS -1
[15/07/2026 18:24:28] NUSEQ 27120133 STATUS -1
[15/07/2026 18:24:38] NUSEQ 27120133 STATUS -1
[15/07/2026 18:24:48] NUSEQ 27120133 STATUS -1
[15/07/2026 18:24:58] NUSEQ 27120133 STATUS -1
[15/07/2026 18:25:08] NUSEQ 27120133 STATUS -1
[15/07/2026 18:25:18] NUSEQ 27120133 STATUS -1
[15/07/2026 18:25:29] NUSEQ 27120133 STATUS -1
[15/07/2026 18:25:39] NUSEQ 27120133 STATUS -1
[15/07/2026 18:25:40] ERRO AO EXECUTAR INSERT EFMPVINCLOCALORIGEM PARA NUSEQ 27120133: only '%s', '%b', '%t' are allowed as placeholders, got '%a'
[15/07/2026 18:25:50] NUSEQ 27120133 STATUS -1
[15/07/2026 18:26:00] NUSEQ 27120133 STATUS -1
[15/07/2026 18:26:10] NUSEQ 27120133 STATUS -1
[15/07/2026 18:26:20] NUSEQ 27120133 STATUS -1
[15/07/2026 18:26:31] NUSEQ 27120133 STATUS -1
[15/07/2026 18:26:41] NUSEQ 27120133 STATUS -1
[15/07/2026 18:26:51] NUSEQ 27120133 STATUS -1
[15/07/2026 18:27:01] NUSEQ 27120133 STATUS -1
[15/07/2026 18:27:11] NUSEQ 27120133 STATUS -1
[15/07/2026 18:27:22] NUSEQ 27120133 STATUS -1
[15/07/2026 18:27:32] NUSEQ 27120133 STATUS -1
[15/07/2026 18:27:42] NUSEQ 27120133 STATUS -1
[15/07/2026 18:27:52] NUSEQ 27120133 STATUS -1
[15/07/2026 18:28:02] NUSEQ 27120133 STATUS -1
[15/07/2026 18:28:12] NUSEQ 27120133 STATUS -1
[15/07/2026 18:28:23] NUSEQ 27120133 STATUS -1
[15/07/2026 18:28:33] NUSEQ 27120133 STATUS -1
[15/07/2026 18:28:43] NUSEQ 27120133 STATUS -1
[15/07/2026 18:28:43] FORO IDENTIFICADO: 'Foro Central Criminal Barra Funda' -> CDCOMARCA 50
[15/07/2026 18:28:43] INSERT CORRIGIDO EXECUTADO - NUSEQ 27120133 com CDCOMARCA 50
[15/07/2026 18:28:44] NUSEQ 27120133 reprocessado novamente após correção do foro.
[15/07/2026 18:28:54] NUSEQ 27120133 STATUS 177
[15/07/2026 18:29:04] NUSEQ 27120133 STATUS 177
[15/07/2026 18:29:14] NUSEQ 27120133 STATUS 177
[15/07/2026 18:29:24] NUSEQ 27120133 STATUS -1
[15/07/2026 18:29:35] NUSEQ 27120133 STATUS -1
[15/07/2026 18:29:45] NUSEQ 27120133 STATUS -1
[15/07/2026 18:29:55] NUSEQ 27120133 STATUS -1
[15/07/2026 18:30:05] NUSEQ 27120133 STATUS -1
[15/07/2026 18:30:15] NUSEQ 27120133 STATUS -1
[15/07/2026 18:30:26] NUSEQ 27120133 STATUS -1
[15/07/2026 18:30:36] NUSEQ 27120133 STATUS -1
[15/07/2026 18:30:46] NUSEQ 27120133 STATUS -1
[15/07/2026 18:30:56] NUSEQ 27120133 STATUS -1
[15/07/2026 18:31:06] NUSEQ 27120133 STATUS -1
[15/07/2026 18:31:16] NUSEQ 27120133 STATUS -1
[15/07/2026 18:31:26] NUSEQ 27120133 STATUS -1
[15/07/2026 18:31:37] NUSEQ 27120133 STATUS -1
[15/07/2026 18:31:47] NUSEQ 27120133 STATUS -1
[15/07/2026 18:31:47] TIMEOUT: NUSEQ 27120133 não chegou ao status 161 após as duas tentativas
[15/07/2026 18:31:47] ============================================================
[15/07/2026 18:31:47] PROCESSAMENTO FINALIZADO
[15/07/2026 18:31:47] Total: 4
[15/07/2026 18:31:47] Sucesso: 3
[15/07/2026 18:31:47] Pendentes: 1
[15/07/2026 18:31:47] SQL de pendentes gerado.
[15/07/2026 18:38:02] Total atualizado: 1 registros encontrados.
[15/07/2026 18:38:11] Iniciando processo
[15/07/2026 18:38:11] 1 registros encontrados
[15/07/2026 18:38:11] Executando inserts iniciais...
[15/07/2026 18:38:12] INSERT OK - NUSEQ 27120133
[15/07/2026 18:38:12] Todos os inserts iniciais executados.
[15/07/2026 18:38:12] Reprocessamento inicial iniciado.
[15/07/2026 18:38:12] NUSEQ 27120133 STATUS 177
[15/07/2026 18:38:23] NUSEQ 27120133 STATUS 161
[15/07/2026 18:38:23] SUCESSO: NUSEQ 27120133 -> ID 2R000000G8CVY atualizado para grupo 39
[15/07/2026 18:38:23] ============================================================
[15/07/2026 18:38:23] PROCESSAMENTO FINALIZADO
[15/07/2026 18:38:23] Total: 1
[15/07/2026 18:38:23] Sucesso: 1
[15/07/2026 18:38:23] Pendentes: 0
[15/07/2026 18:38:23] Nenhum pendente encontrado.
[16/07/2026 09:16:40] Falha ao conectar ao banco para atualizar o total.
[16/07/2026 09:18:24] Total atualizado: 4 registros encontrados.
[16/07/2026 09:19:08] Iniciando processo
[16/07/2026 09:19:09] 4 registros encontrados
[16/07/2026 09:19:09] Executando inserts iniciais...
[16/07/2026 09:19:09] INSERT OK - NUSEQ 27124777
[16/07/2026 09:19:09] INSERT DUPLICADO IGNORADO - NUSEQ 27124737
[16/07/2026 09:19:10] INSERT OK - NUSEQ 27126696
[16/07/2026 09:19:10] INSERT OK - NUSEQ 27122987
[16/07/2026 09:19:10] Todos os inserts iniciais executados.
[16/07/2026 09:19:13] Reprocessamento inicial iniciado.
[16/07/2026 09:19:13] NUSEQ 27122987 STATUS 177
[16/07/2026 09:19:13] NUSEQ 27124737 STATUS 177
[16/07/2026 09:19:13] NUSEQ 27124777 STATUS 177
[16/07/2026 09:19:13] NUSEQ 27126696 STATUS 177
[16/07/2026 09:19:24] NUSEQ 27122987 STATUS 161
[16/07/2026 09:19:24] SUCESSO: NUSEQ 27122987 -> ID 2R000000G8F7O atualizado para grupo 39
[16/07/2026 09:19:24] NUSEQ 27124737 STATUS 161
[16/07/2026 09:19:24] SUCESSO: NUSEQ 27124737 -> ID 2R000000G8GN2 atualizado para grupo 39
[16/07/2026 09:19:24] NUSEQ 27124777 STATUS 161
[16/07/2026 09:19:25] SUCESSO: NUSEQ 27124777 -> ID 2R000000G8GO6 atualizado para grupo 39
[16/07/2026 09:19:25] NUSEQ 27126696 STATUS 161
[16/07/2026 09:19:25] SUCESSO: NUSEQ 27126696 -> ID 2R000000G8I7U atualizado para grupo 39
[16/07/2026 09:19:25] ============================================================
[16/07/2026 09:19:25] PROCESSAMENTO FINALIZADO
[16/07/2026 09:19:25] Total: 4
[16/07/2026 09:19:25] Sucesso: 4
[16/07/2026 09:19:25] Pendentes: 0
[16/07/2026 09:19:25] Nenhum pendente encontrado.
[16/07/2026 10:21:38] Iniciando processo
[16/07/2026 10:21:38] 8 registros encontrados
[16/07/2026 10:21:38] Executando inserts iniciais...
[16/07/2026 10:21:38] INSERT OK - NUSEQ 27134629
[16/07/2026 10:21:38] INSERT DUPLICADO IGNORADO - NUSEQ 27134726
[16/07/2026 10:21:38] INSERT DUPLICADO IGNORADO - NUSEQ 27134761
[16/07/2026 10:21:38] INSERT DUPLICADO IGNORADO - NUSEQ 27134763
[16/07/2026 10:21:39] INSERT OK - NUSEQ 27130335
[16/07/2026 10:21:39] INSERT OK - NUSEQ 27131137
[16/07/2026 10:21:40] INSERT OK - NUSEQ 27132034
[16/07/2026 10:21:40] INSERT OK - NUSEQ 27133080
[16/07/2026 10:21:40] Todos os inserts iniciais executados.
[16/07/2026 10:21:45] Reprocessamento inicial iniciado.
[16/07/2026 10:21:46] NUSEQ 27130335 STATUS 177
[16/07/2026 10:21:46] NUSEQ 27131137 STATUS 177
[16/07/2026 10:21:46] NUSEQ 27132034 STATUS 177
[16/07/2026 10:21:46] NUSEQ 27133080 STATUS 177
[16/07/2026 10:21:46] NUSEQ 27134629 STATUS 177
[16/07/2026 10:21:46] NUSEQ 27134726 STATUS 177
[16/07/2026 10:21:46] NUSEQ 27134761 STATUS 177
[16/07/2026 10:21:46] NUSEQ 27134763 STATUS 177
[16/07/2026 10:21:56] NUSEQ 27130335 STATUS 161
[16/07/2026 10:21:57] SUCESSO: NUSEQ 27130335 -> ID 2R000000G8L2S atualizado para grupo 39
[16/07/2026 10:21:57] NUSEQ 27131137 STATUS 161
[16/07/2026 10:21:57] SUCESSO: NUSEQ 27131137 -> ID 2R000000G8LP1 atualizado para grupo 39
[16/07/2026 10:21:57] NUSEQ 27132034 STATUS 161
[16/07/2026 10:21:57] SUCESSO: NUSEQ 27132034 -> ID 2R000000G8MEJ atualizado para grupo 39
[16/07/2026 10:21:57] NUSEQ 27133080 STATUS 161
[16/07/2026 10:21:58] SUCESSO: NUSEQ 27133080 -> ID 2R000000G8N7L atualizado para grupo 39
[16/07/2026 10:21:58] NUSEQ 27134629 STATUS 161
[16/07/2026 10:21:58] SUCESSO: NUSEQ 27134629 -> ID 2R000000G8OF9 atualizado para grupo 39
[16/07/2026 10:21:58] NUSEQ 27134726 STATUS 161
[16/07/2026 10:21:59] SUCESSO: NUSEQ 27134726 -> ID 2R000000G8OHY atualizado para grupo 39
[16/07/2026 10:21:59] NUSEQ 27134761 STATUS 161
[16/07/2026 10:21:59] SUCESSO: NUSEQ 27134761 -> ID 2R000000G8OIX atualizado para grupo 39
[16/07/2026 10:21:59] NUSEQ 27134763 STATUS 161
[16/07/2026 10:22:00] SUCESSO: NUSEQ 27134763 -> ID 2R000000G8OIZ atualizado para grupo 39
[16/07/2026 10:22:00] ============================================================
[16/07/2026 10:22:00] PROCESSAMENTO FINALIZADO
[16/07/2026 10:22:00] Total: 8
[16/07/2026 10:22:00] Sucesso: 8
[16/07/2026 10:22:00] Pendentes: 0
[16/07/2026 10:22:00] Nenhum pendente encontrado.
[16/07/2026 11:19:00] Total atualizado: 6 registros encontrados.
[16/07/2026 11:19:07] Iniciando processo
[16/07/2026 11:19:08] 6 registros encontrados
[16/07/2026 11:19:08] Executando inserts iniciais...
[16/07/2026 11:19:08] INSERT OK - NUSEQ 27136688
[16/07/2026 11:19:08] INSERT OK - NUSEQ 27140597
[16/07/2026 11:19:09] INSERT OK - NUSEQ 27135310
[16/07/2026 11:19:09] INSERT OK - NUSEQ 27135214
[16/07/2026 11:19:10] INSERT OK - NUSEQ 27135770
[16/07/2026 11:19:10] INSERT OK - NUSEQ 27139392
[16/07/2026 11:19:10] Todos os inserts iniciais executados.
[16/07/2026 11:19:13] Reprocessamento inicial iniciado.
[16/07/2026 11:19:13] NUSEQ 27135214 STATUS 177
[16/07/2026 11:19:13] NUSEQ 27135310 STATUS 177
[16/07/2026 11:19:13] NUSEQ 27135770 STATUS 177
[16/07/2026 11:19:13] NUSEQ 27136688 STATUS 177
[16/07/2026 11:19:13] NUSEQ 27139392 STATUS 177
[16/07/2026 11:19:13] NUSEQ 27140597 STATUS 177
[16/07/2026 11:19:24] NUSEQ 27135214 STATUS 161
[16/07/2026 11:19:24] SUCESSO: NUSEQ 27135214 -> ID 2R000000G8OVI atualizado para grupo 39
[16/07/2026 11:19:24] NUSEQ 27135310 STATUS 161
[16/07/2026 11:19:25] SUCESSO: NUSEQ 27135310 -> ID 2R000000G8OY6 atualizado para grupo 39
[16/07/2026 11:19:25] NUSEQ 27135770 STATUS 161
[16/07/2026 11:19:25] SUCESSO: NUSEQ 27135770 -> ID 2R000000G8PAY atualizado para grupo 39
[16/07/2026 11:19:25] NUSEQ 27136688 STATUS 177
[16/07/2026 11:19:25] NUSEQ 27139392 STATUS 177
[16/07/2026 11:19:25] NUSEQ 27140597 STATUS 177
[16/07/2026 11:19:36] NUSEQ 27136688 STATUS 161
[16/07/2026 11:19:36] SUCESSO: NUSEQ 27136688 -> ID 2R000000G8Q1E atualizado para grupo 39
[16/07/2026 11:19:36] NUSEQ 27139392 STATUS 161
[16/07/2026 11:19:36] SUCESSO: NUSEQ 27139392 -> ID 2R000000G8S5T atualizado para grupo 39
[16/07/2026 11:19:36] NUSEQ 27140597 STATUS 161
[16/07/2026 11:19:37] SUCESSO: NUSEQ 27140597 -> ID 2R000000G8T43 atualizado para grupo 39
[16/07/2026 11:19:37] ============================================================
[16/07/2026 11:19:37] PROCESSAMENTO FINALIZADO
[16/07/2026 11:19:37] Total: 6
[16/07/2026 11:19:37] Sucesso: 6
[16/07/2026 11:19:37] Pendentes: 0
[16/07/2026 11:19:37] Nenhum pendente encontrado.
[16/07/2026 11:34:55] Total atualizado: 0 registros encontrados.
[16/07/2026 11:39:40] Total atualizado: 0 registros encontrados.
[16/07/2026 11:49:15] Total atualizado: 0 registros encontrados.
[16/07/2026 11:52:57] Total atualizado: 0 registros encontrados.
[16/07/2026 12:22:20] Total atualizado: 0 registros encontrados.
[16/07/2026 12:38:36] Total atualizado: 0 registros encontrados.
[16/07/2026 13:12:13] Total atualizado: 0 registros encontrados.
[16/07/2026 13:20:08] Total atualizado: 0 registros encontrados.
[16/07/2026 14:54:57] Iniciando processo
[16/07/2026 14:54:57] 3 registros encontrados
[16/07/2026 14:54:57] Executando inserts iniciais...
[16/07/2026 14:54:58] INSERT OK - NUSEQ 27156042
[16/07/2026 14:54:58] INSERT DUPLICADO IGNORADO - NUSEQ 27156043
[16/07/2026 14:54:58] INSERT DUPLICADO IGNORADO - NUSEQ 27156045
[16/07/2026 14:54:58] Todos os inserts iniciais executados.
[16/07/2026 14:55:00] Reprocessamento inicial iniciado.
[16/07/2026 14:55:00] NUSEQ 27156042 STATUS 177
[16/07/2026 14:55:00] NUSEQ 27156043 STATUS 177
[16/07/2026 14:55:00] NUSEQ 27156045 STATUS 177
[16/07/2026 14:55:10] NUSEQ 27156042 STATUS 177
[16/07/2026 14:55:10] NUSEQ 27156043 STATUS 177
[16/07/2026 14:55:10] NUSEQ 27156045 STATUS 161
[16/07/2026 14:55:10] SUCESSO: NUSEQ 27156045 -> ID 2R000000G95E5 atualizado para grupo 39
[16/07/2026 14:55:20] NUSEQ 27156042 STATUS 177
[16/07/2026 14:55:20] NUSEQ 27156043 STATUS 177
[16/07/2026 14:55:31] NUSEQ 27156042 STATUS 177
[16/07/2026 14:55:31] NUSEQ 27156043 STATUS 161
[16/07/2026 14:55:31] SUCESSO: NUSEQ 27156043 -> ID 2R000000G95E3 atualizado para grupo 39
[16/07/2026 14:55:41] NUSEQ 27156042 STATUS 161
[16/07/2026 14:55:42] SUCESSO: NUSEQ 27156042 -> ID 2R000000G95E2 atualizado para grupo 39
[16/07/2026 14:55:42] ============================================================
[16/07/2026 14:55:42] PROCESSAMENTO FINALIZADO
[16/07/2026 14:55:42] Total: 3
[16/07/2026 14:55:42] Sucesso: 3
[16/07/2026 14:55:42] Pendentes: 0
[16/07/2026 14:55:42] Nenhum pendente encontrado.
[16/07/2026 15:07:19] Total atualizado: 1 registros encontrados.
[16/07/2026 15:07:29] Iniciando processo
[16/07/2026 15:07:29] 1 registros encontrados
[16/07/2026 15:07:29] Executando inserts iniciais...
[16/07/2026 15:07:30] INSERT OK - NUSEQ 27157661
[16/07/2026 15:07:30] Todos os inserts iniciais executados.
[16/07/2026 15:07:30] Reprocessamento inicial iniciado.
[16/07/2026 15:07:31] NUSEQ 27157661 STATUS 177
[16/07/2026 15:07:41] NUSEQ 27157661 STATUS 161
[16/07/2026 15:07:41] SUCESSO: NUSEQ 27157661 -> ID 2R000000G96O4 atualizado para grupo 39
[16/07/2026 15:07:41] ============================================================
[16/07/2026 15:07:41] PROCESSAMENTO FINALIZADO
[16/07/2026 15:07:41] Total: 1
[16/07/2026 15:07:41] Sucesso: 1
[16/07/2026 15:07:41] Pendentes: 0
[16/07/2026 15:07:41] Nenhum pendente encontrado.
[16/07/2026 15:07:58] Total atualizado: 0 registros encontrados.
