[13/07/2026 15:43:50] Gerando SQL de análise para 1 idcard(s)...
[13/07/2026 15:46:15] 5 comando(s) gerado(s). Revise antes de executar.
[13/07/2026 15:49:43] Gerando SQL de análise para 1 idcard(s)...
[13/07/2026 15:49:46] Bloco efmppeticionamento: 0.24s, 1 linha(s) encontrada(s).
[13/07/2026 15:49:46] Bloco efmpintimacao: 0.12s, 1 linha(s) encontrada(s).
[13/07/2026 15:49:46] Bloco efmpexpediente: 0.11s, 1 linha(s) encontrada(s).
[13/07/2026 15:49:47] Bloco efmppeticaocard: 0.14s, 1 linha(s) encontrada(s).
[13/07/2026 15:49:47] Bloco efmppeticaoblobdoc: 0.19s, 0 linha(s) encontrada(s).
[13/07/2026 15:49:47] Bloco efmppetloteitem: 0.11s, 1 linha(s) encontrada(s).
[13/07/2026 15:49:47] 5 comando(s) gerado(s) no total. Revise antes de executar.
[13/07/2026 15:59:02] Gerando SQL de análise para 1 idcard(s)...
[13/07/2026 15:59:05] Bloco efmppeticionamento: 0.31s, 1 linha(s) encontrada(s).
[13/07/2026 15:59:05] Bloco efmpintimacao: 0.12s, 1 linha(s) encontrada(s).
[13/07/2026 15:59:05] Bloco efmpexpediente: 0.11s, 1 linha(s) encontrada(s).
[13/07/2026 15:59:05] Bloco efmppeticaocard: 0.12s, 1 linha(s) encontrada(s).
[13/07/2026 15:59:05] Bloco efmppeticaoblobdoc: 0.17s, 0 linha(s) encontrada(s).
[13/07/2026 15:59:05] Bloco efmppetloteitem: 0.11s, 1 linha(s) encontrada(s).
[13/07/2026 15:59:05] 5 comando(s) gerado(s) no total. Revise antes de executar.
[13/07/2026 15:59:58] Gerando SQL de análise para 2 idcard(s)...
[13/07/2026 16:00:03] Bloco efmppeticionamento: 0.24s, 2 linha(s) encontrada(s).
[13/07/2026 16:00:03] Bloco efmpintimacao: 0.15s, 2 linha(s) encontrada(s).
[13/07/2026 16:00:04] Bloco efmpexpediente: 0.38s, 2 linha(s) encontrada(s).
[13/07/2026 16:00:04] Bloco efmppeticaocard: 0.48s, 2 linha(s) encontrada(s).
[13/07/2026 16:00:04] Bloco efmppeticaoblobdoc: 0.28s, 0 linha(s) encontrada(s).
[13/07/2026 16:00:05] Bloco efmppetloteitem: 0.36s, 2 linha(s) encontrada(s).
[13/07/2026 16:00:05] 10 comando(s) gerado(s) no total. Revise antes de executar.
[13/07/2026 16:08:41] Gerando SQL de análise para 1 idcard(s)...
[13/07/2026 16:08:43] Bloco efmppeticionamento: 0.23s, 0 linha(s) encontrada(s).
[13/07/2026 16:08:43] Bloco efmpintimacao: 0.11s, 0 linha(s) encontrada(s).
[13/07/2026 16:08:43] Bloco efmpexpediente: 0.12s, 0 linha(s) encontrada(s).
[13/07/2026 16:08:43] Bloco efmppeticaocard: 0.12s, 0 linha(s) encontrada(s).
[13/07/2026 16:08:44] Bloco efmppeticaoblobdoc: 0.18s, 0 linha(s) encontrada(s).
[13/07/2026 16:08:44] Bloco efmppetloteitem: 0.13s, 0 linha(s) encontrada(s).
[13/07/2026 16:08:44] Nenhum comando gerado para os idcards informados.
[13/07/2026 16:08:59] Gerando SQL de análise para 2 idcard(s)...
[13/07/2026 16:09:01] Bloco efmppeticionamento: 0.23s, 2 linha(s) encontrada(s).
[13/07/2026 16:09:01] Bloco efmpintimacao: 0.11s, 2 linha(s) encontrada(s).
[13/07/2026 16:09:02] Bloco efmpexpediente: 0.12s, 2 linha(s) encontrada(s).
[13/07/2026 16:09:02] Bloco efmppeticaocard: 0.12s, 2 linha(s) encontrada(s).
[13/07/2026 16:09:02] Bloco efmppeticaoblobdoc: 0.20s, 0 linha(s) encontrada(s).
[13/07/2026 16:09:02] Bloco efmppetloteitem: 0.11s, 2 linha(s) encontrada(s).
[13/07/2026 16:09:02] 10 comando(s) gerado(s) no total. Revise antes de executar.
[13/07/2026 16:24:24] Gerando SQL de análise para 2 idcard(s)...
[13/07/2026 16:24:31] Bloco efmppeticionamento: 2.03s, 2 linha(s) encontrada(s).
[13/07/2026 16:24:31] Bloco efmpintimacao: 0.87s, 2 linha(s) encontrada(s).
[13/07/2026 16:24:33] Bloco efmpexpediente: 1.15s, 2 linha(s) encontrada(s).
[13/07/2026 16:24:34] Bloco efmppeticaocard: 0.96s, 2 linha(s) encontrada(s).
[13/07/2026 16:24:35] Bloco efmppeticaoblobdoc: 1.10s, 0 linha(s) encontrada(s).
[13/07/2026 16:24:35] Bloco efmppetloteitem: 0.68s, 2 linha(s) encontrada(s).
[13/07/2026 16:24:35] 10 comando(s) gerado(s) no total. Revise antes de executar.
[13/07/2026 16:24:42] Gerando SQL de análise para 2 idcard(s)...
[13/07/2026 16:24:52] Bloco efmppeticionamento: 1.15s, 2 linha(s) encontrada(s).
[13/07/2026 16:24:52] Bloco efmpintimacao: 0.74s, 2 linha(s) encontrada(s).
[13/07/2026 16:24:53] Bloco efmpexpediente: 0.77s, 2 linha(s) encontrada(s).
[13/07/2026 16:24:54] Bloco efmppeticaocard: 0.60s, 2 linha(s) encontrada(s).
[13/07/2026 16:24:54] Bloco efmppeticaoblobdoc: 0.60s, 0 linha(s) encontrada(s).
[13/07/2026 16:24:55] Bloco efmppetloteitem: 0.65s, 2 linha(s) encontrada(s).
[13/07/2026 16:24:55] 10 comando(s) gerado(s) no total. Revise antes de executar.
[13/07/2026 16:25:15] Gerando SQL de análise para 2 idcard(s)...
[13/07/2026 16:25:18] Bloco efmppeticionamento: 0.23s, 2 linha(s) encontrada(s).
[13/07/2026 16:25:18] Bloco efmpintimacao: 0.11s, 2 linha(s) encontrada(s).
[13/07/2026 16:25:18] Bloco efmpexpediente: 0.11s, 2 linha(s) encontrada(s).
[13/07/2026 16:25:19] Bloco efmppeticaocard: 0.11s, 2 linha(s) encontrada(s).
[13/07/2026 16:25:19] Bloco efmppeticaoblobdoc: 0.41s, 0 linha(s) encontrada(s).
[13/07/2026 16:25:19] Bloco efmppetloteitem: 0.12s, 2 linha(s) encontrada(s).
[13/07/2026 16:25:19] 10 comando(s) gerado(s) no total. Revise antes de executar.
[13/07/2026 16:28:26] Gerando SQL de análise para 2 idcard(s)...
[13/07/2026 16:28:31] Bloco efmppeticionamento: 0.28s, 2 linha(s) encontrada(s).
[13/07/2026 16:28:32] Bloco efmpintimacao: 0.14s, 2 linha(s) encontrada(s).
[13/07/2026 16:28:32] Bloco efmpexpediente: 0.16s, 2 linha(s) encontrada(s).
[13/07/2026 16:28:32] Bloco efmppeticaocard: 0.13s, 2 linha(s) encontrada(s).
[13/07/2026 16:28:32] Bloco efmppeticaoblobdoc: 0.22s, 0 linha(s) encontrada(s).
[13/07/2026 16:28:32] Bloco efmppetloteitem: 0.12s, 2 linha(s) encontrada(s).
[13/07/2026 16:28:32] 10 comando(s) gerado(s) no total. Revise antes de executar.
[13/07/2026 16:53:54] Gerando SQL de análise para 2 idcard(s)...
[13/07/2026 16:53:56] Bloco efmppeticionamento: 0.24s, 2 linha(s) encontrada(s).
[13/07/2026 16:53:57] Bloco efmpintimacao: 0.13s, 2 linha(s) encontrada(s).
[13/07/2026 16:53:57] Bloco efmpexpediente: 0.12s, 2 linha(s) encontrada(s).
[13/07/2026 16:53:57] Bloco efmppeticaocard: 0.12s, 2 linha(s) encontrada(s).
[13/07/2026 16:53:57] Bloco efmppeticaoblobdoc: 0.20s, 0 linha(s) encontrada(s).
[13/07/2026 16:53:57] Bloco efmppetloteitem: 0.13s, 2 linha(s) encontrada(s).
[13/07/2026 16:53:57] 10 comando(s) gerado(s) no total. Revise antes de executar.
[13/07/2026 16:54:51] Gerando SQL de análise para 2 idcard(s)...
[13/07/2026 16:54:54] Bloco efmppeticionamento: 0.25s, 2 linha(s) encontrada(s).
[13/07/2026 16:54:54] Bloco efmpintimacao: 0.13s, 2 linha(s) encontrada(s).
[13/07/2026 16:54:54] Bloco efmpexpediente: 0.13s, 2 linha(s) encontrada(s).
[13/07/2026 16:54:54] Bloco efmppeticaocard: 0.13s, 2 linha(s) encontrada(s).
[13/07/2026 16:54:54] Bloco efmppeticaoblobdoc: 0.19s, 0 linha(s) encontrada(s).
[13/07/2026 16:54:55] Bloco efmppetloteitem: 0.15s, 2 linha(s) encontrada(s).
[13/07/2026 16:54:55] 10 comando(s) gerado(s) no total. Revise antes de executar.
[13/07/2026 17:04:45] Gerando SQL para 4 idcard(s)...
[13/07/2026 17:04:50] Bloco efmppeticionamento: 0.49s, 2 linha(s) encontrada(s).
[13/07/2026 17:04:50] Bloco efmpintimacao: 0.24s, 2 linha(s) encontrada(s).
[13/07/2026 17:04:50] Bloco efmpexpediente: 0.23s, 2 linha(s) encontrada(s).
[13/07/2026 17:04:51] Bloco efmppeticaocard: 0.21s, 2 linha(s) encontrada(s).
[13/07/2026 17:04:51] Bloco efmppeticaoblobdoc: 0.28s, 0 linha(s) encontrada(s).
[13/07/2026 17:04:51] Bloco efmppetloteitem: 0.21s, 2 linha(s) encontrada(s).
[13/07/2026 17:04:51] 10 comando(s) de reset + 1 ajuste sajptf gerado(s). Revise antes de executar.
[13/07/2026 17:05:54] Gerando SQL para 2 idcard(s)...
[13/07/2026 17:05:57] Bloco efmppeticionamento: 0.30s, 2 linha(s) encontrada(s).
[13/07/2026 17:05:57] Bloco efmpintimacao: 0.13s, 2 linha(s) encontrada(s).
[13/07/2026 17:05:57] Bloco efmpexpediente: 0.15s, 2 linha(s) encontrada(s).
[13/07/2026 17:05:57] Bloco efmppeticaocard: 0.16s, 2 linha(s) encontrada(s).
[13/07/2026 17:05:57] Bloco efmppeticaoblobdoc: 0.22s, 0 linha(s) encontrada(s).
[13/07/2026 17:05:57] Bloco efmppetloteitem: 0.16s, 2 linha(s) encontrada(s).
[13/07/2026 17:05:57] 10 comando(s) de reset + 1 ajuste sajptf gerado(s). Revise antes de executar.
[15/07/2026 13:47:40] Gerando SQL para 18 idcard(s)...
[15/07/2026 13:47:43] Bloco efmppeticionamento: 0.28s, 18 linha(s) encontrada(s).
[15/07/2026 13:47:43] Bloco efmpintimacao: 0.15s, 18 linha(s) encontrada(s).
[15/07/2026 13:47:43] Bloco efmpexpediente: 0.14s, 18 linha(s) encontrada(s).
[15/07/2026 13:47:43] Bloco efmppeticaocard: 0.16s, 18 linha(s) encontrada(s).
[15/07/2026 13:47:43] Bloco efmppeticaoblobdoc: 0.28s, 0 linha(s) encontrada(s).
[15/07/2026 13:47:43] Bloco efmppetloteitem: 0.16s, 18 linha(s) encontrada(s).
[15/07/2026 13:47:43] 90 comando(s) de reset + 1 ajuste sajptf gerado(s). Revise antes de executar.
[15/07/2026 18:43:26] Gerando SQL para 4 idcard(s)...
[15/07/2026 18:43:28] Bloco efmppeticionamento: 0.24s, 0 linha(s) encontrada(s).
[15/07/2026 18:43:28] Bloco efmpintimacao: 0.13s, 4 linha(s) encontrada(s).
[15/07/2026 18:43:28] Bloco efmpexpediente: 0.11s, 1 linha(s) encontrada(s).
[15/07/2026 18:43:28] Bloco efmppeticaocard: 0.13s, 1 linha(s) encontrada(s).
[15/07/2026 18:43:29] Bloco efmppeticaoblobdoc: 0.19s, 0 linha(s) encontrada(s).
[15/07/2026 18:43:29] Bloco efmppetloteitem: 0.13s, 1 linha(s) encontrada(s).
[15/07/2026 18:43:29] 7 comando(s) de reset + 1 ajuste sajptf gerado(s). Revise antes de executar.
[15/07/2026 18:48:38] Gerando SQL para 4 idcard(s)...
[15/07/2026 18:48:40] Falha ao conectar ao banco (sigsp).
[16/07/2026 13:21:03] Gerando SQL para 1 idcard(s)...
[16/07/2026 13:21:06] Bloco efmppeticionamento: 0.28s, 0 linha(s) encontrada(s).
[16/07/2026 13:21:06] Bloco efmpintimacao: 0.24s, 0 linha(s) encontrada(s).
[16/07/2026 13:21:06] Bloco efmpexpediente: 0.14s, 1 linha(s) encontrada(s).
[16/07/2026 13:21:06] Bloco efmppeticaocard: 0.14s, 1 linha(s) encontrada(s).
[16/07/2026 13:21:07] Bloco efmppeticaoblobdoc: 0.22s, 1 linha(s) encontrada(s).
[16/07/2026 13:21:07] Bloco efmppetloteitem: 0.14s, 1 linha(s) encontrada(s).
[16/07/2026 13:21:07] 4 comando(s) de reset + 1 ajuste sajptf gerado(s). Revise antes de executar.
[30/07/2026 12:10:55] Gerando SQL para 1 idcard(s)...
[30/07/2026 12:10:58] Bloco efmppeticionamento: 0.28s, 0 linha(s) encontrada(s).
[30/07/2026 12:10:58] Bloco efmpintimacao: 0.14s, 1 linha(s) encontrada(s).
[30/07/2026 12:10:58] Bloco efmpexpediente: 0.14s, 1 linha(s) encontrada(s).
[30/07/2026 12:10:58] Bloco efmppeticaocard: 0.14s, 0 linha(s) encontrada(s).
[30/07/2026 12:10:58] Bloco efmppeticaoblobdoc: 0.21s, 0 linha(s) encontrada(s).
[30/07/2026 12:10:58] Bloco efmppetloteitem: 0.14s, 0 linha(s) encontrada(s).
[30/07/2026 12:10:58] 2 comando(s) de reset + 1 ajuste sajptf gerado(s). Revise antes de executar.
[31/07/2026 13:42:22] Gerando SQL para 6 idcard(s)...
[31/07/2026 13:42:25] Bloco efmppeticionamento: 0.27s, 6 linha(s) encontrada(s).
[31/07/2026 13:42:25] Bloco efmpintimacao: 0.16s, 6 linha(s) encontrada(s).
[31/07/2026 13:42:25] Bloco efmpexpediente: 0.13s, 6 linha(s) encontrada(s).
[31/07/2026 13:42:25] Bloco efmppeticaocard: 0.14s, 6 linha(s) encontrada(s).
[31/07/2026 13:42:26] Bloco efmppeticaoblobdoc: 0.22s, 0 linha(s) encontrada(s).
[31/07/2026 13:42:26] Bloco efmppetloteitem: 0.15s, 6 linha(s) encontrada(s).
[31/07/2026 13:42:26] 30 comando(s) de reset + 1 ajuste sajptf gerado(s). Revise antes de executar.
[31/07/2026 13:48:18] Executando 30 comando(s) no sigsp...
[31/07/2026 13:48:18] OK: UPDATE saj.efmppeticionamento SET flstatus=5 WHERE cdpeticionamento='15194955';
[31/07/2026 13:48:18] OK: UPDATE saj.efmppeticionamento SET flstatus=5 WHERE cdpeticionamento='15194971';
[31/07/2026 13:48:18] OK: UPDATE saj.efmppeticionamento SET flstatus=5 WHERE cdpeticionamento='15195000';
[31/07/2026 13:48:19] OK: UPDATE saj.efmppeticionamento SET flstatus=5 WHERE cdpeticionamento='15195087';
[31/07/2026 13:48:19] OK: UPDATE saj.efmppeticionamento SET flstatus=5 WHERE cdpeticionamento='15195111';
[31/07/2026 13:48:19] OK: UPDATE saj.efmppeticionamento SET flstatus=5 WHERE cdpeticionamento='15195220';
[31/07/2026 13:48:19] OK: UPDATE saj.efmpintimacao SET cdpeticionamento=NULL WHERE nuseqintimacao=27625281;
[31/07/2026 13:48:19] OK: UPDATE saj.efmpintimacao SET cdpeticionamento=NULL WHERE nuseqintimacao=27628692;
[31/07/2026 13:48:19] OK: UPDATE saj.efmpintimacao SET cdpeticionamento=NULL WHERE nuseqintimacao=27629030;
[31/07/2026 13:48:20] OK: UPDATE saj.efmpintimacao SET cdpeticionamento=NULL WHERE nuseqintimacao=27630067;
[31/07/2026 13:48:20] OK: UPDATE saj.efmpintimacao SET cdpeticionamento=NULL WHERE nuseqintimacao=27630078;
[31/07/2026 13:48:20] OK: UPDATE saj.efmpintimacao SET cdpeticionamento=NULL WHERE nuseqintimacao=27673634;
[31/07/2026 13:48:20] OK: UPDATE saj.efmpexpediente SET dtfinalizacao=NULL, idusuariofinalizacao=NULL, status='Elaboracao' WHERE id='16042881';
[31/07/2026 13:48:20] OK: UPDATE saj.efmpexpediente SET dtfinalizacao=NULL, idusuariofinalizacao=NULL, status='Elaboracao' WHERE id='16042910';
[31/07/2026 13:48:20] OK: UPDATE saj.efmpexpediente SET dtfinalizacao=NULL, idusuariofinalizacao=NULL, status='Elaboracao' WHERE id='16042919';
[31/07/2026 13:48:20] OK: UPDATE saj.efmpexpediente SET dtfinalizacao=NULL, idusuariofinalizacao=NULL, status='Elaboracao' WHERE id='16042950';
[31/07/2026 13:48:21] OK: UPDATE saj.efmpexpediente SET dtfinalizacao=NULL, idusuariofinalizacao=NULL, status='Elaboracao' WHERE id='16042960';
[31/07/2026 13:48:21] OK: UPDATE saj.efmpexpediente SET dtfinalizacao=NULL, idusuariofinalizacao=NULL, status='Elaboracao' WHERE id='16042992';
[31/07/2026 13:48:21] OK: DELETE FROM saj.efmppeticaocard WHERE cdpeticionamento=15194955 AND idcard='2R000000GJFN0';
[31/07/2026 13:48:21] OK: DELETE FROM saj.efmppeticaocard WHERE cdpeticionamento=15194971 AND idcard='2R000000GJI9M';
[31/07/2026 13:48:21] OK: DELETE FROM saj.efmppeticaocard WHERE cdpeticionamento=15195000 AND idcard='2R000000GJIJ2';
[31/07/2026 13:48:21] OK: DELETE FROM saj.efmppeticaocard WHERE cdpeticionamento=15195087 AND idcard='2R000000GJJBV';
[31/07/2026 13:48:22] OK: DELETE FROM saj.efmppeticaocard WHERE cdpeticionamento=15195111 AND idcard='2R000000GJJC7';
[31/07/2026 13:48:22] OK: DELETE FROM saj.efmppeticaocard WHERE cdpeticionamento=15195220 AND idcard='2R000000GKH1N';
[31/07/2026 13:48:22] OK: UPDATE saj.efmppetloteitem SET flstatus='F' WHERE cdpetloteitem='11099646';
[31/07/2026 13:48:22] OK: UPDATE saj.efmppetloteitem SET flstatus='F' WHERE cdpetloteitem='11099666';
[31/07/2026 13:48:22] OK: UPDATE saj.efmppetloteitem SET flstatus='F' WHERE cdpetloteitem='11099695';
[31/07/2026 13:48:22] OK: UPDATE saj.efmppetloteitem SET flstatus='F' WHERE cdpetloteitem='11099771';
[31/07/2026 13:48:22] OK: UPDATE saj.efmppetloteitem SET flstatus='F' WHERE cdpetloteitem='11099794';
[31/07/2026 13:48:23] OK: UPDATE saj.efmppetloteitem SET flstatus='F' WHERE cdpetloteitem='11099898';
[31/07/2026 13:48:23] sigsp finalizado. 30 OK / 0 erro(s).
[31/07/2026 13:48:25] Executando ajuste em sajptf.eptftarefa...
[31/07/2026 13:48:26] sajptf.eptftarefa atualizado. Linhas afetadas: 6.
[31/07/2026 13:55:20] Gerando SQL para 2 idcard(s)...
[31/07/2026 13:55:23] Bloco efmppeticionamento: 0.28s, 2 linha(s) encontrada(s).
[31/07/2026 13:55:23] Bloco efmpintimacao: 0.13s, 2 linha(s) encontrada(s).
[31/07/2026 13:55:23] Bloco efmpexpediente: 0.14s, 2 linha(s) encontrada(s).
[31/07/2026 13:55:23] Bloco efmppeticaocard: 0.13s, 2 linha(s) encontrada(s).
[31/07/2026 13:55:23] Bloco efmppeticaoblobdoc: 0.20s, 0 linha(s) encontrada(s).
[31/07/2026 13:55:23] Bloco efmppetloteitem: 0.13s, 2 linha(s) encontrada(s).
[31/07/2026 13:55:23] 10 comando(s) de reset + 1 ajuste sajptf gerado(s). Revise antes de executar.
[31/07/2026 13:55:30] Executando 10 comando(s) no sigsp...
[31/07/2026 13:55:30] OK: UPDATE saj.efmppeticionamento SET flstatus=5 WHERE cdpeticionamento='15207983';
[31/07/2026 13:55:30] OK: UPDATE saj.efmppeticionamento SET flstatus=5 WHERE cdpeticionamento='15207996';
[31/07/2026 13:55:30] OK: UPDATE saj.efmpintimacao SET cdpeticionamento=NULL WHERE nuseqintimacao=27629030;
[31/07/2026 13:55:30] OK: UPDATE saj.efmpintimacao SET cdpeticionamento=NULL WHERE nuseqintimacao=27630067;
[31/07/2026 13:55:31] OK: UPDATE saj.efmpexpediente SET dtfinalizacao=NULL, idusuariofinalizacao=NULL, status='Elaboracao' WHERE id='16042919';
[31/07/2026 13:55:31] OK: UPDATE saj.efmpexpediente SET dtfinalizacao=NULL, idusuariofinalizacao=NULL, status='Elaboracao' WHERE id='16042950';
[31/07/2026 13:55:31] OK: DELETE FROM saj.efmppeticaocard WHERE cdpeticionamento=15207983 AND idcard='2R000000GJIJ2';
[31/07/2026 13:55:31] OK: DELETE FROM saj.efmppeticaocard WHERE cdpeticionamento=15207996 AND idcard='2R000000GJJBV';
[31/07/2026 13:55:31] OK: UPDATE saj.efmppetloteitem SET flstatus='F' WHERE cdpetloteitem='11112219';
[31/07/2026 13:55:31] OK: UPDATE saj.efmppetloteitem SET flstatus='F' WHERE cdpetloteitem='11112233';
[31/07/2026 13:55:31] sigsp finalizado. 10 OK / 0 erro(s).
[31/07/2026 13:55:33] Executando ajuste em sajptf.eptftarefa...
[31/07/2026 13:55:34] sajptf.eptftarefa atualizado. Linhas afetadas: 2.
[31/07/2026 18:06:42] Gerando SQL para 8 idcard(s)...
[31/07/2026 18:06:45] Bloco efmppeticionamento: 0.26s, 8 linha(s) encontrada(s).
[31/07/2026 18:06:45] Bloco efmpintimacao: 0.12s, 8 linha(s) encontrada(s).
[31/07/2026 18:06:45] Bloco efmpexpediente: 0.12s, 8 linha(s) encontrada(s).
[31/07/2026 18:06:45] Bloco efmppeticaocard: 0.12s, 8 linha(s) encontrada(s).
[31/07/2026 18:06:46] Bloco efmppeticaoblobdoc: 0.23s, 0 linha(s) encontrada(s).
[31/07/2026 18:06:46] Bloco efmppetloteitem: 0.13s, 8 linha(s) encontrada(s).
[31/07/2026 18:06:46] 40 comando(s) de reset + 1 ajuste sajptf gerado(s). Revise antes de executar.
[31/07/2026 18:08:27] Executando 40 comando(s) no sigsp...
[31/07/2026 18:08:27] OK: UPDATE saj.efmppeticionamento SET flstatus=5 WHERE cdpeticionamento='15212237';
[31/07/2026 18:08:27] OK: UPDATE saj.efmppeticionamento SET flstatus=5 WHERE cdpeticionamento='15212263';
[31/07/2026 18:08:28] OK: UPDATE saj.efmppeticionamento SET flstatus=5 WHERE cdpeticionamento='15212430';
[31/07/2026 18:08:28] OK: UPDATE saj.efmppeticionamento SET flstatus=5 WHERE cdpeticionamento='15212897';
[31/07/2026 18:08:28] OK: UPDATE saj.efmppeticionamento SET flstatus=5 WHERE cdpeticionamento='15212915';
[31/07/2026 18:08:28] OK: UPDATE saj.efmppeticionamento SET flstatus=5 WHERE cdpeticionamento='15215357';
[31/07/2026 18:08:28] OK: UPDATE saj.efmppeticionamento SET flstatus=5 WHERE cdpeticionamento='15215381';
[31/07/2026 18:08:28] OK: UPDATE saj.efmppeticionamento SET flstatus=5 WHERE cdpeticionamento='15215431';
[31/07/2026 18:08:28] OK: UPDATE saj.efmpintimacao SET cdpeticionamento=NULL WHERE nuseqintimacao=27678385;
[31/07/2026 18:08:28] OK: UPDATE saj.efmpintimacao SET cdpeticionamento=NULL WHERE nuseqintimacao=27678714;
[31/07/2026 18:08:29] OK: UPDATE saj.efmpintimacao SET cdpeticionamento=NULL WHERE nuseqintimacao=27691326;
[31/07/2026 18:08:29] OK: UPDATE saj.efmpintimacao SET cdpeticionamento=NULL WHERE nuseqintimacao=27704822;
[31/07/2026 18:08:29] OK: UPDATE saj.efmpintimacao SET cdpeticionamento=NULL WHERE nuseqintimacao=27706134;
[31/07/2026 18:08:29] OK: UPDATE saj.efmpintimacao SET cdpeticionamento=NULL WHERE nuseqintimacao=27709985;
[31/07/2026 18:08:29] OK: UPDATE saj.efmpintimacao SET cdpeticionamento=NULL WHERE nuseqintimacao=27712878;
[31/07/2026 18:08:29] OK: UPDATE saj.efmpintimacao SET cdpeticionamento=NULL WHERE nuseqintimacao=27719158;
[31/07/2026 18:08:29] OK: UPDATE saj.efmpexpediente SET dtfinalizacao=NULL, idusuariofinalizacao=NULL, status='Elaboracao' WHERE id='16070670';
[31/07/2026 18:08:30] OK: UPDATE saj.efmpexpediente SET dtfinalizacao=NULL, idusuariofinalizacao=NULL, status='Elaboracao' WHERE id='16070373';
[31/07/2026 18:08:30] OK: UPDATE saj.efmpexpediente SET dtfinalizacao=NULL, idusuariofinalizacao=NULL, status='Elaboracao' WHERE id='16072432';
[31/07/2026 18:08:30] OK: UPDATE saj.efmpexpediente SET dtfinalizacao=NULL, idusuariofinalizacao=NULL, status='Elaboracao' WHERE id='16070883';
[31/07/2026 18:08:30] OK: UPDATE saj.efmpexpediente SET dtfinalizacao=NULL, idusuariofinalizacao=NULL, status='Elaboracao' WHERE id='16072392';
[31/07/2026 18:08:30] OK: UPDATE saj.efmpexpediente SET dtfinalizacao=NULL, idusuariofinalizacao=NULL, status='Elaboracao' WHERE id='16072504';
[31/07/2026 18:08:30] OK: UPDATE saj.efmpexpediente SET dtfinalizacao=NULL, idusuariofinalizacao=NULL, status='Elaboracao' WHERE id='16072490';
[31/07/2026 18:08:30] OK: UPDATE saj.efmpexpediente SET dtfinalizacao=NULL, idusuariofinalizacao=NULL, status='Elaboracao' WHERE id='16072418';
[31/07/2026 18:08:31] OK: DELETE FROM saj.efmppeticaocard WHERE cdpeticionamento=15212237 AND idcard='2R000000GKKQ7';
[31/07/2026 18:08:31] OK: DELETE FROM saj.efmppeticaocard WHERE cdpeticionamento=15212263 AND idcard='2R000000GKKZD';
[31/07/2026 18:08:31] OK: DELETE FROM saj.efmppeticaocard WHERE cdpeticionamento=15212430 AND idcard='2R000000GKUSG';
[31/07/2026 18:08:31] OK: DELETE FROM saj.efmppeticaocard WHERE cdpeticionamento=15212897 AND idcard='2R000000GL580';
[31/07/2026 18:08:31] OK: DELETE FROM saj.efmppeticaocard WHERE cdpeticionamento=15212915 AND idcard='2R000000GL68F';
[31/07/2026 18:08:31] OK: DELETE FROM saj.efmppeticaocard WHERE cdpeticionamento=15215357 AND idcard='2R000000GL97W';
[31/07/2026 18:08:31] OK: DELETE FROM saj.efmppeticaocard WHERE cdpeticionamento=15215381 AND idcard='2R000000GLBGD';
[31/07/2026 18:08:31] OK: DELETE FROM saj.efmppeticaocard WHERE cdpeticionamento=15215431 AND idcard='2R000000GLGBE';
[31/07/2026 18:08:32] OK: UPDATE saj.efmppetloteitem SET flstatus='F' WHERE cdpetloteitem='11116302';
[31/07/2026 18:08:32] OK: UPDATE saj.efmppetloteitem SET flstatus='F' WHERE cdpetloteitem='11116327';
[31/07/2026 18:08:32] OK: UPDATE saj.efmppetloteitem SET flstatus='F' WHERE cdpetloteitem='11116493';
[31/07/2026 18:08:32] OK: UPDATE saj.efmppetloteitem SET flstatus='F' WHERE cdpetloteitem='11116957';
[31/07/2026 18:08:32] OK: UPDATE saj.efmppetloteitem SET flstatus='F' WHERE cdpetloteitem='11116975';
[31/07/2026 18:08:32] OK: UPDATE saj.efmppetloteitem SET flstatus='F' WHERE cdpetloteitem='11119295';
[31/07/2026 18:08:33] OK: UPDATE saj.efmppetloteitem SET flstatus='F' WHERE cdpetloteitem='11119319';
[31/07/2026 18:08:33] OK: UPDATE saj.efmppetloteitem SET flstatus='F' WHERE cdpetloteitem='11119366';
[31/07/2026 18:08:33] sigsp finalizado. 40 OK / 0 erro(s).
[31/07/2026 18:08:35] Executando ajuste em sajptf.eptftarefa...
[31/07/2026 18:08:38] sajptf.eptftarefa atualizado. Linhas afetadas: 8.
[06/08/2026 14:16:51] Gerando SQL para 8 idcard(s)...
[06/08/2026 14:16:54] Bloco efmppeticionamento: 0.33s, 8 linha(s) encontrada(s).
[06/08/2026 14:16:54] Bloco efmpintimacao: 0.16s, 8 linha(s) encontrada(s).
[06/08/2026 14:16:54] Bloco efmpexpediente: 0.15s, 8 linha(s) encontrada(s).
[06/08/2026 14:16:55] Bloco efmppeticaocard: 0.16s, 8 linha(s) encontrada(s).
[06/08/2026 14:16:55] Bloco efmppeticaoblobdoc: 0.26s, 0 linha(s) encontrada(s).
[06/08/2026 14:16:55] Bloco efmppetloteitem: 0.19s, 8 linha(s) encontrada(s).
[06/08/2026 14:16:55] 40 comando(s) de reset + 1 ajuste sajptf gerado(s). Revise antes de executar.
[17/08/2026 16:47:30] Gerando SQL para 1 idcard(s)...
[17/08/2026 16:47:30] Falha ao conectar ao banco (sigsp).
[17/08/2026 16:47:44] Gerando SQL para 1 idcard(s)...
[17/08/2026 16:47:44] Falha ao conectar ao banco (sigsp).
[31/08/2026 19:27:03] Gerando SQL para 21 idcard(s)...
[31/08/2026 19:27:05] Bloco efmppeticionamento: 0.31s, 21 linha(s) encontrada(s).
[31/08/2026 19:27:06] Bloco efmpintimacao: 0.91s, 21 linha(s) encontrada(s).
[31/08/2026 19:27:07] Bloco efmpexpediente: 0.26s, 21 linha(s) encontrada(s).
[31/08/2026 19:27:07] Bloco efmppeticaocard: 0.24s, 21 linha(s) encontrada(s).
[31/08/2026 19:27:07] Bloco efmppeticaoblobdoc: 0.24s, 0 linha(s) encontrada(s).
[31/08/2026 19:27:08] Bloco efmppetloteitem: 0.72s, 21 linha(s) encontrada(s).
[31/08/2026 19:27:08] 105 comando(s) de reset + 1 ajuste sajptf gerado(s). Revise antes de executar.
[31/08/2026 19:27:50] Executando 105 comando(s) no sigsp...
[31/08/2026 19:27:50] OK: UPDATE saj.efmppeticionamento SET flstatus=5 WHERE cdpeticionamento='15876784';
[31/08/2026 19:27:51] OK: UPDATE saj.efmppeticionamento SET flstatus=5 WHERE cdpeticionamento='15876997';
[31/08/2026 19:27:51] OK: UPDATE saj.efmppeticionamento SET flstatus=5 WHERE cdpeticionamento='15877015';
[31/08/2026 19:27:51] OK: UPDATE saj.efmppeticionamento SET flstatus=5 WHERE cdpeticionamento='15876999';
[31/08/2026 19:27:51] OK: UPDATE saj.efmppeticionamento SET flstatus=5 WHERE cdpeticionamento='15877000';
[31/08/2026 19:27:51] OK: UPDATE saj.efmppeticionamento SET flstatus=5 WHERE cdpeticionamento='15877010';
[31/08/2026 19:27:51] OK: UPDATE saj.efmppeticionamento SET flstatus=5 WHERE cdpeticionamento='15877003';
[31/08/2026 19:27:51] OK: UPDATE saj.efmppeticionamento SET flstatus=5 WHERE cdpeticionamento='15877001';
[31/08/2026 19:27:51] OK: UPDATE saj.efmppeticionamento SET flstatus=5 WHERE cdpeticionamento='15877004';
[31/08/2026 19:27:52] OK: UPDATE saj.efmppeticionamento SET flstatus=5 WHERE cdpeticionamento='15877296';
[31/08/2026 19:27:52] OK: UPDATE saj.efmppeticionamento SET flstatus=5 WHERE cdpeticionamento='15877302';
[31/08/2026 19:27:52] OK: UPDATE saj.efmppeticionamento SET flstatus=5 WHERE cdpeticionamento='15877306';
[31/08/2026 19:27:52] OK: UPDATE saj.efmppeticionamento SET flstatus=5 WHERE cdpeticionamento='15877360';
[31/08/2026 19:27:52] OK: UPDATE saj.efmppeticionamento SET flstatus=5 WHERE cdpeticionamento='15877397';
[31/08/2026 19:27:52] OK: UPDATE saj.efmppeticionamento SET flstatus=5 WHERE cdpeticionamento='15877409';
[31/08/2026 19:27:53] OK: UPDATE saj.efmppeticionamento SET flstatus=5 WHERE cdpeticionamento='15877454';
[31/08/2026 19:27:53] OK: UPDATE saj.efmppeticionamento SET flstatus=5 WHERE cdpeticionamento='15877458';
[31/08/2026 19:27:53] OK: UPDATE saj.efmppeticionamento SET flstatus=5 WHERE cdpeticionamento='15877471';
[31/08/2026 19:27:53] OK: UPDATE saj.efmppeticionamento SET flstatus=5 WHERE cdpeticionamento='15878277';
[31/08/2026 19:27:53] OK: UPDATE saj.efmppeticionamento SET flstatus=5 WHERE cdpeticionamento='15877973';
[31/08/2026 19:27:53] OK: UPDATE saj.efmppeticionamento SET flstatus=5 WHERE cdpeticionamento='15876782';
[31/08/2026 19:27:53] OK: UPDATE saj.efmpintimacao SET cdpeticionamento=NULL WHERE nuseqintimacao=28772263;
[31/08/2026 19:27:54] OK: UPDATE saj.efmpintimacao SET cdpeticionamento=NULL WHERE nuseqintimacao=28776296;
[31/08/2026 19:27:54] OK: UPDATE saj.efmpintimacao SET cdpeticionamento=NULL WHERE nuseqintimacao=28780660;
[31/08/2026 19:27:54] OK: UPDATE saj.efmpintimacao SET cdpeticionamento=NULL WHERE nuseqintimacao=28780684;
[31/08/2026 19:27:54] OK: UPDATE saj.efmpintimacao SET cdpeticionamento=NULL WHERE nuseqintimacao=28784929;
[31/08/2026 19:27:54] OK: UPDATE saj.efmpintimacao SET cdpeticionamento=NULL WHERE nuseqintimacao=28787211;
[31/08/2026 19:27:54] OK: UPDATE saj.efmpintimacao SET cdpeticionamento=NULL WHERE nuseqintimacao=28787224;
[31/08/2026 19:27:55] OK: UPDATE saj.efmpintimacao SET cdpeticionamento=NULL WHERE nuseqintimacao=28787232;
[31/08/2026 19:27:55] OK: UPDATE saj.efmpintimacao SET cdpeticionamento=NULL WHERE nuseqintimacao=28787233;
[31/08/2026 19:27:55] OK: UPDATE saj.efmpintimacao SET cdpeticionamento=NULL WHERE nuseqintimacao=28787410;
[31/08/2026 19:27:55] OK: UPDATE saj.efmpintimacao SET cdpeticionamento=NULL WHERE nuseqintimacao=28788549;
[31/08/2026 19:27:56] OK: UPDATE saj.efmpintimacao SET cdpeticionamento=NULL WHERE nuseqintimacao=28790117;
[31/08/2026 19:27:56] OK: UPDATE saj.efmpintimacao SET cdpeticionamento=NULL WHERE nuseqintimacao=28791261;
[31/08/2026 19:27:56] OK: UPDATE saj.efmpintimacao SET cdpeticionamento=NULL WHERE nuseqintimacao=28794104;
[31/08/2026 19:27:56] OK: UPDATE saj.efmpintimacao SET cdpeticionamento=NULL WHERE nuseqintimacao=28795399;
[31/08/2026 19:27:56] OK: UPDATE saj.efmpintimacao SET cdpeticionamento=NULL WHERE nuseqintimacao=28796952;
[31/08/2026 19:27:57] OK: UPDATE saj.efmpintimacao SET cdpeticionamento=NULL WHERE nuseqintimacao=28797000;
[31/08/2026 19:27:57] OK: UPDATE saj.efmpintimacao SET cdpeticionamento=NULL WHERE nuseqintimacao=28797074;
[31/08/2026 19:27:57] OK: UPDATE saj.efmpintimacao SET cdpeticionamento=NULL WHERE nuseqintimacao=28817165;
[31/08/2026 19:27:57] OK: UPDATE saj.efmpintimacao SET cdpeticionamento=NULL WHERE nuseqintimacao=28832781;
[31/08/2026 19:27:57] OK: UPDATE saj.efmpintimacao SET cdpeticionamento=NULL WHERE nuseqintimacao=28832787;
[31/08/2026 19:27:57] OK: UPDATE saj.efmpexpediente SET dtfinalizacao=NULL, idusuariofinalizacao=NULL, status='Elaboracao' WHERE id='16758751';
[31/08/2026 19:27:58] OK: UPDATE saj.efmpexpediente SET dtfinalizacao=NULL, idusuariofinalizacao=NULL, status='Elaboracao' WHERE id='16727303';
[31/08/2026 19:27:58] OK: UPDATE saj.efmpexpediente SET dtfinalizacao=NULL, idusuariofinalizacao=NULL, status='Elaboracao' WHERE id='16736898';
[31/08/2026 19:27:58] OK: UPDATE saj.efmpexpediente SET dtfinalizacao=NULL, idusuariofinalizacao=NULL, status='Elaboracao' WHERE id='16729676';
[31/08/2026 19:27:58] OK: UPDATE saj.efmpexpediente SET dtfinalizacao=NULL, idusuariofinalizacao=NULL, status='Elaboracao' WHERE id='16731701';
[31/08/2026 19:27:59] OK: UPDATE saj.efmpexpediente SET dtfinalizacao=NULL, idusuariofinalizacao=NULL, status='Elaboracao' WHERE id='16726685';
[31/08/2026 19:27:59] OK: UPDATE saj.efmpexpediente SET dtfinalizacao=NULL, idusuariofinalizacao=NULL, status='Elaboracao' WHERE id='16743242';
[31/08/2026 19:27:59] OK: UPDATE saj.efmpexpediente SET dtfinalizacao=NULL, idusuariofinalizacao=NULL, status='Elaboracao' WHERE id='16726682';
[31/08/2026 19:27:59] OK: UPDATE saj.efmpexpediente SET dtfinalizacao=NULL, idusuariofinalizacao=NULL, status='Elaboracao' WHERE id='16726688';
[31/08/2026 19:27:59] OK: UPDATE saj.efmpexpediente SET dtfinalizacao=NULL, idusuariofinalizacao=NULL, status='Elaboracao' WHERE id='16728307';
[31/08/2026 19:27:59] OK: UPDATE saj.efmpexpediente SET dtfinalizacao=NULL, idusuariofinalizacao=NULL, status='Elaboracao' WHERE id='16728347';
[31/08/2026 19:28:00] OK: UPDATE saj.efmpexpediente SET dtfinalizacao=NULL, idusuariofinalizacao=NULL, status='Elaboracao' WHERE id='16731640';
[31/08/2026 19:28:00] OK: UPDATE saj.efmpexpediente SET dtfinalizacao=NULL, idusuariofinalizacao=NULL, status='Elaboracao' WHERE id='16728809';
[31/08/2026 19:28:00] OK: UPDATE saj.efmpexpediente SET dtfinalizacao=NULL, idusuariofinalizacao=NULL, status='Elaboracao' WHERE id='16726674';
[31/08/2026 19:28:00] OK: UPDATE saj.efmpexpediente SET dtfinalizacao=NULL, idusuariofinalizacao=NULL, status='Elaboracao' WHERE id='16727307';
[31/08/2026 19:28:00] OK: UPDATE saj.efmpexpediente SET dtfinalizacao=NULL, idusuariofinalizacao=NULL, status='Elaboracao' WHERE id='16722518';
[31/08/2026 19:28:00] OK: UPDATE saj.efmpexpediente SET dtfinalizacao=NULL, idusuariofinalizacao=NULL, status='Elaboracao' WHERE id='16728545';
[31/08/2026 19:28:00] OK: UPDATE saj.efmpexpediente SET dtfinalizacao=NULL, idusuariofinalizacao=NULL, status='Elaboracao' WHERE id='16732656';
[31/08/2026 19:28:01] OK: UPDATE saj.efmpexpediente SET dtfinalizacao=NULL, idusuariofinalizacao=NULL, status='Elaboracao' WHERE id='16729176';
[31/08/2026 19:28:01] OK: UPDATE saj.efmpexpediente SET dtfinalizacao=NULL, idusuariofinalizacao=NULL, status='Elaboracao' WHERE id='16755220';
[31/08/2026 19:28:01] OK: UPDATE saj.efmpexpediente SET dtfinalizacao=NULL, idusuariofinalizacao=NULL, status='Elaboracao' WHERE id='16747611';
[31/08/2026 19:28:01] OK: DELETE FROM saj.efmppeticaocard WHERE cdpeticionamento=15876784 AND idcard='2R000000H8K60';
[31/08/2026 19:28:01] OK: DELETE FROM saj.efmppeticaocard WHERE cdpeticionamento=15876997 AND idcard='2R000000H8NAN';
[31/08/2026 19:28:01] OK: DELETE FROM saj.efmppeticaocard WHERE cdpeticionamento=15877015 AND idcard='2R000000H8QPH';
[31/08/2026 19:28:01] OK: DELETE FROM saj.efmppeticaocard WHERE cdpeticionamento=15876999 AND idcard='2R000000H8QQ8';
[31/08/2026 19:28:02] OK: DELETE FROM saj.efmppeticaocard WHERE cdpeticionamento=15877000 AND idcard='2R000000H8U11';
[31/08/2026 19:28:02] OK: DELETE FROM saj.efmppeticaocard WHERE cdpeticionamento=15877010 AND idcard='2R000000H8VT0';
[31/08/2026 19:28:02] OK: DELETE FROM saj.efmppeticaocard WHERE cdpeticionamento=15877003 AND idcard='2R000000H8VTA';
[31/08/2026 19:28:02] OK: DELETE FROM saj.efmppeticaocard WHERE cdpeticionamento=15877001 AND idcard='2R000000H8VTL';
[31/08/2026 19:28:02] OK: DELETE FROM saj.efmppeticaocard WHERE cdpeticionamento=15877004 AND idcard='2R000000H8VTO';
[31/08/2026 19:28:02] OK: DELETE FROM saj.efmppeticaocard WHERE cdpeticionamento=15877296 AND idcard='2R000000H8VYM';
[31/08/2026 19:28:02] OK: DELETE FROM saj.efmppeticaocard WHERE cdpeticionamento=15877302 AND idcard='2R000000H8WUA';
[31/08/2026 19:28:02] OK: DELETE FROM saj.efmppeticaocard WHERE cdpeticionamento=15877306 AND idcard='2R000000H8Y2C';
[31/08/2026 19:28:02] OK: DELETE FROM saj.efmppeticaocard WHERE cdpeticionamento=15877360 AND idcard='2R000000H8YY5';
[31/08/2026 19:28:03] OK: DELETE FROM saj.efmppeticaocard WHERE cdpeticionamento=15877397 AND idcard='2R000000H915Z';
[31/08/2026 19:28:03] OK: DELETE FROM saj.efmppeticaocard WHERE cdpeticionamento=15877409 AND idcard='2R000000H9264';
[31/08/2026 19:28:03] OK: DELETE FROM saj.efmppeticaocard WHERE cdpeticionamento=15877454 AND idcard='2R000000H93DL';
[31/08/2026 19:28:03] OK: DELETE FROM saj.efmppeticaocard WHERE cdpeticionamento=15877458 AND idcard='2R000000H93EM';
[31/08/2026 19:28:03] OK: DELETE FROM saj.efmppeticaocard WHERE cdpeticionamento=15877471 AND idcard='2R000000H93GQ';
[31/08/2026 19:28:03] OK: DELETE FROM saj.efmppeticaocard WHERE cdpeticionamento=15878277 AND idcard='2R000000H9JG9';
[31/08/2026 19:28:03] OK: DELETE FROM saj.efmppeticaocard WHERE cdpeticionamento=15877973 AND idcard='2R000000H9VNC';
[31/08/2026 19:28:03] OK: DELETE FROM saj.efmppeticaocard WHERE cdpeticionamento=15876782 AND idcard='2R000000H9VNG';
[31/08/2026 19:28:04] OK: UPDATE saj.efmppetloteitem SET flstatus='F' WHERE cdpetloteitem='11764547';
[31/08/2026 19:28:04] OK: UPDATE saj.efmppetloteitem SET flstatus='F' WHERE cdpetloteitem='11764570';
[31/08/2026 19:28:04] OK: UPDATE saj.efmppetloteitem SET flstatus='F' WHERE cdpetloteitem='11764579';
[31/08/2026 19:28:04] OK: UPDATE saj.efmppetloteitem SET flstatus='F' WHERE cdpetloteitem='11764585';
[31/08/2026 19:28:04] OK: UPDATE saj.efmppetloteitem SET flstatus='F' WHERE cdpetloteitem='11764589';
[31/08/2026 19:28:04] OK: UPDATE saj.efmppetloteitem SET flstatus='F' WHERE cdpetloteitem='11764601';
[31/08/2026 19:28:04] OK: UPDATE saj.efmppetloteitem SET flstatus='F' WHERE cdpetloteitem='11764613';
[31/08/2026 19:28:05] OK: UPDATE saj.efmppetloteitem SET flstatus='F' WHERE cdpetloteitem='11764621';
[31/08/2026 19:28:05] OK: UPDATE saj.efmppetloteitem SET flstatus='F' WHERE cdpetloteitem='11764638';
[31/08/2026 19:28:05] OK: UPDATE saj.efmppetloteitem SET flstatus='F' WHERE cdpetloteitem='11765438';
[31/08/2026 19:28:05] OK: UPDATE saj.efmppetloteitem SET flstatus='F' WHERE cdpetloteitem='11765454';
[31/08/2026 19:28:05] OK: UPDATE saj.efmppetloteitem SET flstatus='F' WHERE cdpetloteitem='11765466';
[31/08/2026 19:28:05] OK: UPDATE saj.efmppetloteitem SET flstatus='F' WHERE cdpetloteitem='11765499';
[31/08/2026 19:28:05] OK: UPDATE saj.efmppetloteitem SET flstatus='F' WHERE cdpetloteitem='11765532';
[31/08/2026 19:28:05] OK: UPDATE saj.efmppetloteitem SET flstatus='F' WHERE cdpetloteitem='11765552';
[31/08/2026 19:28:06] OK: UPDATE saj.efmppetloteitem SET flstatus='F' WHERE cdpetloteitem='11765615';
[31/08/2026 19:28:06] OK: UPDATE saj.efmppetloteitem SET flstatus='F' WHERE cdpetloteitem='11765623';
[31/08/2026 19:28:06] OK: UPDATE saj.efmppetloteitem SET flstatus='F' WHERE cdpetloteitem='11765647';
[31/08/2026 19:28:06] OK: UPDATE saj.efmppetloteitem SET flstatus='F' WHERE cdpetloteitem='11766517';
[31/08/2026 19:28:06] OK: UPDATE saj.efmppetloteitem SET flstatus='F' WHERE cdpetloteitem='11766184';
[31/08/2026 19:28:06] OK: UPDATE saj.efmppetloteitem SET flstatus='F' WHERE cdpetloteitem='11764459';
[31/08/2026 19:28:06] sigsp finalizado. 105 OK / 0 erro(s).
[31/08/2026 19:28:08] Executando ajuste em sajptf.eptftarefa...
[31/08/2026 19:28:09] sajptf.eptftarefa atualizado. Linhas afetadas: 21.
[01/09/2026 16:00:15] Gerando SQL para 3 idcard(s)...
[01/09/2026 16:00:17] Bloco efmppeticionamento: 0.23s, 3 linha(s) encontrada(s).
[01/09/2026 16:00:18] Bloco efmpintimacao: 0.15s, 3 linha(s) encontrada(s).
[01/09/2026 16:00:18] Bloco efmpexpediente: 0.10s, 3 linha(s) encontrada(s).
[01/09/2026 16:00:18] Bloco efmppeticaocard: 0.12s, 3 linha(s) encontrada(s).
[01/09/2026 16:00:18] Bloco efmppeticaoblobdoc: 0.19s, 0 linha(s) encontrada(s).
[01/09/2026 16:00:18] Bloco efmppetloteitem: 0.11s, 3 linha(s) encontrada(s).
[01/09/2026 16:00:18] 15 comando(s) de reset + 1 ajuste sajptf gerado(s). Revise antes de executar.
[01/09/2026 16:00:25] Executando 15 comando(s) no sigsp...
[01/09/2026 16:00:26] OK: UPDATE saj.efmppeticionamento SET flstatus=5 WHERE cdpeticionamento='15894223';
[01/09/2026 16:00:26] OK: UPDATE saj.efmppeticionamento SET flstatus=5 WHERE cdpeticionamento='15894213';
[01/09/2026 16:00:26] OK: UPDATE saj.efmppeticionamento SET flstatus=5 WHERE cdpeticionamento='15894294';
[01/09/2026 16:00:26] OK: UPDATE saj.efmpintimacao SET cdpeticionamento=NULL WHERE nuseqintimacao=28874961;
[01/09/2026 16:00:26] OK: UPDATE saj.efmpintimacao SET cdpeticionamento=NULL WHERE nuseqintimacao=28875646;
[01/09/2026 16:00:26] OK: UPDATE saj.efmpintimacao SET cdpeticionamento=NULL WHERE nuseqintimacao=28878782;
[01/09/2026 16:00:27] OK: UPDATE saj.efmpexpediente SET dtfinalizacao=NULL, idusuariofinalizacao=NULL, status='Elaboracao' WHERE id='16778766';
[01/09/2026 16:00:27] OK: UPDATE saj.efmpexpediente SET dtfinalizacao=NULL, idusuariofinalizacao=NULL, status='Elaboracao' WHERE id='16779549';
[01/09/2026 16:00:27] OK: UPDATE saj.efmpexpediente SET dtfinalizacao=NULL, idusuariofinalizacao=NULL, status='Elaboracao' WHERE id='16778697';
[01/09/2026 16:00:27] OK: DELETE FROM saj.efmppeticaocard WHERE cdpeticionamento=15894223 AND idcard='2R000000HASJS';
[01/09/2026 16:00:27] OK: DELETE FROM saj.efmppeticaocard WHERE cdpeticionamento=15894213 AND idcard='2R000000HAT2Y';
[01/09/2026 16:00:27] OK: DELETE FROM saj.efmppeticaocard WHERE cdpeticionamento=15894294 AND idcard='2R000000HAVIY';
[01/09/2026 16:00:27] OK: UPDATE saj.efmppetloteitem SET flstatus='F' WHERE cdpetloteitem='11784131';
[01/09/2026 16:00:28] OK: UPDATE saj.efmppetloteitem SET flstatus='F' WHERE cdpetloteitem='11784380';
[01/09/2026 16:00:28] OK: UPDATE saj.efmppetloteitem SET flstatus='F' WHERE cdpetloteitem='11784465';
[01/09/2026 16:00:28] sigsp finalizado. 15 OK / 0 erro(s).
[01/09/2026 16:00:30] Executando ajuste em sajptf.eptftarefa...
[01/09/2026 16:00:31] sajptf.eptftarefa atualizado. Linhas afetadas: 3.
[02/09/2026 12:26:15] Gerando SQL para 1 idcard(s)...
[02/09/2026 12:26:19] Bloco efmppeticionamento: 0.46s, 1 linha(s) encontrada(s).
[02/09/2026 12:26:19] Bloco efmpintimacao: 0.27s, 1 linha(s) encontrada(s).
[02/09/2026 12:26:20] Bloco efmpexpediente: 0.23s, 0 linha(s) encontrada(s).
[02/09/2026 12:26:20] Bloco efmppeticaocard: 0.24s, 1 linha(s) encontrada(s).
[02/09/2026 12:26:20] Bloco efmppeticaoblobdoc: 0.31s, 0 linha(s) encontrada(s).
[02/09/2026 12:26:20] Bloco efmppetloteitem: 0.22s, 0 linha(s) encontrada(s).
[02/09/2026 12:26:20] 3 comando(s) de reset + 1 ajuste sajptf gerado(s). Revise antes de executar.
[02/09/2026 12:26:37] Executando 3 comando(s) no sigsp...
[02/09/2026 12:26:38] OK: UPDATE saj.efmppeticionamento SET flstatus=5 WHERE cdpeticionamento='15815744';
[02/09/2026 12:26:38] OK: UPDATE saj.efmpintimacao SET cdpeticionamento=NULL WHERE nuseqintimacao=28728945;
[02/09/2026 12:26:38] OK: DELETE FROM saj.efmppeticaocard WHERE cdpeticionamento=15815744 AND idcard='2R000000H7M2K';
[02/09/2026 12:26:38] sigsp finalizado. 3 OK / 0 erro(s).
[02/09/2026 12:26:41] Executando ajuste em sajptf.eptftarefa...
[02/09/2026 12:26:42] sajptf.eptftarefa atualizado. Linhas afetadas: 1.
