[24/09/2026 10:46:43] Falha ao conectar ao banco para atualizar o total.
[24/09/2026 10:47:55] Total atualizado: 3 registros encontrados.
[24/09/2026 10:48:04] Iniciando processo
[24/09/2026 10:48:05] 3 registros encontrados
[24/09/2026 10:48:05] Registros que serão alterados:
[24/09/2026 10:48:05] NUSEQ 29672569 | NUPROCESSOEXTERNO 0016878-12.2024.8.26.0502
[24/09/2026 10:48:05] NUSEQ 29673357 | NUPROCESSOEXTERNO 1569839-14.2025.8.26.0050
[24/09/2026 10:48:05] NUSEQ 29673704 | NUPROCESSOEXTERNO 0005437-12.2021.8.26.0026
[24/09/2026 10:48:05] Executando inserts iniciais...
[24/09/2026 10:48:05] INSERT OK - NUSEQ 29672569 | NUPROCESSOEXTERNO 0016878-12.2024.8.26.0502
[24/09/2026 10:48:05] INSERT OK - NUSEQ 29673357 | NUPROCESSOEXTERNO 1569839-14.2025.8.26.0050
[24/09/2026 10:48:06] INSERT OK - NUSEQ 29673704 | NUPROCESSOEXTERNO 0005437-12.2021.8.26.0026
[24/09/2026 10:48:06] Todos os inserts iniciais executados.
[24/09/2026 10:48:06] Reprocessando NUSEQ 29672569 | NUPROCESSOEXTERNO 0016878-12.2024.8.26.0502
[24/09/2026 10:48:06] Reprocessando NUSEQ 29673357 | NUPROCESSOEXTERNO 1569839-14.2025.8.26.0050
[24/09/2026 10:48:06] Reprocessando NUSEQ 29673704 | NUPROCESSOEXTERNO 0005437-12.2021.8.26.0026
[24/09/2026 10:48:06] Reprocessamento inicial iniciado.
[24/09/2026 10:48:07] NUSEQ 29672569 | NUPROCESSOEXTERNO 0016878-12.2024.8.26.0502 STATUS 177
[24/09/2026 10:48:07] NUSEQ 29673357 | NUPROCESSOEXTERNO 1569839-14.2025.8.26.0050 STATUS 177
[24/09/2026 10:48:07] NUSEQ 29673704 | NUPROCESSOEXTERNO 0005437-12.2021.8.26.0026 STATUS 177
[24/09/2026 10:48:17] NUSEQ 29672569 | NUPROCESSOEXTERNO 0016878-12.2024.8.26.0502 STATUS 161
[24/09/2026 10:48:17] SUCESSO: NUSEQ 29672569 | NUPROCESSOEXTERNO 0016878-12.2024.8.26.0502 -> ID 2R000000HT9S1 atualizado para grupo 39
[24/09/2026 10:48:17] NUSEQ 29673357 | NUPROCESSOEXTERNO 1569839-14.2025.8.26.0050 STATUS 177
[24/09/2026 10:48:17] NUSEQ 29673704 | NUPROCESSOEXTERNO 0005437-12.2021.8.26.0026 STATUS 177
[24/09/2026 10:48:27] NUSEQ 29673357 | NUPROCESSOEXTERNO 1569839-14.2025.8.26.0050 STATUS 177
[24/09/2026 10:48:27] NUSEQ 29673704 | NUPROCESSOEXTERNO 0005437-12.2021.8.26.0026 STATUS 177
[24/09/2026 10:48:37] NUSEQ 29673357 | NUPROCESSOEXTERNO 1569839-14.2025.8.26.0050 STATUS 177
[24/09/2026 10:48:37] NUSEQ 29673704 | NUPROCESSOEXTERNO 0005437-12.2021.8.26.0026 STATUS 177
[24/09/2026 10:48:48] NUSEQ 29673357 | NUPROCESSOEXTERNO 1569839-14.2025.8.26.0050 STATUS 161
[24/09/2026 10:48:48] SUCESSO: NUSEQ 29673357 | NUPROCESSOEXTERNO 1569839-14.2025.8.26.0050 -> ID 2R000000HTADX atualizado para grupo 39
[24/09/2026 10:48:48] NUSEQ 29673704 | NUPROCESSOEXTERNO 0005437-12.2021.8.26.0026 STATUS 177
[24/09/2026 10:48:58] NUSEQ 29673704 | NUPROCESSOEXTERNO 0005437-12.2021.8.26.0026 STATUS 177
[24/09/2026 10:49:08] NUSEQ 29673704 | NUPROCESSOEXTERNO 0005437-12.2021.8.26.0026 STATUS 161
[24/09/2026 10:49:08] SUCESSO: NUSEQ 29673704 | NUPROCESSOEXTERNO 0005437-12.2021.8.26.0026 -> ID 2R000000HTANK atualizado para grupo 39
[24/09/2026 10:49:08] ============================================================
[24/09/2026 10:49:09] PROCESSAMENTO FINALIZADO
[24/09/2026 10:49:09] Total: 3
[24/09/2026 10:49:09] Sucesso: 3
[24/09/2026 10:49:09] Pendentes: 0
[24/09/2026 10:49:09] Nenhum pendente encontrado.
