[06/09/2026 00:16:20] Iniciando execução automática agendada.
[06/09/2026 00:16:29] Iniciando processo
[06/09/2026 00:16:31] Nenhum registro encontrado.
[06/09/2026 00:16:31] Próxima execução automática agendada para daqui 30 minutos.
[06/09/2026 00:46:31] Iniciando execução automática agendada.
[06/09/2026 00:46:36] Iniciando processo
[06/09/2026 00:46:36] Nenhum registro encontrado.
[06/09/2026 00:46:36] Próxima execução automática agendada para daqui 30 minutos.
[06/09/2026 01:16:36] Iniciando execução automática agendada.
[06/09/2026 01:16:50] Iniciando processo
[06/09/2026 01:16:51] Nenhum registro encontrado.
[06/09/2026 01:16:51] Próxima execução automática agendada para daqui 30 minutos.
[06/09/2026 01:46:51] Iniciando execução automática agendada.
[06/09/2026 01:46:56] Iniciando processo
[06/09/2026 01:46:56] Nenhum registro encontrado.
[06/09/2026 01:46:56] Próxima execução automática agendada para daqui 30 minutos.
[06/09/2026 04:58:07] Iniciando execução automática agendada.
[06/09/2026 04:58:08] Falha ao conectar ao banco (sigsp).
[06/09/2026 04:58:08] Próxima execução automática agendada para daqui 30 minutos.
[06/09/2026 12:15:58] Iniciando execução automática agendada.
[06/09/2026 12:15:59] Falha ao conectar ao banco (sigsp).
[06/09/2026 12:15:59] Próxima execução automática agendada para daqui 30 minutos.
[06/09/2026 12:45:59] Iniciando execução automática agendada.
[06/09/2026 12:46:20] Iniciando processo
[06/09/2026 12:46:22] 1 registros encontrados
[06/09/2026 12:46:22] Registros que serão alterados:
[06/09/2026 12:46:22] NUSEQ 29046316 | NUPROCESSOEXTERNO 1500537-59.2026.8.26.0082
[06/09/2026 12:46:22] Executando inserts iniciais...
[06/09/2026 12:46:25] INSERT OK - NUSEQ 29046316 | NUPROCESSOEXTERNO 1500537-59.2026.8.26.0082
[06/09/2026 12:46:25] Todos os inserts iniciais executados.
[06/09/2026 12:46:25] Reprocessando NUSEQ 29046316 | NUPROCESSOEXTERNO 1500537-59.2026.8.26.0082
[06/09/2026 12:46:27] Reprocessamento inicial iniciado.
[06/09/2026 12:46:28] NUSEQ 29046316 | NUPROCESSOEXTERNO 1500537-59.2026.8.26.0082 STATUS 177
[06/09/2026 12:46:39] NUSEQ 29046316 | NUPROCESSOEXTERNO 1500537-59.2026.8.26.0082 STATUS 161
[06/09/2026 12:46:43] SUCESSO: NUSEQ 29046316 | NUPROCESSOEXTERNO 1500537-59.2026.8.26.0082 -> ID 2R000000HF70R atualizado para grupo 39
[06/09/2026 12:46:43] ============================================================
[06/09/2026 12:46:43] PROCESSAMENTO FINALIZADO
[06/09/2026 12:46:43] Total: 1
[06/09/2026 12:46:43] Sucesso: 1
[06/09/2026 12:46:43] Pendentes: 0
[06/09/2026 12:46:43] Nenhum pendente encontrado.
[06/09/2026 12:46:43] Próxima execução automática agendada para daqui 30 minutos.
[06/09/2026 13:16:43] Iniciando execução automática agendada.
[06/09/2026 13:16:50] Iniciando processo
[06/09/2026 13:16:51] Nenhum registro encontrado.
[06/09/2026 13:16:51] Próxima execução automática agendada para daqui 30 minutos.
[06/09/2026 16:33:35] Iniciando execução automática agendada.
[06/09/2026 16:33:37] Falha ao conectar ao banco (sigsp).
[06/09/2026 16:33:38] Próxima execução automática agendada para daqui 30 minutos.
