[24/08/2026 09:15:54] Iniciando execução automática agendada.
[24/08/2026 09:16:07] Falha ao conectar ao banco (sigsp).
[24/08/2026 09:16:09] Próxima execução automática agendada para daqui 30 minutos.
[24/08/2026 09:24:34] Total atualizado: 2 registros encontrados.
[24/08/2026 09:24:44] Iniciando processo
[24/08/2026 09:24:44] 2 registros encontrados
[24/08/2026 09:24:44] Registros que serão alterados:
[24/08/2026 09:24:44] NUSEQ 28530736 | NUPROCESSOEXTERNO 1529982-92.2024.8.26.0050
[24/08/2026 09:24:44] NUSEQ 28531273 | NUPROCESSOEXTERNO 1569373-20.2025.8.26.0050
[24/08/2026 09:24:44] Executando inserts iniciais...
[24/08/2026 09:24:44] INSERT OK - NUSEQ 28530736 | NUPROCESSOEXTERNO 1529982-92.2024.8.26.0050
[24/08/2026 09:24:45] INSERT OK - NUSEQ 28531273 | NUPROCESSOEXTERNO 1569373-20.2025.8.26.0050
[24/08/2026 09:24:45] Todos os inserts iniciais executados.
[24/08/2026 09:24:45] Reprocessando NUSEQ 28530736 | NUPROCESSOEXTERNO 1529982-92.2024.8.26.0050
[24/08/2026 09:24:45] Reprocessando NUSEQ 28531273 | NUPROCESSOEXTERNO 1569373-20.2025.8.26.0050
[24/08/2026 09:24:46] Reprocessamento inicial iniciado.
[24/08/2026 09:24:46] NUSEQ 28530736 | NUPROCESSOEXTERNO 1529982-92.2024.8.26.0050 STATUS 177
[24/08/2026 09:24:46] NUSEQ 28531273 | NUPROCESSOEXTERNO 1569373-20.2025.8.26.0050 STATUS 177
[24/08/2026 09:24:56] NUSEQ 28530736 | NUPROCESSOEXTERNO 1529982-92.2024.8.26.0050 STATUS 161
[24/08/2026 09:24:57] SUCESSO: NUSEQ 28530736 | NUPROCESSOEXTERNO 1529982-92.2024.8.26.0050 -> ID 2R000000H3NRY atualizado para grupo 39
[24/08/2026 09:24:57] NUSEQ 28531273 | NUPROCESSOEXTERNO 1569373-20.2025.8.26.0050 STATUS 161
[24/08/2026 09:24:57] SUCESSO: NUSEQ 28531273 | NUPROCESSOEXTERNO 1569373-20.2025.8.26.0050 -> ID 2R000000H3O6V atualizado para grupo 39
[24/08/2026 09:24:57] ============================================================
[24/08/2026 09:24:57] PROCESSAMENTO FINALIZADO
[24/08/2026 09:24:57] Total: 2
[24/08/2026 09:24:57] Sucesso: 2
[24/08/2026 09:24:57] Pendentes: 0
[24/08/2026 09:24:57] Nenhum pendente encontrado.
[24/08/2026 09:24:58] Próxima execução automática agendada para daqui 30 minutos.
[24/08/2026 09:33:16] Total atualizado: 1 registros encontrados.
[24/08/2026 09:33:24] Iniciando processo
[24/08/2026 09:33:24] 1 registros encontrados
[24/08/2026 09:33:24] Registros que serão alterados:
[24/08/2026 09:33:24] NUSEQ 28532817 | NUPROCESSOEXTERNO 1506718-27.2026.8.26.0454
[24/08/2026 09:33:24] Executando inserts iniciais...
[24/08/2026 09:33:24] INSERT OK - NUSEQ 28532817 | NUPROCESSOEXTERNO 1506718-27.2026.8.26.0454
[24/08/2026 09:33:24] Todos os inserts iniciais executados.
[24/08/2026 09:33:25] Reprocessando NUSEQ 28532817 | NUPROCESSOEXTERNO 1506718-27.2026.8.26.0454
[24/08/2026 09:33:25] Reprocessamento inicial iniciado.
[24/08/2026 09:33:25] NUSEQ 28532817 | NUPROCESSOEXTERNO 1506718-27.2026.8.26.0454 STATUS 177
[24/08/2026 09:33:35] NUSEQ 28532817 | NUPROCESSOEXTERNO 1506718-27.2026.8.26.0454 STATUS 161
[24/08/2026 09:33:36] SUCESSO: NUSEQ 28532817 | NUPROCESSOEXTERNO 1506718-27.2026.8.26.0454 -> ID 2R000000H3PE1 atualizado para grupo 39
[24/08/2026 09:33:36] ============================================================
[24/08/2026 09:33:36] PROCESSAMENTO FINALIZADO
[24/08/2026 09:33:36] Total: 1
[24/08/2026 09:33:36] Sucesso: 1
[24/08/2026 09:33:36] Pendentes: 0
[24/08/2026 09:33:36] Nenhum pendente encontrado.
[24/08/2026 09:33:36] Próxima execução automática agendada para daqui 30 minutos.
[24/08/2026 12:07:32] Falha ao conectar ao banco para atualizar o total.
[24/08/2026 12:07:50] Total atualizado: 4 registros encontrados.
[24/08/2026 12:07:58] Iniciando processo
[24/08/2026 12:07:58] 4 registros encontrados
[24/08/2026 12:07:58] Registros que serão alterados:
[24/08/2026 12:07:58] NUSEQ 28543555 | NUPROCESSOEXTERNO 1513885-95.2026.8.26.0454
[24/08/2026 12:07:58] NUSEQ 28543845 | NUPROCESSOEXTERNO 1545877-59.2025.8.26.0050
[24/08/2026 12:07:58] NUSEQ 28543852 | NUPROCESSOEXTERNO 1500586-80.2025.8.26.0003
[24/08/2026 12:07:58] NUSEQ 28546834 | NUPROCESSOEXTERNO 1500379-42.2026.8.26.0425
[24/08/2026 12:07:58] Executando inserts iniciais...
[24/08/2026 12:07:58] INSERT OK - NUSEQ 28543555 | NUPROCESSOEXTERNO 1513885-95.2026.8.26.0454
[24/08/2026 12:07:59] INSERT OK - NUSEQ 28543845 | NUPROCESSOEXTERNO 1545877-59.2025.8.26.0050
[24/08/2026 12:07:59] INSERT OK - NUSEQ 28543852 | NUPROCESSOEXTERNO 1500586-80.2025.8.26.0003
[24/08/2026 12:07:59] INSERT OK - NUSEQ 28546834 | NUPROCESSOEXTERNO 1500379-42.2026.8.26.0425
[24/08/2026 12:07:59] Todos os inserts iniciais executados.
[24/08/2026 12:07:59] Reprocessando NUSEQ 28543555 | NUPROCESSOEXTERNO 1513885-95.2026.8.26.0454
[24/08/2026 12:08:00] Reprocessando NUSEQ 28543845 | NUPROCESSOEXTERNO 1545877-59.2025.8.26.0050
[24/08/2026 12:08:00] Reprocessando NUSEQ 28543852 | NUPROCESSOEXTERNO 1500586-80.2025.8.26.0003
[24/08/2026 12:08:00] Reprocessando NUSEQ 28546834 | NUPROCESSOEXTERNO 1500379-42.2026.8.26.0425
[24/08/2026 12:08:01] Reprocessamento inicial iniciado.
[24/08/2026 12:08:01] NUSEQ 28543555 | NUPROCESSOEXTERNO 1513885-95.2026.8.26.0454 STATUS 177
[24/08/2026 12:08:01] NUSEQ 28543845 | NUPROCESSOEXTERNO 1545877-59.2025.8.26.0050 STATUS 177
[24/08/2026 12:08:01] NUSEQ 28543852 | NUPROCESSOEXTERNO 1500586-80.2025.8.26.0003 STATUS 177
[24/08/2026 12:08:01] NUSEQ 28546834 | NUPROCESSOEXTERNO 1500379-42.2026.8.26.0425 STATUS 177
[24/08/2026 12:08:11] NUSEQ 28543555 | NUPROCESSOEXTERNO 1513885-95.2026.8.26.0454 STATUS 177
[24/08/2026 12:08:11] NUSEQ 28543845 | NUPROCESSOEXTERNO 1545877-59.2025.8.26.0050 STATUS 177
[24/08/2026 12:08:11] NUSEQ 28543852 | NUPROCESSOEXTERNO 1500586-80.2025.8.26.0003 STATUS 177
[24/08/2026 12:08:11] NUSEQ 28546834 | NUPROCESSOEXTERNO 1500379-42.2026.8.26.0425 STATUS 177
[24/08/2026 12:08:21] NUSEQ 28543555 | NUPROCESSOEXTERNO 1513885-95.2026.8.26.0454 STATUS 161
[24/08/2026 12:08:21] SUCESSO: NUSEQ 28543555 | NUPROCESSOEXTERNO 1513885-95.2026.8.26.0454 -> ID 2R000000H3XUI atualizado para grupo 39
[24/08/2026 12:08:21] NUSEQ 28543845 | NUPROCESSOEXTERNO 1545877-59.2025.8.26.0050 STATUS 161
[24/08/2026 12:08:22] SUCESSO: NUSEQ 28543845 | NUPROCESSOEXTERNO 1545877-59.2025.8.26.0050 -> ID 2R000000H3Y3U atualizado para grupo 39
[24/08/2026 12:08:22] NUSEQ 28543852 | NUPROCESSOEXTERNO 1500586-80.2025.8.26.0003 STATUS 161
[24/08/2026 12:08:22] SUCESSO: NUSEQ 28543852 | NUPROCESSOEXTERNO 1500586-80.2025.8.26.0003 -> ID 2R000000H3Y41 atualizado para grupo 39
[24/08/2026 12:08:22] NUSEQ 28546834 | NUPROCESSOEXTERNO 1500379-42.2026.8.26.0425 STATUS 177
[24/08/2026 12:08:32] NUSEQ 28546834 | NUPROCESSOEXTERNO 1500379-42.2026.8.26.0425 STATUS 161
[24/08/2026 12:08:32] SUCESSO: NUSEQ 28546834 | NUPROCESSOEXTERNO 1500379-42.2026.8.26.0425 -> ID 2R000000H40H3 atualizado para grupo 39
[24/08/2026 12:08:32] ============================================================
[24/08/2026 12:08:32] PROCESSAMENTO FINALIZADO
[24/08/2026 12:08:32] Total: 4
[24/08/2026 12:08:33] Sucesso: 4
[24/08/2026 12:08:33] Pendentes: 0
[24/08/2026 12:08:33] Nenhum pendente encontrado.
[24/08/2026 13:40:38] Total atualizado: 1 registros encontrados.
[24/08/2026 13:40:48] Iniciando processo
[24/08/2026 13:40:48] 1 registros encontrados
[24/08/2026 13:40:48] Registros que serão alterados:
[24/08/2026 13:40:48] NUSEQ 28553837 | NUPROCESSOEXTERNO 1548615-20.2025.8.26.0050
[24/08/2026 13:40:48] Executando inserts iniciais...
[24/08/2026 13:40:50] INSERT OK - NUSEQ 28553837 | NUPROCESSOEXTERNO 1548615-20.2025.8.26.0050
[24/08/2026 13:40:50] Todos os inserts iniciais executados.
[24/08/2026 13:40:50] Reprocessando NUSEQ 28553837 | NUPROCESSOEXTERNO 1548615-20.2025.8.26.0050
[24/08/2026 13:40:50] Reprocessamento inicial iniciado.
[24/08/2026 13:40:51] NUSEQ 28553837 | NUPROCESSOEXTERNO 1548615-20.2025.8.26.0050 STATUS 177
[24/08/2026 13:41:01] NUSEQ 28553837 | NUPROCESSOEXTERNO 1548615-20.2025.8.26.0050 STATUS 161
[24/08/2026 13:41:01] SUCESSO: NUSEQ 28553837 | NUPROCESSOEXTERNO 1548615-20.2025.8.26.0050 -> ID 2R000000H461X atualizado para grupo 39
[24/08/2026 13:41:01] ============================================================
[24/08/2026 13:41:01] PROCESSAMENTO FINALIZADO
[24/08/2026 13:41:01] Total: 1
[24/08/2026 13:41:01] Sucesso: 1
[24/08/2026 13:41:01] Pendentes: 0
[24/08/2026 13:41:01] Nenhum pendente encontrado.
[24/08/2026 14:50:45] Agendamento automático ativado.
[24/08/2026 14:50:45] Próxima execução automática agendada para daqui 30 minutos.
[24/08/2026 14:50:55] Total atualizado: 0 registros encontrados.
