[28/08/2026 00:17:37] Iniciando execução automática agendada.
[28/08/2026 00:17:41] Iniciando processo
[28/08/2026 00:17:42] Nenhum registro encontrado.
[28/08/2026 00:17:42] Próxima execução automática agendada para daqui 30 minutos.
[28/08/2026 00:47:42] Iniciando execução automática agendada.
[28/08/2026 00:47:45] Iniciando processo
[28/08/2026 00:47:45] Nenhum registro encontrado.
[28/08/2026 00:47:46] Próxima execução automática agendada para daqui 30 minutos.
[28/08/2026 01:17:46] Iniciando execução automática agendada.
[28/08/2026 01:17:49] Iniciando processo
[28/08/2026 01:17:50] Nenhum registro encontrado.
[28/08/2026 01:17:50] Próxima execução automática agendada para daqui 30 minutos.
[28/08/2026 01:47:50] Iniciando execução automática agendada.
[28/08/2026 01:47:53] Iniciando processo
[28/08/2026 01:47:54] Nenhum registro encontrado.
[28/08/2026 01:47:54] Próxima execução automática agendada para daqui 30 minutos.
[28/08/2026 02:17:54] Iniciando execução automática agendada.
[28/08/2026 02:17:57] Iniciando processo
[28/08/2026 02:17:58] Nenhum registro encontrado.
[28/08/2026 02:17:58] Próxima execução automática agendada para daqui 30 minutos.
[28/08/2026 02:47:58] Iniciando execução automática agendada.
[28/08/2026 02:48:03] Iniciando processo
[28/08/2026 02:48:03] Nenhum registro encontrado.
[28/08/2026 02:48:04] Próxima execução automática agendada para daqui 30 minutos.
[28/08/2026 03:18:04] Iniciando execução automática agendada.
[28/08/2026 03:18:07] Iniciando processo
[28/08/2026 03:18:08] Nenhum registro encontrado.
[28/08/2026 03:18:08] Próxima execução automática agendada para daqui 30 minutos.
[28/08/2026 03:48:08] Iniciando execução automática agendada.
[28/08/2026 03:48:12] Iniciando processo
[28/08/2026 03:48:13] Nenhum registro encontrado.
[28/08/2026 03:48:13] Próxima execução automática agendada para daqui 30 minutos.
[28/08/2026 04:18:13] Iniciando execução automática agendada.
[28/08/2026 04:18:18] Iniciando processo
[28/08/2026 04:18:19] Nenhum registro encontrado.
[28/08/2026 04:18:19] Próxima execução automática agendada para daqui 30 minutos.
[28/08/2026 04:48:19] Iniciando execução automática agendada.
[28/08/2026 04:48:24] Iniciando processo
[28/08/2026 04:48:24] Nenhum registro encontrado.
[28/08/2026 04:48:24] Próxima execução automática agendada para daqui 30 minutos.
[28/08/2026 05:18:24] Iniciando execução automática agendada.
[28/08/2026 05:18:27] Iniciando processo
[28/08/2026 05:18:28] Nenhum registro encontrado.
[28/08/2026 05:18:28] Próxima execução automática agendada para daqui 30 minutos.
[28/08/2026 05:48:28] Iniciando execução automática agendada.
[28/08/2026 05:48:32] Iniciando processo
[28/08/2026 05:48:32] Nenhum registro encontrado.
[28/08/2026 05:48:32] Próxima execução automática agendada para daqui 30 minutos.
[28/08/2026 06:18:32] Iniciando execução automática agendada.
[28/08/2026 06:18:35] Iniciando processo
[28/08/2026 06:18:36] Nenhum registro encontrado.
[28/08/2026 06:18:36] Próxima execução automática agendada para daqui 30 minutos.
[28/08/2026 06:48:36] Iniciando execução automática agendada.
[28/08/2026 06:48:40] Iniciando processo
[28/08/2026 06:48:40] Nenhum registro encontrado.
[28/08/2026 06:48:40] Próxima execução automática agendada para daqui 30 minutos.
[28/08/2026 07:18:40] Iniciando execução automática agendada.
[28/08/2026 07:18:44] Iniciando processo
[28/08/2026 07:18:44] Nenhum registro encontrado.
[28/08/2026 07:18:44] Próxima execução automática agendada para daqui 30 minutos.
[28/08/2026 07:48:44] Iniciando execução automática agendada.
[28/08/2026 07:48:49] Iniciando processo
[28/08/2026 07:48:49] Nenhum registro encontrado.
[28/08/2026 07:48:49] Próxima execução automática agendada para daqui 30 minutos.
[28/08/2026 08:18:49] Iniciando execução automática agendada.
[28/08/2026 08:19:02] Iniciando processo
[28/08/2026 08:19:03] Nenhum registro encontrado.
[28/08/2026 08:19:03] Próxima execução automática agendada para daqui 30 minutos.
[28/08/2026 08:49:03] Iniciando execução automática agendada.
[28/08/2026 08:49:07] Iniciando processo
[28/08/2026 08:49:07] Nenhum registro encontrado.
[28/08/2026 08:49:07] Próxima execução automática agendada para daqui 30 minutos.
[28/08/2026 09:13:15] Total atualizado: 0 registros encontrados.
[28/08/2026 09:19:07] Iniciando execução automática agendada.
[28/08/2026 09:19:11] Iniciando processo
[28/08/2026 09:19:11] Nenhum registro encontrado.
[28/08/2026 09:19:12] Próxima execução automática agendada para daqui 30 minutos.
[28/08/2026 09:49:12] Iniciando execução automática agendada.
[28/08/2026 09:49:16] Iniciando processo
[28/08/2026 09:49:16] Nenhum registro encontrado.
[28/08/2026 09:49:16] Próxima execução automática agendada para daqui 30 minutos.
[28/08/2026 10:19:16] Iniciando execução automática agendada.
[28/08/2026 10:19:20] Iniciando processo
[28/08/2026 10:19:20] 3 registros encontrados
[28/08/2026 10:19:20] Registros que serão alterados:
[28/08/2026 10:19:20] NUSEQ 28744466 | NUPROCESSOEXTERNO 0000261-98.2021.8.26.0140
[28/08/2026 10:19:20] NUSEQ 28746480 | NUPROCESSOEXTERNO 1530704-34.2021.8.26.0050
[28/08/2026 10:19:20] NUSEQ 28746885 | NUPROCESSOEXTERNO 1000062-42.2026.8.26.0380
[28/08/2026 10:19:20] Executando inserts iniciais...
[28/08/2026 10:19:20] INSERT OK - NUSEQ 28744466 | NUPROCESSOEXTERNO 0000261-98.2021.8.26.0140
[28/08/2026 10:19:21] INSERT OK - NUSEQ 28746480 | NUPROCESSOEXTERNO 1530704-34.2021.8.26.0050
[28/08/2026 10:19:21] INSERT OK - NUSEQ 28746885 | NUPROCESSOEXTERNO 1000062-42.2026.8.26.0380
[28/08/2026 10:19:21] Todos os inserts iniciais executados.
[28/08/2026 10:19:21] Reprocessando NUSEQ 28744466 | NUPROCESSOEXTERNO 0000261-98.2021.8.26.0140
[28/08/2026 10:19:21] Reprocessando NUSEQ 28746480 | NUPROCESSOEXTERNO 1530704-34.2021.8.26.0050
[28/08/2026 10:19:21] Reprocessando NUSEQ 28746885 | NUPROCESSOEXTERNO 1000062-42.2026.8.26.0380
[28/08/2026 10:19:22] Reprocessamento inicial iniciado.
[28/08/2026 10:19:22] NUSEQ 28744466 | NUPROCESSOEXTERNO 0000261-98.2021.8.26.0140 STATUS 177
[28/08/2026 10:19:22] NUSEQ 28746480 | NUPROCESSOEXTERNO 1530704-34.2021.8.26.0050 STATUS 177
[28/08/2026 10:19:22] NUSEQ 28746885 | NUPROCESSOEXTERNO 1000062-42.2026.8.26.0380 STATUS 177
[28/08/2026 10:19:32] NUSEQ 28744466 | NUPROCESSOEXTERNO 0000261-98.2021.8.26.0140 STATUS 161
[28/08/2026 10:19:32] SUCESSO: NUSEQ 28744466 | NUPROCESSOEXTERNO 0000261-98.2021.8.26.0140 -> ID 2R000000H8FH7 atualizado para grupo 39
[28/08/2026 10:19:32] NUSEQ 28746480 | NUPROCESSOEXTERNO 1530704-34.2021.8.26.0050 STATUS 161
[28/08/2026 10:19:33] SUCESSO: NUSEQ 28746480 | NUPROCESSOEXTERNO 1530704-34.2021.8.26.0050 -> ID 2R000000H8H2B atualizado para grupo 39
[28/08/2026 10:19:33] NUSEQ 28746885 | NUPROCESSOEXTERNO 1000062-42.2026.8.26.0380 STATUS 161
[28/08/2026 10:19:33] SUCESSO: NUSEQ 28746885 | NUPROCESSOEXTERNO 1000062-42.2026.8.26.0380 -> ID 2R000000H8HDK atualizado para grupo 39
[28/08/2026 10:19:33] ============================================================
[28/08/2026 10:19:33] PROCESSAMENTO FINALIZADO
[28/08/2026 10:19:33] Total: 3
[28/08/2026 10:19:33] Sucesso: 3
[28/08/2026 10:19:33] Pendentes: 0
[28/08/2026 10:19:33] Nenhum pendente encontrado.
[28/08/2026 10:19:33] Próxima execução automática agendada para daqui 30 minutos.
[28/08/2026 10:49:33] Iniciando execução automática agendada.
[28/08/2026 10:49:37] Iniciando processo
[28/08/2026 10:49:38] Nenhum registro encontrado.
[28/08/2026 10:49:38] Próxima execução automática agendada para daqui 30 minutos.
[28/08/2026 11:19:38] Iniciando execução automática agendada.
[28/08/2026 11:19:43] Iniciando processo
[28/08/2026 11:19:43] Nenhum registro encontrado.
[28/08/2026 11:19:43] Próxima execução automática agendada para daqui 30 minutos.
[28/08/2026 11:49:43] Iniciando execução automática agendada.
[28/08/2026 11:49:47] Iniciando processo
[28/08/2026 11:49:47] 2 registros encontrados
[28/08/2026 11:49:47] Registros que serão alterados:
[28/08/2026 11:49:47] NUSEQ 28754381 | NUPROCESSOEXTERNO 0023690-41.2018.8.26.0224
[28/08/2026 11:49:47] NUSEQ 28754555 | NUPROCESSOEXTERNO 1001010-53.2026.8.26.0454
[28/08/2026 11:49:47] Executando inserts iniciais...
[28/08/2026 11:49:47] INSERT OK - NUSEQ 28754381 | NUPROCESSOEXTERNO 0023690-41.2018.8.26.0224
[28/08/2026 11:49:47] INSERT OK - NUSEQ 28754555 | NUPROCESSOEXTERNO 1001010-53.2026.8.26.0454
[28/08/2026 11:49:47] Todos os inserts iniciais executados.
[28/08/2026 11:49:47] Reprocessando NUSEQ 28754381 | NUPROCESSOEXTERNO 0023690-41.2018.8.26.0224
[28/08/2026 11:49:48] Reprocessando NUSEQ 28754555 | NUPROCESSOEXTERNO 1001010-53.2026.8.26.0454
[28/08/2026 11:49:48] Reprocessamento inicial iniciado.
[28/08/2026 11:49:48] NUSEQ 28754381 | NUPROCESSOEXTERNO 0023690-41.2018.8.26.0224 STATUS 177
[28/08/2026 11:49:48] NUSEQ 28754555 | NUPROCESSOEXTERNO 1001010-53.2026.8.26.0454 STATUS 177
[28/08/2026 11:49:58] NUSEQ 28754381 | NUPROCESSOEXTERNO 0023690-41.2018.8.26.0224 STATUS 161
[28/08/2026 11:49:59] SUCESSO: NUSEQ 28754381 | NUPROCESSOEXTERNO 0023690-41.2018.8.26.0224 -> ID 2R000000H8NDK atualizado para grupo 39
[28/08/2026 11:49:59] NUSEQ 28754555 | NUPROCESSOEXTERNO 1001010-53.2026.8.26.0454 STATUS 161
[28/08/2026 11:49:59] SUCESSO: NUSEQ 28754555 | NUPROCESSOEXTERNO 1001010-53.2026.8.26.0454 -> ID 2R000000H8NIE atualizado para grupo 39
[28/08/2026 11:49:59] ============================================================
[28/08/2026 11:49:59] PROCESSAMENTO FINALIZADO
[28/08/2026 11:49:59] Total: 2
[28/08/2026 11:49:59] Sucesso: 2
[28/08/2026 11:49:59] Pendentes: 0
[28/08/2026 11:49:59] Nenhum pendente encontrado.
[28/08/2026 11:49:59] Próxima execução automática agendada para daqui 30 minutos.
[28/08/2026 12:19:59] Iniciando execução automática agendada.
[28/08/2026 12:20:03] Iniciando processo
[28/08/2026 12:20:04] 2 registros encontrados
[28/08/2026 12:20:04] Registros que serão alterados:
[28/08/2026 12:20:04] NUSEQ 28756370 | NUPROCESSOEXTERNO 1505394-02.2026.8.26.0454
[28/08/2026 12:20:04] NUSEQ 28757057 | NUPROCESSOEXTERNO 1516452-98.2026.8.26.0228
[28/08/2026 12:20:04] Executando inserts iniciais...
[28/08/2026 12:20:05] INSERT OK - NUSEQ 28756370 | NUPROCESSOEXTERNO 1505394-02.2026.8.26.0454
[28/08/2026 12:20:05] INSERT OK - NUSEQ 28757057 | NUPROCESSOEXTERNO 1516452-98.2026.8.26.0228
[28/08/2026 12:20:05] Todos os inserts iniciais executados.
[28/08/2026 12:20:05] Reprocessando NUSEQ 28756370 | NUPROCESSOEXTERNO 1505394-02.2026.8.26.0454
[28/08/2026 12:20:06] Reprocessando NUSEQ 28757057 | NUPROCESSOEXTERNO 1516452-98.2026.8.26.0228
[28/08/2026 12:20:06] Reprocessamento inicial iniciado.
[28/08/2026 12:20:06] NUSEQ 28756370 | NUPROCESSOEXTERNO 1505394-02.2026.8.26.0454 STATUS 177
[28/08/2026 12:20:06] NUSEQ 28757057 | NUPROCESSOEXTERNO 1516452-98.2026.8.26.0228 STATUS 177
[28/08/2026 12:20:16] NUSEQ 28756370 | NUPROCESSOEXTERNO 1505394-02.2026.8.26.0454 STATUS 161
[28/08/2026 12:20:17] SUCESSO: NUSEQ 28756370 | NUPROCESSOEXTERNO 1505394-02.2026.8.26.0454 -> ID 2R000000H8OYD atualizado para grupo 39
[28/08/2026 12:20:17] NUSEQ 28757057 | NUPROCESSOEXTERNO 1516452-98.2026.8.26.0228 STATUS 161
[28/08/2026 12:20:17] SUCESSO: NUSEQ 28757057 | NUPROCESSOEXTERNO 1516452-98.2026.8.26.0228 -> ID 2R000000H8PIR atualizado para grupo 39
[28/08/2026 12:20:17] ============================================================
[28/08/2026 12:20:17] PROCESSAMENTO FINALIZADO
[28/08/2026 12:20:17] Total: 2
[28/08/2026 12:20:17] Sucesso: 2
[28/08/2026 12:20:17] Pendentes: 0
[28/08/2026 12:20:17] Nenhum pendente encontrado.
[28/08/2026 12:20:17] Próxima execução automática agendada para daqui 30 minutos.
[28/08/2026 12:50:17] Iniciando execução automática agendada.
[28/08/2026 12:50:22] Iniciando processo
[28/08/2026 12:50:22] 1 registros encontrados
[28/08/2026 12:50:22] Registros que serão alterados:
[28/08/2026 12:50:22] NUSEQ 28758748 | NUPROCESSOEXTERNO 1514236-68.2026.8.26.0454
[28/08/2026 12:50:22] Executando inserts iniciais...
[28/08/2026 12:50:23] INSERT OK - NUSEQ 28758748 | NUPROCESSOEXTERNO 1514236-68.2026.8.26.0454
[28/08/2026 12:50:23] Todos os inserts iniciais executados.
[28/08/2026 12:50:23] Reprocessando NUSEQ 28758748 | NUPROCESSOEXTERNO 1514236-68.2026.8.26.0454
[28/08/2026 12:50:24] Reprocessamento inicial iniciado.
[28/08/2026 12:50:24] NUSEQ 28758748 | NUPROCESSOEXTERNO 1514236-68.2026.8.26.0454 STATUS 177
[28/08/2026 12:50:34] NUSEQ 28758748 | NUPROCESSOEXTERNO 1514236-68.2026.8.26.0454 STATUS 161
[28/08/2026 12:50:34] SUCESSO: NUSEQ 28758748 | NUPROCESSOEXTERNO 1514236-68.2026.8.26.0454 -> ID 2R000000H8QUX atualizado para grupo 39
[28/08/2026 12:50:34] ============================================================
[28/08/2026 12:50:34] PROCESSAMENTO FINALIZADO
[28/08/2026 12:50:34] Total: 1
[28/08/2026 12:50:34] Sucesso: 1
[28/08/2026 12:50:34] Pendentes: 0
[28/08/2026 12:50:34] Nenhum pendente encontrado.
[28/08/2026 12:50:35] Próxima execução automática agendada para daqui 30 minutos.
[28/08/2026 13:20:35] Iniciando execução automática agendada.
[28/08/2026 13:20:41] Iniciando processo
[28/08/2026 13:20:42] 4 registros encontrados
[28/08/2026 13:20:42] Registros que serão alterados:
[28/08/2026 13:20:42] NUSEQ 28760399 | NUPROCESSOEXTERNO 0005706-84.2022.8.26.0521
[28/08/2026 13:20:42] NUSEQ 28760883 | NUPROCESSOEXTERNO 0020760-17.2025.8.26.0576
[28/08/2026 13:20:42] NUSEQ 28760177 | NUPROCESSOEXTERNO 0000866-95.2026.8.26.0228
[28/08/2026 13:20:42] NUSEQ 28760884 | NUPROCESSOEXTERNO 1501999-27.2024.8.26.0048
[28/08/2026 13:20:42] Executando inserts iniciais...
[28/08/2026 13:20:42] INSERT OK - NUSEQ 28760399 | NUPROCESSOEXTERNO 0005706-84.2022.8.26.0521
[28/08/2026 13:20:42] INSERT OK - NUSEQ 28760883 | NUPROCESSOEXTERNO 0020760-17.2025.8.26.0576
[28/08/2026 13:20:43] INSERT OK - NUSEQ 28760177 | NUPROCESSOEXTERNO 0000866-95.2026.8.26.0228
[28/08/2026 13:20:43] INSERT OK - NUSEQ 28760884 | NUPROCESSOEXTERNO 1501999-27.2024.8.26.0048
[28/08/2026 13:20:43] Todos os inserts iniciais executados.
[28/08/2026 13:20:43] Reprocessando NUSEQ 28760399 | NUPROCESSOEXTERNO 0005706-84.2022.8.26.0521
[28/08/2026 13:20:44] Reprocessando NUSEQ 28760883 | NUPROCESSOEXTERNO 0020760-17.2025.8.26.0576
[28/08/2026 13:20:44] Reprocessando NUSEQ 28760177 | NUPROCESSOEXTERNO 0000866-95.2026.8.26.0228
[28/08/2026 13:20:44] Reprocessando NUSEQ 28760884 | NUPROCESSOEXTERNO 1501999-27.2024.8.26.0048
[28/08/2026 13:20:45] Reprocessamento inicial iniciado.
[28/08/2026 13:20:45] NUSEQ 28760177 | NUPROCESSOEXTERNO 0000866-95.2026.8.26.0228 STATUS 177
[28/08/2026 13:20:45] NUSEQ 28760399 | NUPROCESSOEXTERNO 0005706-84.2022.8.26.0521 STATUS 177
[28/08/2026 13:20:45] NUSEQ 28760883 | NUPROCESSOEXTERNO 0020760-17.2025.8.26.0576 STATUS 177
[28/08/2026 13:20:45] NUSEQ 28760884 | NUPROCESSOEXTERNO 1501999-27.2024.8.26.0048 STATUS 177
[28/08/2026 13:20:55] NUSEQ 28760177 | NUPROCESSOEXTERNO 0000866-95.2026.8.26.0228 STATUS 161
[28/08/2026 13:20:55] SUCESSO: NUSEQ 28760177 | NUPROCESSOEXTERNO 0000866-95.2026.8.26.0228 -> ID 2R000000H8RZS atualizado para grupo 39
[28/08/2026 13:20:55] NUSEQ 28760399 | NUPROCESSOEXTERNO 0005706-84.2022.8.26.0521 STATUS 161
[28/08/2026 13:20:56] SUCESSO: NUSEQ 28760399 | NUPROCESSOEXTERNO 0005706-84.2022.8.26.0521 -> ID 2R000000H8S5Y atualizado para grupo 39
[28/08/2026 13:20:56] NUSEQ 28760883 | NUPROCESSOEXTERNO 0020760-17.2025.8.26.0576 STATUS 177
[28/08/2026 13:20:56] NUSEQ 28760884 | NUPROCESSOEXTERNO 1501999-27.2024.8.26.0048 STATUS 177
[28/08/2026 13:21:06] NUSEQ 28760883 | NUPROCESSOEXTERNO 0020760-17.2025.8.26.0576 STATUS 161
[28/08/2026 13:21:06] SUCESSO: NUSEQ 28760883 | NUPROCESSOEXTERNO 0020760-17.2025.8.26.0576 -> ID 2R000000H8SKJ atualizado para grupo 39
[28/08/2026 13:21:06] NUSEQ 28760884 | NUPROCESSOEXTERNO 1501999-27.2024.8.26.0048 STATUS 177
[28/08/2026 13:21:17] NUSEQ 28760884 | NUPROCESSOEXTERNO 1501999-27.2024.8.26.0048 STATUS 161
[28/08/2026 13:21:17] SUCESSO: NUSEQ 28760884 | NUPROCESSOEXTERNO 1501999-27.2024.8.26.0048 -> ID 2R000000H8SKK atualizado para grupo 39
[28/08/2026 13:21:17] ============================================================
[28/08/2026 13:21:17] PROCESSAMENTO FINALIZADO
[28/08/2026 13:21:17] Total: 4
[28/08/2026 13:21:17] Sucesso: 4
[28/08/2026 13:21:17] Pendentes: 0
[28/08/2026 13:21:17] Nenhum pendente encontrado.
[28/08/2026 13:21:17] Próxima execução automática agendada para daqui 30 minutos.
[28/08/2026 13:51:17] Iniciando execução automática agendada.
[28/08/2026 13:51:21] Iniciando processo
[28/08/2026 13:51:21] 1 registros encontrados
[28/08/2026 13:51:21] Registros que serão alterados:
[28/08/2026 13:51:21] NUSEQ 28763553 | NUPROCESSOEXTERNO 0003312-72.2026.8.26.0454
[28/08/2026 13:51:21] Executando inserts iniciais...
[28/08/2026 13:51:22] INSERT OK - NUSEQ 28763553 | NUPROCESSOEXTERNO 0003312-72.2026.8.26.0454
[28/08/2026 13:51:22] Todos os inserts iniciais executados.
[28/08/2026 13:51:22] Reprocessando NUSEQ 28763553 | NUPROCESSOEXTERNO 0003312-72.2026.8.26.0454
[28/08/2026 13:51:22] Reprocessamento inicial iniciado.
[28/08/2026 13:51:22] NUSEQ 28763553 | NUPROCESSOEXTERNO 0003312-72.2026.8.26.0454 STATUS 177
[28/08/2026 13:51:32] NUSEQ 28763553 | NUPROCESSOEXTERNO 0003312-72.2026.8.26.0454 STATUS 161
[28/08/2026 13:51:33] SUCESSO: NUSEQ 28763553 | NUPROCESSOEXTERNO 0003312-72.2026.8.26.0454 -> ID 2R000000H8UPF atualizado para grupo 39
[28/08/2026 13:51:33] ============================================================
[28/08/2026 13:51:33] PROCESSAMENTO FINALIZADO
[28/08/2026 13:51:33] Total: 1
[28/08/2026 13:51:33] Sucesso: 1
[28/08/2026 13:51:33] Pendentes: 0
[28/08/2026 13:51:33] Nenhum pendente encontrado.
[28/08/2026 13:51:33] Próxima execução automática agendada para daqui 30 minutos.
[28/08/2026 14:21:33] Iniciando execução automática agendada.
[28/08/2026 14:21:37] Iniciando processo
[28/08/2026 14:21:38] 1 registros encontrados
[28/08/2026 14:21:38] Registros que serão alterados:
[28/08/2026 14:21:38] NUSEQ 28765003 | NUPROCESSOEXTERNO 1500266-34.2026.8.26.0346
[28/08/2026 14:21:38] Executando inserts iniciais...
[28/08/2026 14:21:38] INSERT OK - NUSEQ 28765003 | NUPROCESSOEXTERNO 1500266-34.2026.8.26.0346
[28/08/2026 14:21:38] Todos os inserts iniciais executados.
[28/08/2026 14:21:38] Reprocessando NUSEQ 28765003 | NUPROCESSOEXTERNO 1500266-34.2026.8.26.0346
[28/08/2026 14:21:39] Reprocessamento inicial iniciado.
[28/08/2026 14:21:39] NUSEQ 28765003 | NUPROCESSOEXTERNO 1500266-34.2026.8.26.0346 STATUS 177
[28/08/2026 14:21:49] NUSEQ 28765003 | NUPROCESSOEXTERNO 1500266-34.2026.8.26.0346 STATUS 161
[28/08/2026 14:21:49] SUCESSO: NUSEQ 28765003 | NUPROCESSOEXTERNO 1500266-34.2026.8.26.0346 -> ID 2R000000H8VV6 atualizado para grupo 39
[28/08/2026 14:21:49] ============================================================
[28/08/2026 14:21:49] PROCESSAMENTO FINALIZADO
[28/08/2026 14:21:50] Total: 1
[28/08/2026 14:21:50] Sucesso: 1
[28/08/2026 14:21:50] Pendentes: 0
[28/08/2026 14:21:50] Nenhum pendente encontrado.
[28/08/2026 14:21:50] Próxima execução automática agendada para daqui 30 minutos.
[28/08/2026 14:51:50] Iniciando execução automática agendada.
[28/08/2026 14:51:54] Iniciando processo
[28/08/2026 14:51:55] Nenhum registro encontrado.
[28/08/2026 14:51:55] Próxima execução automática agendada para daqui 30 minutos.
[28/08/2026 15:21:55] Iniciando execução automática agendada.
[28/08/2026 15:21:59] Iniciando processo
[28/08/2026 15:22:00] 1 registros encontrados
[28/08/2026 15:22:00] Registros que serão alterados:
[28/08/2026 15:22:00] NUSEQ 28771425 | NUPROCESSOEXTERNO 0024206-91.2019.8.26.0041
[28/08/2026 15:22:00] Executando inserts iniciais...
[28/08/2026 15:22:00] INSERT OK - NUSEQ 28771425 | NUPROCESSOEXTERNO 0024206-91.2019.8.26.0041
[28/08/2026 15:22:00] Todos os inserts iniciais executados.
[28/08/2026 15:22:00] Reprocessando NUSEQ 28771425 | NUPROCESSOEXTERNO 0024206-91.2019.8.26.0041
[28/08/2026 15:22:01] Reprocessamento inicial iniciado.
[28/08/2026 15:22:01] NUSEQ 28771425 | NUPROCESSOEXTERNO 0024206-91.2019.8.26.0041 STATUS 177
[28/08/2026 15:22:11] NUSEQ 28771425 | NUPROCESSOEXTERNO 0024206-91.2019.8.26.0041 STATUS 177
[28/08/2026 15:22:21] NUSEQ 28771425 | NUPROCESSOEXTERNO 0024206-91.2019.8.26.0041 STATUS 177
[28/08/2026 15:22:31] NUSEQ 28771425 | NUPROCESSOEXTERNO 0024206-91.2019.8.26.0041 STATUS 177
[28/08/2026 15:22:42] NUSEQ 28771425 | NUPROCESSOEXTERNO 0024206-91.2019.8.26.0041 STATUS 177
[28/08/2026 15:22:52] NUSEQ 28771425 | NUPROCESSOEXTERNO 0024206-91.2019.8.26.0041 STATUS 177
[28/08/2026 15:23:02] NUSEQ 28771425 | NUPROCESSOEXTERNO 0024206-91.2019.8.26.0041 STATUS 177
[28/08/2026 15:23:12] NUSEQ 28771425 | NUPROCESSOEXTERNO 0024206-91.2019.8.26.0041 STATUS 161
[28/08/2026 15:23:12] SUCESSO: NUSEQ 28771425 | NUPROCESSOEXTERNO 0024206-91.2019.8.26.0041 -> ID 2R000000H9132 atualizado para grupo 39
[28/08/2026 15:23:12] ============================================================
[28/08/2026 15:23:12] PROCESSAMENTO FINALIZADO
[28/08/2026 15:23:12] Total: 1
[28/08/2026 15:23:12] Sucesso: 1
[28/08/2026 15:23:12] Pendentes: 0
[28/08/2026 15:23:12] Nenhum pendente encontrado.
[28/08/2026 15:23:13] Próxima execução automática agendada para daqui 30 minutos.
[28/08/2026 15:53:13] Iniciando execução automática agendada.
[28/08/2026 15:53:18] Iniciando processo
[28/08/2026 15:53:18] 1 registros encontrados
[28/08/2026 15:53:18] Registros que serão alterados:
[28/08/2026 15:53:18] NUSEQ 28772373 | NUPROCESSOEXTERNO 1501550-47.2025.8.26.0529
[28/08/2026 15:53:18] Executando inserts iniciais...
[28/08/2026 15:53:19] INSERT OK - NUSEQ 28772373 | NUPROCESSOEXTERNO 1501550-47.2025.8.26.0529
[28/08/2026 15:53:19] Todos os inserts iniciais executados.
[28/08/2026 15:53:19] Reprocessando NUSEQ 28772373 | NUPROCESSOEXTERNO 1501550-47.2025.8.26.0529
[28/08/2026 15:53:19] Reprocessamento inicial iniciado.
[28/08/2026 15:53:20] NUSEQ 28772373 | NUPROCESSOEXTERNO 1501550-47.2025.8.26.0529 STATUS 177
[28/08/2026 15:53:30] NUSEQ 28772373 | NUPROCESSOEXTERNO 1501550-47.2025.8.26.0529 STATUS 161
[28/08/2026 15:53:30] SUCESSO: NUSEQ 28772373 | NUPROCESSOEXTERNO 1501550-47.2025.8.26.0529 -> ID 2R000000H91TE atualizado para grupo 39
[28/08/2026 15:53:30] ============================================================
[28/08/2026 15:53:30] PROCESSAMENTO FINALIZADO
[28/08/2026 15:53:30] Total: 1
[28/08/2026 15:53:30] Sucesso: 1
[28/08/2026 15:53:30] Pendentes: 0
[28/08/2026 15:53:30] Nenhum pendente encontrado.
[28/08/2026 15:53:30] Próxima execução automática agendada para daqui 30 minutos.
[28/08/2026 16:23:30] Iniciando execução automática agendada.
[28/08/2026 16:23:35] Iniciando processo
[28/08/2026 16:23:36] 1 registros encontrados
[28/08/2026 16:23:36] Registros que serão alterados:
[28/08/2026 16:23:36] NUSEQ 28777663 | NUPROCESSOEXTERNO 1538286-12.2026.8.26.0050
[28/08/2026 16:23:36] Executando inserts iniciais...
[28/08/2026 16:23:37] INSERT OK - NUSEQ 28777663 | NUPROCESSOEXTERNO 1538286-12.2026.8.26.0050
[28/08/2026 16:23:37] Todos os inserts iniciais executados.
[28/08/2026 16:23:37] Reprocessando NUSEQ 28777663 | NUPROCESSOEXTERNO 1538286-12.2026.8.26.0050
[28/08/2026 16:23:37] Reprocessamento inicial iniciado.
[28/08/2026 16:23:37] NUSEQ 28777663 | NUPROCESSOEXTERNO 1538286-12.2026.8.26.0050 STATUS 177
[28/08/2026 16:23:47] NUSEQ 28777663 | NUPROCESSOEXTERNO 1538286-12.2026.8.26.0050 STATUS 161
[28/08/2026 16:23:48] SUCESSO: NUSEQ 28777663 | NUPROCESSOEXTERNO 1538286-12.2026.8.26.0050 -> ID 2R000000H965G atualizado para grupo 39
[28/08/2026 16:23:48] ============================================================
[28/08/2026 16:23:48] PROCESSAMENTO FINALIZADO
[28/08/2026 16:23:48] Total: 1
[28/08/2026 16:23:48] Sucesso: 1
[28/08/2026 16:23:48] Pendentes: 0
[28/08/2026 16:23:48] Nenhum pendente encontrado.
[28/08/2026 16:23:48] Próxima execução automática agendada para daqui 30 minutos.
[28/08/2026 16:53:48] Iniciando execução automática agendada.
[28/08/2026 16:53:52] Iniciando processo
[28/08/2026 16:53:53] 1 registros encontrados
[28/08/2026 16:53:53] Registros que serão alterados:
[28/08/2026 16:53:53] NUSEQ 28779807 | NUPROCESSOEXTERNO 1524471-94.2026.8.26.0454
[28/08/2026 16:53:53] Executando inserts iniciais...
[28/08/2026 16:53:53] INSERT OK - NUSEQ 28779807 | NUPROCESSOEXTERNO 1524471-94.2026.8.26.0454
[28/08/2026 16:53:53] Todos os inserts iniciais executados.
[28/08/2026 16:53:53] Reprocessando NUSEQ 28779807 | NUPROCESSOEXTERNO 1524471-94.2026.8.26.0454
[28/08/2026 16:53:53] Reprocessamento inicial iniciado.
[28/08/2026 16:53:54] NUSEQ 28779807 | NUPROCESSOEXTERNO 1524471-94.2026.8.26.0454 STATUS 177
[28/08/2026 16:54:04] NUSEQ 28779807 | NUPROCESSOEXTERNO 1524471-94.2026.8.26.0454 STATUS 177
[28/08/2026 16:54:14] NUSEQ 28779807 | NUPROCESSOEXTERNO 1524471-94.2026.8.26.0454 STATUS 161
[28/08/2026 16:54:14] SUCESSO: NUSEQ 28779807 | NUPROCESSOEXTERNO 1524471-94.2026.8.26.0454 -> ID 2R000000H97VM atualizado para grupo 39
[28/08/2026 16:54:14] ============================================================
[28/08/2026 16:54:14] PROCESSAMENTO FINALIZADO
[28/08/2026 16:54:14] Total: 1
[28/08/2026 16:54:14] Sucesso: 1
[28/08/2026 16:54:14] Pendentes: 0
[28/08/2026 16:54:14] Nenhum pendente encontrado.
[28/08/2026 16:54:15] Próxima execução automática agendada para daqui 30 minutos.
[28/08/2026 17:24:15] Iniciando execução automática agendada.
[28/08/2026 17:24:19] Iniciando processo
[28/08/2026 17:24:20] 1 registros encontrados
[28/08/2026 17:24:20] Registros que serão alterados:
[28/08/2026 17:24:20] NUSEQ 28781889 | NUPROCESSOEXTERNO 1515457-85.2026.8.26.0228
[28/08/2026 17:24:20] Executando inserts iniciais...
[28/08/2026 17:24:21] INSERT OK - NUSEQ 28781889 | NUPROCESSOEXTERNO 1515457-85.2026.8.26.0228
[28/08/2026 17:24:21] Todos os inserts iniciais executados.
[28/08/2026 17:24:21] Reprocessando NUSEQ 28781889 | NUPROCESSOEXTERNO 1515457-85.2026.8.26.0228
[28/08/2026 17:24:21] Reprocessamento inicial iniciado.
[28/08/2026 17:24:21] NUSEQ 28781889 | NUPROCESSOEXTERNO 1515457-85.2026.8.26.0228 STATUS 177
[28/08/2026 17:24:31] NUSEQ 28781889 | NUPROCESSOEXTERNO 1515457-85.2026.8.26.0228 STATUS 177
[28/08/2026 17:24:42] NUSEQ 28781889 | NUPROCESSOEXTERNO 1515457-85.2026.8.26.0228 STATUS 161
[28/08/2026 17:24:42] SUCESSO: NUSEQ 28781889 | NUPROCESSOEXTERNO 1515457-85.2026.8.26.0228 -> ID 2R000000H99JO atualizado para grupo 39
[28/08/2026 17:24:42] ============================================================
[28/08/2026 17:24:42] PROCESSAMENTO FINALIZADO
[28/08/2026 17:24:42] Total: 1
[28/08/2026 17:24:42] Sucesso: 1
[28/08/2026 17:24:42] Pendentes: 0
[28/08/2026 17:24:42] Nenhum pendente encontrado.
[28/08/2026 17:24:42] Próxima execução automática agendada para daqui 30 minutos.
[28/08/2026 17:54:42] Iniciando execução automática agendada.
[28/08/2026 17:54:46] Iniciando processo
[28/08/2026 17:54:47] Nenhum registro encontrado.
[28/08/2026 17:54:47] Próxima execução automática agendada para daqui 30 minutos.
[28/08/2026 18:24:47] Iniciando execução automática agendada.
[28/08/2026 18:24:51] Iniciando processo
[28/08/2026 18:24:51] Nenhum registro encontrado.
[28/08/2026 18:24:51] Próxima execução automática agendada para daqui 30 minutos.
[28/08/2026 18:54:51] Iniciando execução automática agendada.
[28/08/2026 18:54:56] Iniciando processo
[28/08/2026 18:54:56] Nenhum registro encontrado.
[28/08/2026 18:54:56] Próxima execução automática agendada para daqui 30 minutos.
[28/08/2026 19:24:56] Iniciando execução automática agendada.
[28/08/2026 19:25:01] Iniciando processo
[28/08/2026 19:25:06] Nenhum registro encontrado.
[28/08/2026 19:25:06] Próxima execução automática agendada para daqui 30 minutos.
[28/08/2026 19:55:06] Iniciando execução automática agendada.
[28/08/2026 19:55:11] Iniciando processo
[28/08/2026 19:55:39] Nenhum registro encontrado.
[28/08/2026 19:55:39] Próxima execução automática agendada para daqui 30 minutos.
[28/08/2026 20:25:39] Iniciando execução automática agendada.
[28/08/2026 20:25:44] Iniciando processo
[28/08/2026 20:25:48] Nenhum registro encontrado.
[28/08/2026 20:25:48] Próxima execução automática agendada para daqui 30 minutos.
[28/08/2026 20:55:48] Iniciando execução automática agendada.
[28/08/2026 20:55:53] Iniciando processo
[28/08/2026 20:55:55] Nenhum registro encontrado.
[28/08/2026 20:55:55] Próxima execução automática agendada para daqui 30 minutos.
[28/08/2026 21:25:55] Iniciando execução automática agendada.
[28/08/2026 21:25:59] Iniciando processo
[28/08/2026 21:26:01] Nenhum registro encontrado.
[28/08/2026 21:26:01] Próxima execução automática agendada para daqui 30 minutos.
[28/08/2026 21:56:01] Iniciando execução automática agendada.
[28/08/2026 21:56:06] Iniciando processo
[28/08/2026 21:56:40] Nenhum registro encontrado.
[28/08/2026 21:56:40] Próxima execução automática agendada para daqui 30 minutos.
[28/08/2026 22:26:40] Iniciando execução automática agendada.
[28/08/2026 22:26:44] Iniciando processo
[28/08/2026 22:26:47] Nenhum registro encontrado.
[28/08/2026 22:26:47] Próxima execução automática agendada para daqui 30 minutos.
[28/08/2026 22:56:47] Iniciando execução automática agendada.
[28/08/2026 22:56:52] Iniciando processo
[28/08/2026 22:56:53] Nenhum registro encontrado.
[28/08/2026 22:56:53] Próxima execução automática agendada para daqui 30 minutos.
[28/08/2026 23:26:53] Iniciando execução automática agendada.
[28/08/2026 23:26:57] Iniciando processo
[28/08/2026 23:26:58] 1 registros encontrados
[28/08/2026 23:26:58] Registros que serão alterados:
[28/08/2026 23:26:58] NUSEQ 28786741 | NUPROCESSOEXTERNO 0001076-14.2025.8.26.0154
[28/08/2026 23:26:58] Executando inserts iniciais...
[28/08/2026 23:26:58] INSERT OK - NUSEQ 28786741 | NUPROCESSOEXTERNO 0001076-14.2025.8.26.0154
[28/08/2026 23:26:58] Todos os inserts iniciais executados.
[28/08/2026 23:26:58] Reprocessando NUSEQ 28786741 | NUPROCESSOEXTERNO 0001076-14.2025.8.26.0154
[28/08/2026 23:26:59] Reprocessamento inicial iniciado.
[28/08/2026 23:26:59] NUSEQ 28786741 | NUPROCESSOEXTERNO 0001076-14.2025.8.26.0154 STATUS 177
[28/08/2026 23:27:09] NUSEQ 28786741 | NUPROCESSOEXTERNO 0001076-14.2025.8.26.0154 STATUS 161
[28/08/2026 23:27:09] SUCESSO: NUSEQ 28786741 | NUPROCESSOEXTERNO 0001076-14.2025.8.26.0154 -> ID 2R000000H9DKS atualizado para grupo 39
[28/08/2026 23:27:09] ============================================================
[28/08/2026 23:27:09] PROCESSAMENTO FINALIZADO
[28/08/2026 23:27:09] Total: 1
[28/08/2026 23:27:09] Sucesso: 1
[28/08/2026 23:27:09] Pendentes: 0
[28/08/2026 23:27:10] Nenhum pendente encontrado.
[28/08/2026 23:27:10] Próxima execução automática agendada para daqui 30 minutos.
[28/08/2026 23:57:10] Iniciando execução automática agendada.
[28/08/2026 23:57:14] Iniciando processo
[28/08/2026 23:57:15] Nenhum registro encontrado.
[28/08/2026 23:57:15] Próxima execução automática agendada para daqui 30 minutos.
