[04/09/2026 00:10:38] Iniciando execução automática agendada.
[04/09/2026 00:10:43] Iniciando processo
[04/09/2026 00:10:43] Nenhum registro encontrado.
[04/09/2026 00:10:43] Próxima execução automática agendada para daqui 30 minutos.
[04/09/2026 00:40:43] Iniciando execução automática agendada.
[04/09/2026 00:40:48] Iniciando processo
[04/09/2026 00:40:48] Nenhum registro encontrado.
[04/09/2026 00:40:48] Próxima execução automática agendada para daqui 30 minutos.
[04/09/2026 01:10:48] Iniciando execução automática agendada.
[04/09/2026 01:10:52] Iniciando processo
[04/09/2026 01:10:53] Nenhum registro encontrado.
[04/09/2026 01:10:53] Próxima execução automática agendada para daqui 30 minutos.
[04/09/2026 01:40:53] Iniciando execução automática agendada.
[04/09/2026 01:40:58] Iniciando processo
[04/09/2026 01:40:59] Nenhum registro encontrado.
[04/09/2026 01:40:59] Próxima execução automática agendada para daqui 30 minutos.
[04/09/2026 02:10:59] Iniciando execução automática agendada.
[04/09/2026 02:11:03] Iniciando processo
[04/09/2026 02:11:03] Nenhum registro encontrado.
[04/09/2026 02:11:03] Próxima execução automática agendada para daqui 30 minutos.
[04/09/2026 02:41:03] Iniciando execução automática agendada.
[04/09/2026 02:41:07] Iniciando processo
[04/09/2026 02:41:08] Nenhum registro encontrado.
[04/09/2026 02:41:08] Próxima execução automática agendada para daqui 30 minutos.
[04/09/2026 03:11:08] Iniciando execução automática agendada.
[04/09/2026 03:11:12] Iniciando processo
[04/09/2026 03:11:16] Nenhum registro encontrado.
[04/09/2026 03:11:16] Próxima execução automática agendada para daqui 30 minutos.
[04/09/2026 03:41:16] Iniciando execução automática agendada.
[04/09/2026 03:41:21] Iniciando processo
[04/09/2026 03:41:22] Nenhum registro encontrado.
[04/09/2026 03:41:22] Próxima execução automática agendada para daqui 30 minutos.
[04/09/2026 04:11:22] Iniciando execução automática agendada.
[04/09/2026 04:11:26] Iniciando processo
[04/09/2026 04:11:32] Nenhum registro encontrado.
[04/09/2026 04:11:32] Próxima execução automática agendada para daqui 30 minutos.
[04/09/2026 04:41:32] Iniciando execução automática agendada.
[04/09/2026 04:41:37] Iniciando processo
[04/09/2026 04:41:39] Nenhum registro encontrado.
[04/09/2026 04:41:39] Próxima execução automática agendada para daqui 30 minutos.
[04/09/2026 05:11:39] Iniciando execução automática agendada.
[04/09/2026 05:11:43] Iniciando processo
[04/09/2026 05:11:43] Nenhum registro encontrado.
[04/09/2026 05:11:44] Próxima execução automática agendada para daqui 30 minutos.
[04/09/2026 05:41:44] Iniciando execução automática agendada.
[04/09/2026 05:41:49] Iniciando processo
[04/09/2026 05:41:50] Nenhum registro encontrado.
[04/09/2026 05:41:50] Próxima execução automática agendada para daqui 30 minutos.
[04/09/2026 06:11:50] Iniciando execução automática agendada.
[04/09/2026 06:11:54] Iniciando processo
[04/09/2026 06:11:54] Nenhum registro encontrado.
[04/09/2026 06:11:54] Próxima execução automática agendada para daqui 30 minutos.
[04/09/2026 06:41:54] Iniciando execução automática agendada.
[04/09/2026 06:41:59] Iniciando processo
[04/09/2026 06:41:59] Nenhum registro encontrado.
[04/09/2026 06:41:59] Próxima execução automática agendada para daqui 30 minutos.
[04/09/2026 07:11:59] Iniciando execução automática agendada.
[04/09/2026 07:12:03] Iniciando processo
[04/09/2026 07:12:04] Nenhum registro encontrado.
[04/09/2026 07:12:04] Próxima execução automática agendada para daqui 30 minutos.
[04/09/2026 07:42:04] Iniciando execução automática agendada.
[04/09/2026 07:42:08] Iniciando processo
[04/09/2026 07:42:08] Nenhum registro encontrado.
[04/09/2026 07:42:08] Próxima execução automática agendada para daqui 30 minutos.
[04/09/2026 08:12:08] Iniciando execução automática agendada.
[04/09/2026 08:12:16] Iniciando processo
[04/09/2026 08:12:16] Nenhum registro encontrado.
[04/09/2026 08:12:17] Próxima execução automática agendada para daqui 30 minutos.
[04/09/2026 08:42:17] Iniciando execução automática agendada.
[04/09/2026 08:42:22] Iniciando processo
[04/09/2026 08:42:22] Nenhum registro encontrado.
[04/09/2026 08:42:22] Próxima execução automática agendada para daqui 30 minutos.
[04/09/2026 09:12:22] Iniciando execução automática agendada.
[04/09/2026 09:12:29] Iniciando processo
[04/09/2026 09:12:30] Nenhum registro encontrado.
[04/09/2026 09:12:30] Próxima execução automática agendada para daqui 30 minutos.
[04/09/2026 09:42:30] Iniciando execução automática agendada.
[04/09/2026 09:42:34] Iniciando processo
[04/09/2026 09:42:35] 1 registros encontrados
[04/09/2026 09:42:35] Registros que serão alterados:
[04/09/2026 09:42:35] NUSEQ 29003113 | NUPROCESSOEXTERNO 0014853-61.2018.8.26.0041
[04/09/2026 09:42:35] Executando inserts iniciais...
[04/09/2026 09:42:35] INSERT OK - NUSEQ 29003113 | NUPROCESSOEXTERNO 0014853-61.2018.8.26.0041
[04/09/2026 09:42:35] Todos os inserts iniciais executados.
[04/09/2026 09:42:35] Reprocessando NUSEQ 29003113 | NUPROCESSOEXTERNO 0014853-61.2018.8.26.0041
[04/09/2026 09:42:35] Reprocessamento inicial iniciado.
[04/09/2026 09:42:35] NUSEQ 29003113 | NUPROCESSOEXTERNO 0014853-61.2018.8.26.0041 STATUS 177
[04/09/2026 09:42:46] NUSEQ 29003113 | NUPROCESSOEXTERNO 0014853-61.2018.8.26.0041 STATUS 161
[04/09/2026 09:42:46] SUCESSO: NUSEQ 29003113 | NUPROCESSOEXTERNO 0014853-61.2018.8.26.0041 -> ID 2R000000HE7YL atualizado para grupo 39
[04/09/2026 09:42:46] ============================================================
[04/09/2026 09:42:46] PROCESSAMENTO FINALIZADO
[04/09/2026 09:42:46] Total: 1
[04/09/2026 09:42:46] Sucesso: 1
[04/09/2026 09:42:46] Pendentes: 0
[04/09/2026 09:42:46] Nenhum pendente encontrado.
[04/09/2026 09:42:46] Próxima execução automática agendada para daqui 30 minutos.
[04/09/2026 10:12:46] Iniciando execução automática agendada.
[04/09/2026 10:12:50] Iniciando processo
[04/09/2026 10:12:51] 1 registros encontrados
[04/09/2026 10:12:51] Registros que serão alterados:
[04/09/2026 10:12:51] NUSEQ 29005649 | NUPROCESSOEXTERNO 1533472-06.2026.8.26.0454
[04/09/2026 10:12:51] Executando inserts iniciais...
[04/09/2026 10:12:51] INSERT OK - NUSEQ 29005649 | NUPROCESSOEXTERNO 1533472-06.2026.8.26.0454
[04/09/2026 10:12:51] Todos os inserts iniciais executados.
[04/09/2026 10:12:51] Reprocessando NUSEQ 29005649 | NUPROCESSOEXTERNO 1533472-06.2026.8.26.0454
[04/09/2026 10:12:51] Reprocessamento inicial iniciado.
[04/09/2026 10:12:51] NUSEQ 29005649 | NUPROCESSOEXTERNO 1533472-06.2026.8.26.0454 STATUS 177
[04/09/2026 10:13:02] NUSEQ 29005649 | NUPROCESSOEXTERNO 1533472-06.2026.8.26.0454 STATUS 161
[04/09/2026 10:13:02] SUCESSO: NUSEQ 29005649 | NUPROCESSOEXTERNO 1533472-06.2026.8.26.0454 -> ID 2R000000HE9YN atualizado para grupo 39
[04/09/2026 10:13:02] ============================================================
[04/09/2026 10:13:02] PROCESSAMENTO FINALIZADO
[04/09/2026 10:13:02] Total: 1
[04/09/2026 10:13:02] Sucesso: 1
[04/09/2026 10:13:02] Pendentes: 0
[04/09/2026 10:13:02] Nenhum pendente encontrado.
[04/09/2026 10:13:02] Próxima execução automática agendada para daqui 30 minutos.
[04/09/2026 10:43:02] Iniciando execução automática agendada.
[04/09/2026 10:43:07] Iniciando processo
[04/09/2026 10:43:07] 1 registros encontrados
[04/09/2026 10:43:07] Registros que serão alterados:
[04/09/2026 10:43:07] NUSEQ 29007521 | NUPROCESSOEXTERNO 1000188-03.2026.8.26.0442
[04/09/2026 10:43:07] Executando inserts iniciais...
[04/09/2026 10:43:07] INSERT OK - NUSEQ 29007521 | NUPROCESSOEXTERNO 1000188-03.2026.8.26.0442
[04/09/2026 10:43:07] Todos os inserts iniciais executados.
[04/09/2026 10:43:07] Reprocessando NUSEQ 29007521 | NUPROCESSOEXTERNO 1000188-03.2026.8.26.0442
[04/09/2026 10:43:08] Reprocessamento inicial iniciado.
[04/09/2026 10:43:08] NUSEQ 29007521 | NUPROCESSOEXTERNO 1000188-03.2026.8.26.0442 STATUS 177
[04/09/2026 10:43:18] NUSEQ 29007521 | NUPROCESSOEXTERNO 1000188-03.2026.8.26.0442 STATUS 161
[04/09/2026 10:43:18] SUCESSO: NUSEQ 29007521 | NUPROCESSOEXTERNO 1000188-03.2026.8.26.0442 -> ID 2R000000HEBFE atualizado para grupo 39
[04/09/2026 10:43:18] ============================================================
[04/09/2026 10:43:18] PROCESSAMENTO FINALIZADO
[04/09/2026 10:43:18] Total: 1
[04/09/2026 10:43:18] Sucesso: 1
[04/09/2026 10:43:18] Pendentes: 0
[04/09/2026 10:43:18] Nenhum pendente encontrado.
[04/09/2026 10:43:19] Próxima execução automática agendada para daqui 30 minutos.
[04/09/2026 11:13:19] Iniciando execução automática agendada.
[04/09/2026 11:13:25] Iniciando processo
[04/09/2026 11:13:26] Nenhum registro encontrado.
[04/09/2026 11:13:26] Próxima execução automática agendada para daqui 30 minutos.
[04/09/2026 11:43:26] Iniciando execução automática agendada.
[04/09/2026 11:43:56] Iniciando processo
[04/09/2026 11:43:57] Nenhum registro encontrado.
[04/09/2026 11:43:57] Próxima execução automática agendada para daqui 30 minutos.
[04/09/2026 12:13:57] Iniciando execução automática agendada.
[04/09/2026 12:14:45] Iniciando processo
[04/09/2026 12:14:49] Nenhum registro encontrado.
[04/09/2026 12:14:49] Próxima execução automática agendada para daqui 30 minutos.
[04/09/2026 12:44:49] Iniciando execução automática agendada.
[04/09/2026 12:45:15] Iniciando processo
[04/09/2026 12:45:17] Nenhum registro encontrado.
[04/09/2026 12:45:17] Próxima execução automática agendada para daqui 30 minutos.
[04/09/2026 13:15:17] Iniciando execução automática agendada.
[04/09/2026 13:15:31] Iniciando processo
[04/09/2026 13:15:32] Nenhum registro encontrado.
[04/09/2026 13:15:32] Próxima execução automática agendada para daqui 30 minutos.
[04/09/2026 13:45:32] Iniciando execução automática agendada.
[04/09/2026 13:45:37] Iniciando processo
[04/09/2026 13:45:37] Nenhum registro encontrado.
[04/09/2026 13:45:38] Próxima execução automática agendada para daqui 30 minutos.
[04/09/2026 14:15:38] Iniciando execução automática agendada.
[04/09/2026 14:15:42] Iniciando processo
[04/09/2026 14:15:43] 2 registros encontrados
[04/09/2026 14:15:43] Registros que serão alterados:
[04/09/2026 14:15:43] NUSEQ 29024030 | NUPROCESSOEXTERNO 1500114-32.2026.8.26.0266
[04/09/2026 14:15:43] NUSEQ 29024086 | NUPROCESSOEXTERNO 1502476-73.2026.8.26.0050
[04/09/2026 14:15:43] Executando inserts iniciais...
[04/09/2026 14:15:45] INSERT OK - NUSEQ 29024030 | NUPROCESSOEXTERNO 1500114-32.2026.8.26.0266
[04/09/2026 14:15:45] INSERT OK - NUSEQ 29024086 | NUPROCESSOEXTERNO 1502476-73.2026.8.26.0050
[04/09/2026 14:15:45] Todos os inserts iniciais executados.
[04/09/2026 14:15:45] Reprocessando NUSEQ 29024030 | NUPROCESSOEXTERNO 1500114-32.2026.8.26.0266
[04/09/2026 14:15:45] Reprocessando NUSEQ 29024086 | NUPROCESSOEXTERNO 1502476-73.2026.8.26.0050
[04/09/2026 14:15:47] Reprocessamento inicial iniciado.
[04/09/2026 14:15:47] NUSEQ 29024030 | NUPROCESSOEXTERNO 1500114-32.2026.8.26.0266 STATUS 177
[04/09/2026 14:15:47] NUSEQ 29024086 | NUPROCESSOEXTERNO 1502476-73.2026.8.26.0050 STATUS 177
[04/09/2026 14:15:58] NUSEQ 29024030 | NUPROCESSOEXTERNO 1500114-32.2026.8.26.0266 STATUS 161
[04/09/2026 14:15:58] SUCESSO: NUSEQ 29024030 | NUPROCESSOEXTERNO 1500114-32.2026.8.26.0266 -> ID 2R000000HEOMM atualizado para grupo 39
[04/09/2026 14:15:58] NUSEQ 29024086 | NUPROCESSOEXTERNO 1502476-73.2026.8.26.0050 STATUS 161
[04/09/2026 14:15:58] SUCESSO: NUSEQ 29024086 | NUPROCESSOEXTERNO 1502476-73.2026.8.26.0050 -> ID 2R000000HEOO6 atualizado para grupo 39
[04/09/2026 14:15:58] ============================================================
[04/09/2026 14:15:58] PROCESSAMENTO FINALIZADO
[04/09/2026 14:15:58] Total: 2
[04/09/2026 14:15:58] Sucesso: 2
[04/09/2026 14:15:58] Pendentes: 0
[04/09/2026 14:15:58] Nenhum pendente encontrado.
[04/09/2026 14:15:59] Próxima execução automática agendada para daqui 30 minutos.
[04/09/2026 14:45:59] Iniciando execução automática agendada.
[04/09/2026 14:46:03] Iniciando processo
[04/09/2026 14:46:04] Nenhum registro encontrado.
[04/09/2026 14:46:04] Próxima execução automática agendada para daqui 30 minutos.
[04/09/2026 15:16:04] Iniciando execução automática agendada.
[04/09/2026 15:16:13] Iniciando processo
[04/09/2026 15:16:14] 3 registros encontrados
[04/09/2026 15:16:14] Registros que serão alterados:
[04/09/2026 15:16:14] NUSEQ 29027981 | NUPROCESSOEXTERNO 1536631-54.2026.8.26.0454
[04/09/2026 15:16:14] NUSEQ 29028796 | NUPROCESSOEXTERNO 0001027-95.2026.8.26.0393
[04/09/2026 15:16:14] NUSEQ 29028799 | NUPROCESSOEXTERNO 1518944-53.2026.8.26.0393
[04/09/2026 15:16:14] Executando inserts iniciais...
[04/09/2026 15:16:14] INSERT OK - NUSEQ 29027981 | NUPROCESSOEXTERNO 1536631-54.2026.8.26.0454
[04/09/2026 15:16:15] INSERT OK - NUSEQ 29028796 | NUPROCESSOEXTERNO 0001027-95.2026.8.26.0393
[04/09/2026 15:16:15] INSERT DUPLICADO IGNORADO - NUSEQ 29028799 | NUPROCESSOEXTERNO 1518944-53.2026.8.26.0393
[04/09/2026 15:16:15] Todos os inserts iniciais executados.
[04/09/2026 15:16:15] Reprocessando NUSEQ 29027981 | NUPROCESSOEXTERNO 1536631-54.2026.8.26.0454
[04/09/2026 15:16:16] Reprocessando NUSEQ 29028796 | NUPROCESSOEXTERNO 0001027-95.2026.8.26.0393
[04/09/2026 15:16:17] Reprocessando NUSEQ 29028799 | NUPROCESSOEXTERNO 1518944-53.2026.8.26.0393
[04/09/2026 15:16:18] Reprocessamento inicial iniciado.
[04/09/2026 15:16:18] NUSEQ 29027981 | NUPROCESSOEXTERNO 1536631-54.2026.8.26.0454 STATUS 177
[04/09/2026 15:16:18] NUSEQ 29028796 | NUPROCESSOEXTERNO 0001027-95.2026.8.26.0393 STATUS 177
[04/09/2026 15:16:18] NUSEQ 29028799 | NUPROCESSOEXTERNO 1518944-53.2026.8.26.0393 STATUS 177
[04/09/2026 15:16:28] NUSEQ 29027981 | NUPROCESSOEXTERNO 1536631-54.2026.8.26.0454 STATUS 177
[04/09/2026 15:16:28] NUSEQ 29028796 | NUPROCESSOEXTERNO 0001027-95.2026.8.26.0393 STATUS 177
[04/09/2026 15:16:28] NUSEQ 29028799 | NUPROCESSOEXTERNO 1518944-53.2026.8.26.0393 STATUS 177
[04/09/2026 15:16:38] NUSEQ 29027981 | NUPROCESSOEXTERNO 1536631-54.2026.8.26.0454 STATUS 161
[04/09/2026 15:16:39] SUCESSO: NUSEQ 29027981 | NUPROCESSOEXTERNO 1536631-54.2026.8.26.0454 -> ID 2R000000HERX5 atualizado para grupo 39
[04/09/2026 15:16:39] NUSEQ 29028796 | NUPROCESSOEXTERNO 0001027-95.2026.8.26.0393 STATUS 177
[04/09/2026 15:16:39] NUSEQ 29028799 | NUPROCESSOEXTERNO 1518944-53.2026.8.26.0393 STATUS 177
[04/09/2026 15:16:49] NUSEQ 29028796 | NUPROCESSOEXTERNO 0001027-95.2026.8.26.0393 STATUS 161
[04/09/2026 15:16:49] SUCESSO: NUSEQ 29028796 | NUPROCESSOEXTERNO 0001027-95.2026.8.26.0393 -> ID 2R000000HESJS atualizado para grupo 39
[04/09/2026 15:16:49] NUSEQ 29028799 | NUPROCESSOEXTERNO 1518944-53.2026.8.26.0393 STATUS 161
[04/09/2026 15:16:50] SUCESSO: NUSEQ 29028799 | NUPROCESSOEXTERNO 1518944-53.2026.8.26.0393 -> ID 2R000000HESJV atualizado para grupo 39
[04/09/2026 15:16:50] ============================================================
[04/09/2026 15:16:50] PROCESSAMENTO FINALIZADO
[04/09/2026 15:16:50] Total: 3
[04/09/2026 15:16:50] Sucesso: 3
[04/09/2026 15:16:50] Pendentes: 0
[04/09/2026 15:16:50] Nenhum pendente encontrado.
[04/09/2026 15:16:50] Próxima execução automática agendada para daqui 30 minutos.
[04/09/2026 15:46:50] Iniciando execução automática agendada.
[04/09/2026 15:46:55] Iniciando processo
[04/09/2026 15:46:55] 1 registros encontrados
[04/09/2026 15:46:55] Registros que serão alterados:
[04/09/2026 15:46:55] NUSEQ 29032014 | NUPROCESSOEXTERNO 1513299-57.2026.8.26.0228
[04/09/2026 15:46:55] Executando inserts iniciais...
[04/09/2026 15:46:55] INSERT OK - NUSEQ 29032014 | NUPROCESSOEXTERNO 1513299-57.2026.8.26.0228
[04/09/2026 15:46:55] Todos os inserts iniciais executados.
[04/09/2026 15:46:55] Reprocessando NUSEQ 29032014 | NUPROCESSOEXTERNO 1513299-57.2026.8.26.0228
[04/09/2026 15:46:56] Reprocessamento inicial iniciado.
[04/09/2026 15:46:56] NUSEQ 29032014 | NUPROCESSOEXTERNO 1513299-57.2026.8.26.0228 STATUS 177
[04/09/2026 15:47:06] NUSEQ 29032014 | NUPROCESSOEXTERNO 1513299-57.2026.8.26.0228 STATUS 177
[04/09/2026 15:47:16] NUSEQ 29032014 | NUPROCESSOEXTERNO 1513299-57.2026.8.26.0228 STATUS 161
[04/09/2026 15:47:16] SUCESSO: NUSEQ 29032014 | NUPROCESSOEXTERNO 1513299-57.2026.8.26.0228 -> ID 2R000000HEV7W atualizado para grupo 39
[04/09/2026 15:47:16] ============================================================
[04/09/2026 15:47:16] PROCESSAMENTO FINALIZADO
[04/09/2026 15:47:16] Total: 1
[04/09/2026 15:47:17] Sucesso: 1
[04/09/2026 15:47:17] Pendentes: 0
[04/09/2026 15:47:17] Nenhum pendente encontrado.
[04/09/2026 15:47:17] Próxima execução automática agendada para daqui 30 minutos.
[04/09/2026 16:17:17] Iniciando execução automática agendada.
[04/09/2026 16:17:22] Iniciando processo
[04/09/2026 16:17:22] Nenhum registro encontrado.
[04/09/2026 16:17:22] Próxima execução automática agendada para daqui 30 minutos.
[04/09/2026 16:47:22] Iniciando execução automática agendada.
[04/09/2026 16:47:27] Iniciando processo
[04/09/2026 16:47:27] Nenhum registro encontrado.
[04/09/2026 16:47:27] Próxima execução automática agendada para daqui 30 minutos.
[04/09/2026 17:17:27] Iniciando execução automática agendada.
[04/09/2026 17:18:42] Falha ao conectar ao banco (unj01sp).
[04/09/2026 17:18:42] Próxima execução automática agendada para daqui 30 minutos.
[04/09/2026 17:48:42] Iniciando execução automática agendada.
[04/09/2026 17:48:46] Iniciando processo
[04/09/2026 17:48:47] Nenhum registro encontrado.
[04/09/2026 17:48:47] Próxima execução automática agendada para daqui 30 minutos.
[04/09/2026 18:18:47] Iniciando execução automática agendada.
[04/09/2026 18:18:51] Iniciando processo
[04/09/2026 18:18:51] Nenhum registro encontrado.
[04/09/2026 18:18:52] Próxima execução automática agendada para daqui 30 minutos.
[04/09/2026 18:48:52] Iniciando execução automática agendada.
[04/09/2026 18:48:58] Iniciando processo
[04/09/2026 18:48:58] Nenhum registro encontrado.
[04/09/2026 18:48:58] Próxima execução automática agendada para daqui 30 minutos.
[04/09/2026 19:18:58] Iniciando execução automática agendada.
[04/09/2026 19:19:03] Iniciando processo
[04/09/2026 19:19:03] Nenhum registro encontrado.
[04/09/2026 19:19:04] Próxima execução automática agendada para daqui 30 minutos.
[04/09/2026 19:49:04] Iniciando execução automática agendada.
[04/09/2026 19:49:10] Iniciando processo
[04/09/2026 19:49:14] Nenhum registro encontrado.
[04/09/2026 19:49:14] Próxima execução automática agendada para daqui 30 minutos.
[04/09/2026 20:19:14] Iniciando execução automática agendada.
[04/09/2026 20:19:18] Iniciando processo
[04/09/2026 20:19:20] Nenhum registro encontrado.
[04/09/2026 20:19:20] Próxima execução automática agendada para daqui 30 minutos.
[04/09/2026 20:49:20] Iniciando execução automática agendada.
[04/09/2026 20:49:24] Iniciando processo
[04/09/2026 20:49:26] Nenhum registro encontrado.
[04/09/2026 20:49:26] Próxima execução automática agendada para daqui 30 minutos.
[04/09/2026 21:19:26] Iniciando execução automática agendada.
[04/09/2026 21:19:33] Iniciando processo
[04/09/2026 21:19:35] Nenhum registro encontrado.
[04/09/2026 21:19:35] Próxima execução automática agendada para daqui 30 minutos.
[04/09/2026 21:49:35] Iniciando execução automática agendada.
[04/09/2026 21:49:40] Iniciando processo
[04/09/2026 21:50:27] Nenhum registro encontrado.
[04/09/2026 21:50:28] Próxima execução automática agendada para daqui 30 minutos.
[04/09/2026 22:20:28] Iniciando execução automática agendada.
[04/09/2026 22:20:31] Iniciando processo
[04/09/2026 22:20:58] Nenhum registro encontrado.
[04/09/2026 22:20:58] Próxima execução automática agendada para daqui 30 minutos.
[04/09/2026 22:50:58] Iniciando execução automática agendada.
[04/09/2026 22:51:02] Iniciando processo
[04/09/2026 22:51:03] Nenhum registro encontrado.
[04/09/2026 22:51:03] Próxima execução automática agendada para daqui 30 minutos.
[04/09/2026 23:21:03] Iniciando execução automática agendada.
[04/09/2026 23:21:07] Iniciando processo
[04/09/2026 23:21:10] Nenhum registro encontrado.
[04/09/2026 23:21:10] Próxima execução automática agendada para daqui 30 minutos.
[04/09/2026 23:51:10] Iniciando execução automática agendada.
[04/09/2026 23:51:15] Iniciando processo
[04/09/2026 23:51:15] Nenhum registro encontrado.
[04/09/2026 23:51:15] Próxima execução automática agendada para daqui 30 minutos.
