[31/08/2026 00:09:42] Iniciando execução automática agendada.
[31/08/2026 00:09:45] Iniciando processo
[31/08/2026 00:09:46] Nenhum registro encontrado.
[31/08/2026 00:09:46] Próxima execução automática agendada para daqui 30 minutos.
[31/08/2026 00:39:46] Iniciando execução automática agendada.
[31/08/2026 00:39:51] Iniciando processo
[31/08/2026 00:39:51] Nenhum registro encontrado.
[31/08/2026 00:39:51] Próxima execução automática agendada para daqui 30 minutos.
[31/08/2026 01:09:51] Iniciando execução automática agendada.
[31/08/2026 01:09:58] Iniciando processo
[31/08/2026 01:09:59] Nenhum registro encontrado.
[31/08/2026 01:09:59] Próxima execução automática agendada para daqui 30 minutos.
[31/08/2026 01:39:59] Iniciando execução automática agendada.
[31/08/2026 01:40:05] Iniciando processo
[31/08/2026 01:40:05] Nenhum registro encontrado.
[31/08/2026 01:40:05] Próxima execução automática agendada para daqui 30 minutos.
[31/08/2026 02:10:05] Iniciando execução automática agendada.
[31/08/2026 02:10:09] Iniciando processo
[31/08/2026 02:10:09] Nenhum registro encontrado.
[31/08/2026 02:10:09] Próxima execução automática agendada para daqui 30 minutos.
[31/08/2026 02:40:09] Iniciando execução automática agendada.
[31/08/2026 02:40:13] Iniciando processo
[31/08/2026 02:40:14] Nenhum registro encontrado.
[31/08/2026 02:40:14] Próxima execução automática agendada para daqui 30 minutos.
[31/08/2026 03:10:14] Iniciando execução automática agendada.
[31/08/2026 03:10:18] Iniciando processo
[31/08/2026 03:10:19] Nenhum registro encontrado.
[31/08/2026 03:10:19] Próxima execução automática agendada para daqui 30 minutos.
[31/08/2026 03:40:19] Iniciando execução automática agendada.
[31/08/2026 03:40:23] Iniciando processo
[31/08/2026 03:40:26] Nenhum registro encontrado.
[31/08/2026 03:40:26] Próxima execução automática agendada para daqui 30 minutos.
[31/08/2026 04:10:26] Iniciando execução automática agendada.
[31/08/2026 04:10:30] Iniciando processo
[31/08/2026 04:10:31] Nenhum registro encontrado.
[31/08/2026 04:10:31] Próxima execução automática agendada para daqui 30 minutos.
[31/08/2026 04:40:31] Iniciando execução automática agendada.
[31/08/2026 04:40:36] Iniciando processo
[31/08/2026 04:40:36] Nenhum registro encontrado.
[31/08/2026 04:40:36] Próxima execução automática agendada para daqui 30 minutos.
[31/08/2026 05:10:36] Iniciando execução automática agendada.
[31/08/2026 05:10:41] Iniciando processo
[31/08/2026 05:10:41] Nenhum registro encontrado.
[31/08/2026 05:10:41] Próxima execução automática agendada para daqui 30 minutos.
[31/08/2026 05:40:41] Iniciando execução automática agendada.
[31/08/2026 05:40:47] Iniciando processo
[31/08/2026 05:40:47] Nenhum registro encontrado.
[31/08/2026 05:40:47] Próxima execução automática agendada para daqui 30 minutos.
[31/08/2026 06:10:47] Iniciando execução automática agendada.
[31/08/2026 06:10:51] Iniciando processo
[31/08/2026 06:10:51] Nenhum registro encontrado.
[31/08/2026 06:10:52] Próxima execução automática agendada para daqui 30 minutos.
[31/08/2026 06:40:52] Iniciando execução automática agendada.
[31/08/2026 06:40:55] Iniciando processo
[31/08/2026 06:40:56] Nenhum registro encontrado.
[31/08/2026 06:40:56] Próxima execução automática agendada para daqui 30 minutos.
[31/08/2026 07:10:56] Iniciando execução automática agendada.
[31/08/2026 07:11:00] Iniciando processo
[31/08/2026 07:11:00] Nenhum registro encontrado.
[31/08/2026 07:11:00] Próxima execução automática agendada para daqui 30 minutos.
[31/08/2026 07:41:00] Iniciando execução automática agendada.
[31/08/2026 07:41:06] Iniciando processo
[31/08/2026 07:41:07] Nenhum registro encontrado.
[31/08/2026 07:41:07] Próxima execução automática agendada para daqui 30 minutos.
[31/08/2026 08:11:07] Iniciando execução automática agendada.
[31/08/2026 08:11:11] Iniciando processo
[31/08/2026 08:11:11] Nenhum registro encontrado.
[31/08/2026 08:11:11] Próxima execução automática agendada para daqui 30 minutos.
[31/08/2026 08:41:11] Iniciando execução automática agendada.
[31/08/2026 08:41:17] Iniciando processo
[31/08/2026 08:41:17] Nenhum registro encontrado.
[31/08/2026 08:41:17] Próxima execução automática agendada para daqui 30 minutos.
[31/08/2026 09:11:17] Iniciando execução automática agendada.
[31/08/2026 09:11:21] Iniciando processo
[31/08/2026 09:11:21] 1 registros encontrados
[31/08/2026 09:11:21] Registros que serão alterados:
[31/08/2026 09:11:21] NUSEQ 28793739 | NUPROCESSOEXTERNO 1536866-11.2022.8.26.0050
[31/08/2026 09:11:21] Executando inserts iniciais...
[31/08/2026 09:11:22] INSERT OK - NUSEQ 28793739 | NUPROCESSOEXTERNO 1536866-11.2022.8.26.0050
[31/08/2026 09:11:22] Todos os inserts iniciais executados.
[31/08/2026 09:11:22] Reprocessando NUSEQ 28793739 | NUPROCESSOEXTERNO 1536866-11.2022.8.26.0050
[31/08/2026 09:11:22] Reprocessamento inicial iniciado.
[31/08/2026 09:11:22] NUSEQ 28793739 | NUPROCESSOEXTERNO 1536866-11.2022.8.26.0050 STATUS 177
[31/08/2026 09:11:32] NUSEQ 28793739 | NUPROCESSOEXTERNO 1536866-11.2022.8.26.0050 STATUS 177
[31/08/2026 09:11:42] NUSEQ 28793739 | NUPROCESSOEXTERNO 1536866-11.2022.8.26.0050 STATUS 161
[31/08/2026 09:11:43] SUCESSO: NUSEQ 28793739 | NUPROCESSOEXTERNO 1536866-11.2022.8.26.0050 -> ID 2R000000H9J9Y atualizado para grupo 39
[31/08/2026 09:11:43] ============================================================
[31/08/2026 09:11:43] PROCESSAMENTO FINALIZADO
[31/08/2026 09:11:43] Total: 1
[31/08/2026 09:11:43] Sucesso: 1
[31/08/2026 09:11:43] Pendentes: 0
[31/08/2026 09:11:43] Nenhum pendente encontrado.
[31/08/2026 09:11:43] Próxima execução automática agendada para daqui 30 minutos.
[31/08/2026 09:41:43] Iniciando execução automática agendada.
[31/08/2026 09:41:47] Iniciando processo
[31/08/2026 09:41:48] Nenhum registro encontrado.
[31/08/2026 09:41:48] Próxima execução automática agendada para daqui 30 minutos.
[31/08/2026 10:11:48] Iniciando execução automática agendada.
[31/08/2026 10:11:52] Iniciando processo
[31/08/2026 10:11:53] 3 registros encontrados
[31/08/2026 10:11:53] Registros que serão alterados:
[31/08/2026 10:11:53] NUSEQ 28798994 | NUPROCESSOEXTERNO 1554673-39.2025.8.26.0050
[31/08/2026 10:11:53] NUSEQ 28799831 | NUPROCESSOEXTERNO 1529449-02.2025.8.26.0050
[31/08/2026 10:11:53] NUSEQ 28799882 | NUPROCESSOEXTERNO 1547837-65.2026.8.26.0454
[31/08/2026 10:11:53] Executando inserts iniciais...
[31/08/2026 10:11:53] INSERT OK - NUSEQ 28798994 | NUPROCESSOEXTERNO 1554673-39.2025.8.26.0050
[31/08/2026 10:11:54] INSERT OK - NUSEQ 28799831 | NUPROCESSOEXTERNO 1529449-02.2025.8.26.0050
[31/08/2026 10:11:54] INSERT DUPLICADO IGNORADO - NUSEQ 28799882 | NUPROCESSOEXTERNO 1547837-65.2026.8.26.0454
[31/08/2026 10:11:54] Todos os inserts iniciais executados.
[31/08/2026 10:11:54] Reprocessando NUSEQ 28798994 | NUPROCESSOEXTERNO 1554673-39.2025.8.26.0050
[31/08/2026 10:11:55] Reprocessando NUSEQ 28799831 | NUPROCESSOEXTERNO 1529449-02.2025.8.26.0050
[31/08/2026 10:11:55] Reprocessando NUSEQ 28799882 | NUPROCESSOEXTERNO 1547837-65.2026.8.26.0454
[31/08/2026 10:11:55] Reprocessamento inicial iniciado.
[31/08/2026 10:11:56] NUSEQ 28798994 | NUPROCESSOEXTERNO 1554673-39.2025.8.26.0050 STATUS 177
[31/08/2026 10:11:56] NUSEQ 28799831 | NUPROCESSOEXTERNO 1529449-02.2025.8.26.0050 STATUS 177
[31/08/2026 10:11:56] NUSEQ 28799882 | NUPROCESSOEXTERNO 1547837-65.2026.8.26.0454 STATUS 177
[31/08/2026 10:12:06] NUSEQ 28798994 | NUPROCESSOEXTERNO 1554673-39.2025.8.26.0050 STATUS 177
[31/08/2026 10:12:06] NUSEQ 28799831 | NUPROCESSOEXTERNO 1529449-02.2025.8.26.0050 STATUS 177
[31/08/2026 10:12:06] NUSEQ 28799882 | NUPROCESSOEXTERNO 1547837-65.2026.8.26.0454 STATUS 177
[31/08/2026 10:12:16] NUSEQ 28798994 | NUPROCESSOEXTERNO 1554673-39.2025.8.26.0050 STATUS 177
[31/08/2026 10:12:16] NUSEQ 28799831 | NUPROCESSOEXTERNO 1529449-02.2025.8.26.0050 STATUS 177
[31/08/2026 10:12:16] NUSEQ 28799882 | NUPROCESSOEXTERNO 1547837-65.2026.8.26.0454 STATUS 177
[31/08/2026 10:12:26] NUSEQ 28798994 | NUPROCESSOEXTERNO 1554673-39.2025.8.26.0050 STATUS 161
[31/08/2026 10:12:26] SUCESSO: NUSEQ 28798994 | NUPROCESSOEXTERNO 1554673-39.2025.8.26.0050 -> ID 2R000000H9NFJ atualizado para grupo 39
[31/08/2026 10:12:26] NUSEQ 28799831 | NUPROCESSOEXTERNO 1529449-02.2025.8.26.0050 STATUS 177
[31/08/2026 10:12:26] NUSEQ 28799882 | NUPROCESSOEXTERNO 1547837-65.2026.8.26.0454 STATUS 161
[31/08/2026 10:12:27] SUCESSO: NUSEQ 28799882 | NUPROCESSOEXTERNO 1547837-65.2026.8.26.0454 -> ID 2R000000H9O47 atualizado para grupo 39
[31/08/2026 10:12:37] NUSEQ 28799831 | NUPROCESSOEXTERNO 1529449-02.2025.8.26.0050 STATUS 161
[31/08/2026 10:12:38] SUCESSO: NUSEQ 28799831 | NUPROCESSOEXTERNO 1529449-02.2025.8.26.0050 -> ID 2R000000H9O2S atualizado para grupo 39
[31/08/2026 10:12:38] ============================================================
[31/08/2026 10:12:38] PROCESSAMENTO FINALIZADO
[31/08/2026 10:12:38] Total: 3
[31/08/2026 10:12:38] Sucesso: 3
[31/08/2026 10:12:38] Pendentes: 0
[31/08/2026 10:12:38] Nenhum pendente encontrado.
[31/08/2026 10:12:38] Próxima execução automática agendada para daqui 30 minutos.
[31/08/2026 10:42:38] Iniciando execução automática agendada.
[31/08/2026 10:42:42] Iniciando processo
[31/08/2026 10:42:43] 2 registros encontrados
[31/08/2026 10:42:43] Registros que serão alterados:
[31/08/2026 10:42:43] NUSEQ 28800841 | NUPROCESSOEXTERNO 0001996-25.2023.8.26.0132
[31/08/2026 10:42:43] NUSEQ 28803138 | NUPROCESSOEXTERNO 1516910-18.2026.8.26.0228
[31/08/2026 10:42:43] Executando inserts iniciais...
[31/08/2026 10:42:43] INSERT OK - NUSEQ 28800841 | NUPROCESSOEXTERNO 0001996-25.2023.8.26.0132
[31/08/2026 10:42:44] INSERT OK - NUSEQ 28803138 | NUPROCESSOEXTERNO 1516910-18.2026.8.26.0228
[31/08/2026 10:42:44] Todos os inserts iniciais executados.
[31/08/2026 10:42:44] Reprocessando NUSEQ 28800841 | NUPROCESSOEXTERNO 0001996-25.2023.8.26.0132
[31/08/2026 10:42:45] Reprocessando NUSEQ 28803138 | NUPROCESSOEXTERNO 1516910-18.2026.8.26.0228
[31/08/2026 10:42:46] Reprocessamento inicial iniciado.
[31/08/2026 10:42:46] NUSEQ 28800841 | NUPROCESSOEXTERNO 0001996-25.2023.8.26.0132 STATUS 177
[31/08/2026 10:42:46] NUSEQ 28803138 | NUPROCESSOEXTERNO 1516910-18.2026.8.26.0228 STATUS 177
[31/08/2026 10:42:56] NUSEQ 28800841 | NUPROCESSOEXTERNO 0001996-25.2023.8.26.0132 STATUS 177
[31/08/2026 10:42:56] NUSEQ 28803138 | NUPROCESSOEXTERNO 1516910-18.2026.8.26.0228 STATUS 177
[31/08/2026 10:43:06] NUSEQ 28800841 | NUPROCESSOEXTERNO 0001996-25.2023.8.26.0132 STATUS 177
[31/08/2026 10:43:06] NUSEQ 28803138 | NUPROCESSOEXTERNO 1516910-18.2026.8.26.0228 STATUS 177
[31/08/2026 10:43:16] NUSEQ 28800841 | NUPROCESSOEXTERNO 0001996-25.2023.8.26.0132 STATUS 177
[31/08/2026 10:43:16] NUSEQ 28803138 | NUPROCESSOEXTERNO 1516910-18.2026.8.26.0228 STATUS 177
[31/08/2026 10:43:26] NUSEQ 28800841 | NUPROCESSOEXTERNO 0001996-25.2023.8.26.0132 STATUS 177
[31/08/2026 10:43:26] NUSEQ 28803138 | NUPROCESSOEXTERNO 1516910-18.2026.8.26.0228 STATUS 161
[31/08/2026 10:43:27] SUCESSO: NUSEQ 28803138 | NUPROCESSOEXTERNO 1516910-18.2026.8.26.0228 -> ID 2R000000H9QPB atualizado para grupo 39
[31/08/2026 10:43:37] NUSEQ 28800841 | NUPROCESSOEXTERNO 0001996-25.2023.8.26.0132 STATUS 177
[31/08/2026 10:43:47] NUSEQ 28800841 | NUPROCESSOEXTERNO 0001996-25.2023.8.26.0132 STATUS 177
[31/08/2026 10:43:57] NUSEQ 28800841 | NUPROCESSOEXTERNO 0001996-25.2023.8.26.0132 STATUS 161
[31/08/2026 10:43:58] SUCESSO: NUSEQ 28800841 | NUPROCESSOEXTERNO 0001996-25.2023.8.26.0132 -> ID 2R000000H9OVZ atualizado para grupo 39
[31/08/2026 10:43:58] ============================================================
[31/08/2026 10:43:58] PROCESSAMENTO FINALIZADO
[31/08/2026 10:43:58] Total: 2
[31/08/2026 10:43:58] Sucesso: 2
[31/08/2026 10:43:58] Pendentes: 0
[31/08/2026 10:43:58] Nenhum pendente encontrado.
[31/08/2026 10:43:58] Próxima execução automática agendada para daqui 30 minutos.
[31/08/2026 11:13:58] Iniciando execução automática agendada.
[31/08/2026 11:14:03] Iniciando processo
[31/08/2026 11:14:03] 3 registros encontrados
[31/08/2026 11:14:03] Registros que serão alterados:
[31/08/2026 11:14:03] NUSEQ 28804192 | NUPROCESSOEXTERNO 1015019-02.2024.8.26.0224
[31/08/2026 11:14:03] NUSEQ 28805886 | NUPROCESSOEXTERNO 1501770-63.2026.8.26.0156
[31/08/2026 11:14:03] NUSEQ 28806466 | NUPROCESSOEXTERNO 0005066-18.2021.8.26.0521
[31/08/2026 11:14:03] Executando inserts iniciais...
[31/08/2026 11:14:03] INSERT OK - NUSEQ 28804192 | NUPROCESSOEXTERNO 1015019-02.2024.8.26.0224
[31/08/2026 11:14:03] INSERT OK - NUSEQ 28805886 | NUPROCESSOEXTERNO 1501770-63.2026.8.26.0156
[31/08/2026 11:14:04] INSERT OK - NUSEQ 28806466 | NUPROCESSOEXTERNO 0005066-18.2021.8.26.0521
[31/08/2026 11:14:04] Todos os inserts iniciais executados.
[31/08/2026 11:14:04] Reprocessando NUSEQ 28804192 | NUPROCESSOEXTERNO 1015019-02.2024.8.26.0224
[31/08/2026 11:14:05] Reprocessando NUSEQ 28805886 | NUPROCESSOEXTERNO 1501770-63.2026.8.26.0156
[31/08/2026 11:14:05] Reprocessando NUSEQ 28806466 | NUPROCESSOEXTERNO 0005066-18.2021.8.26.0521
[31/08/2026 11:14:06] Reprocessamento inicial iniciado.
[31/08/2026 11:14:06] NUSEQ 28804192 | NUPROCESSOEXTERNO 1015019-02.2024.8.26.0224 STATUS 177
[31/08/2026 11:14:06] NUSEQ 28805886 | NUPROCESSOEXTERNO 1501770-63.2026.8.26.0156 STATUS 177
[31/08/2026 11:14:06] NUSEQ 28806466 | NUPROCESSOEXTERNO 0005066-18.2021.8.26.0521 STATUS 177
[31/08/2026 11:14:17] NUSEQ 28804192 | NUPROCESSOEXTERNO 1015019-02.2024.8.26.0224 STATUS -1
[31/08/2026 11:14:17] NUSEQ 28805886 | NUPROCESSOEXTERNO 1501770-63.2026.8.26.0156 STATUS 161
[31/08/2026 11:14:17] SUCESSO: NUSEQ 28805886 | NUPROCESSOEXTERNO 1501770-63.2026.8.26.0156 -> ID 2R000000H9SV1 atualizado para grupo 39
[31/08/2026 11:14:17] NUSEQ 28806466 | NUPROCESSOEXTERNO 0005066-18.2021.8.26.0521 STATUS -1
[31/08/2026 11:14:28] NUSEQ 28804192 | NUPROCESSOEXTERNO 1015019-02.2024.8.26.0224 STATUS -1
[31/08/2026 11:14:28] NUSEQ 28806466 | NUPROCESSOEXTERNO 0005066-18.2021.8.26.0521 STATUS -1
[31/08/2026 11:14:38] NUSEQ 28804192 | NUPROCESSOEXTERNO 1015019-02.2024.8.26.0224 STATUS -1
[31/08/2026 11:14:38] NUSEQ 28806466 | NUPROCESSOEXTERNO 0005066-18.2021.8.26.0521 STATUS -1
[31/08/2026 11:14:48] NUSEQ 28804192 | NUPROCESSOEXTERNO 1015019-02.2024.8.26.0224 STATUS -1
[31/08/2026 11:14:48] NUSEQ 28806466 | NUPROCESSOEXTERNO 0005066-18.2021.8.26.0521 STATUS -1
[31/08/2026 11:14:58] NUSEQ 28804192 | NUPROCESSOEXTERNO 1015019-02.2024.8.26.0224 STATUS -1
[31/08/2026 11:14:58] NUSEQ 28806466 | NUPROCESSOEXTERNO 0005066-18.2021.8.26.0521 STATUS -1
[31/08/2026 11:15:08] NUSEQ 28804192 | NUPROCESSOEXTERNO 1015019-02.2024.8.26.0224 STATUS -1
[31/08/2026 11:15:08] NUSEQ 28806466 | NUPROCESSOEXTERNO 0005066-18.2021.8.26.0521 STATUS -1
[31/08/2026 11:15:18] NUSEQ 28804192 | NUPROCESSOEXTERNO 1015019-02.2024.8.26.0224 STATUS -1
[31/08/2026 11:15:18] NUSEQ 28806466 | NUPROCESSOEXTERNO 0005066-18.2021.8.26.0521 STATUS -1
[31/08/2026 11:15:29] NUSEQ 28804192 | NUPROCESSOEXTERNO 1015019-02.2024.8.26.0224 STATUS -1
[31/08/2026 11:15:29] NUSEQ 28806466 | NUPROCESSOEXTERNO 0005066-18.2021.8.26.0521 STATUS -1
[31/08/2026 11:15:39] NUSEQ 28804192 | NUPROCESSOEXTERNO 1015019-02.2024.8.26.0224 STATUS -1
[31/08/2026 11:15:39] NUSEQ 28806466 | NUPROCESSOEXTERNO 0005066-18.2021.8.26.0521 STATUS -1
[31/08/2026 11:15:49] NUSEQ 28804192 | NUPROCESSOEXTERNO 1015019-02.2024.8.26.0224 STATUS -1
[31/08/2026 11:15:49] NUSEQ 28806466 | NUPROCESSOEXTERNO 0005066-18.2021.8.26.0521 STATUS -1
[31/08/2026 11:15:59] NUSEQ 28804192 | NUPROCESSOEXTERNO 1015019-02.2024.8.26.0224 STATUS -1
[31/08/2026 11:15:59] NUSEQ 28806466 | NUPROCESSOEXTERNO 0005066-18.2021.8.26.0521 STATUS -1
[31/08/2026 11:16:09] NUSEQ 28804192 | NUPROCESSOEXTERNO 1015019-02.2024.8.26.0224 STATUS -1
[31/08/2026 11:16:09] NUSEQ 28806466 | NUPROCESSOEXTERNO 0005066-18.2021.8.26.0521 STATUS -1
[31/08/2026 11:16:19] NUSEQ 28804192 | NUPROCESSOEXTERNO 1015019-02.2024.8.26.0224 STATUS -1
[31/08/2026 11:16:19] NUSEQ 28806466 | NUPROCESSOEXTERNO 0005066-18.2021.8.26.0521 STATUS -1
[31/08/2026 11:16:29] NUSEQ 28804192 | NUPROCESSOEXTERNO 1015019-02.2024.8.26.0224 STATUS -1
[31/08/2026 11:16:29] NUSEQ 28806466 | NUPROCESSOEXTERNO 0005066-18.2021.8.26.0521 STATUS -1
[31/08/2026 11:16:40] NUSEQ 28804192 | NUPROCESSOEXTERNO 1015019-02.2024.8.26.0224 STATUS -1
[31/08/2026 11:16:40] NUSEQ 28806466 | NUPROCESSOEXTERNO 0005066-18.2021.8.26.0521 STATUS -1
[31/08/2026 11:16:50] NUSEQ 28804192 | NUPROCESSOEXTERNO 1015019-02.2024.8.26.0224 STATUS -1
[31/08/2026 11:16:50] NUSEQ 28806466 | NUPROCESSOEXTERNO 0005066-18.2021.8.26.0521 STATUS -1
[31/08/2026 11:17:00] NUSEQ 28804192 | NUPROCESSOEXTERNO 1015019-02.2024.8.26.0224 STATUS -1
[31/08/2026 11:17:00] NUSEQ 28806466 | NUPROCESSOEXTERNO 0005066-18.2021.8.26.0521 STATUS -1
[31/08/2026 11:17:10] NUSEQ 28804192 | NUPROCESSOEXTERNO 1015019-02.2024.8.26.0224 STATUS -1
[31/08/2026 11:17:11] INSERT EFMPVINCLOCALORIGEM executado - NUSEQ 28804192 | NUPROCESSOEXTERNO 1015019-02.2024.8.26.0224 / CDORIGEM 1
[31/08/2026 11:17:11] NUSEQ 28804192 | NUPROCESSOEXTERNO 1015019-02.2024.8.26.0224 reprocessado novamente após INSERT em EFMPVINCLOCALORIGEM.
[31/08/2026 11:17:11] NUSEQ 28806466 | NUPROCESSOEXTERNO 0005066-18.2021.8.26.0521 STATUS -1
[31/08/2026 11:17:11] INSERT EFMPVINCLOCALORIGEM executado - NUSEQ 28806466 | NUPROCESSOEXTERNO 0005066-18.2021.8.26.0521 / CDORIGEM 1
[31/08/2026 11:17:12] NUSEQ 28806466 | NUPROCESSOEXTERNO 0005066-18.2021.8.26.0521 reprocessado novamente após INSERT em EFMPVINCLOCALORIGEM.
[31/08/2026 11:17:22] NUSEQ 28804192 | NUPROCESSOEXTERNO 1015019-02.2024.8.26.0224 STATUS 177
[31/08/2026 11:17:22] NUSEQ 28806466 | NUPROCESSOEXTERNO 0005066-18.2021.8.26.0521 STATUS -1
[31/08/2026 11:17:32] NUSEQ 28804192 | NUPROCESSOEXTERNO 1015019-02.2024.8.26.0224 STATUS 177
[31/08/2026 11:17:32] NUSEQ 28806466 | NUPROCESSOEXTERNO 0005066-18.2021.8.26.0521 STATUS -1
[31/08/2026 11:17:42] NUSEQ 28804192 | NUPROCESSOEXTERNO 1015019-02.2024.8.26.0224 STATUS 177
[31/08/2026 11:17:42] NUSEQ 28806466 | NUPROCESSOEXTERNO 0005066-18.2021.8.26.0521 STATUS -1
[31/08/2026 11:17:52] NUSEQ 28804192 | NUPROCESSOEXTERNO 1015019-02.2024.8.26.0224 STATUS 161
[31/08/2026 11:17:53] SUCESSO: NUSEQ 28804192 | NUPROCESSOEXTERNO 1015019-02.2024.8.26.0224 -> ID 2R000000H9RIM atualizado para grupo 39
[31/08/2026 11:17:53] NUSEQ 28806466 | NUPROCESSOEXTERNO 0005066-18.2021.8.26.0521 STATUS -1
[31/08/2026 11:18:03] NUSEQ 28806466 | NUPROCESSOEXTERNO 0005066-18.2021.8.26.0521 STATUS -1
[31/08/2026 11:18:13] NUSEQ 28806466 | NUPROCESSOEXTERNO 0005066-18.2021.8.26.0521 STATUS -1
[31/08/2026 11:18:23] NUSEQ 28806466 | NUPROCESSOEXTERNO 0005066-18.2021.8.26.0521 STATUS -1
[31/08/2026 11:18:33] NUSEQ 28806466 | NUPROCESSOEXTERNO 0005066-18.2021.8.26.0521 STATUS -1
[31/08/2026 11:18:44] NUSEQ 28806466 | NUPROCESSOEXTERNO 0005066-18.2021.8.26.0521 STATUS -1
[31/08/2026 11:18:54] NUSEQ 28806466 | NUPROCESSOEXTERNO 0005066-18.2021.8.26.0521 STATUS -1
[31/08/2026 11:19:04] NUSEQ 28806466 | NUPROCESSOEXTERNO 0005066-18.2021.8.26.0521 STATUS -1
[31/08/2026 11:19:14] NUSEQ 28806466 | NUPROCESSOEXTERNO 0005066-18.2021.8.26.0521 STATUS -1
[31/08/2026 11:19:24] NUSEQ 28806466 | NUPROCESSOEXTERNO 0005066-18.2021.8.26.0521 STATUS -1
[31/08/2026 11:19:34] NUSEQ 28806466 | NUPROCESSOEXTERNO 0005066-18.2021.8.26.0521 STATUS -1
[31/08/2026 11:19:44] NUSEQ 28806466 | NUPROCESSOEXTERNO 0005066-18.2021.8.26.0521 STATUS -1
[31/08/2026 11:19:55] NUSEQ 28806466 | NUPROCESSOEXTERNO 0005066-18.2021.8.26.0521 STATUS -1
[31/08/2026 11:20:05] NUSEQ 28806466 | NUPROCESSOEXTERNO 0005066-18.2021.8.26.0521 STATUS -1
[31/08/2026 11:20:15] NUSEQ 28806466 | NUPROCESSOEXTERNO 0005066-18.2021.8.26.0521 STATUS -1
[31/08/2026 11:20:15] FORO IDENTIFICADO: 'Campinas/DEECRIM UR4' -> CDCOMARCA 502
[31/08/2026 11:20:16] INSERT CORRIGIDO EXECUTADO - NUSEQ 28806466 | NUPROCESSOEXTERNO 0005066-18.2021.8.26.0521 com CDCOMARCA 502
[31/08/2026 11:20:16] NUSEQ 28806466 | NUPROCESSOEXTERNO 0005066-18.2021.8.26.0521 reprocessado novamente após correção do foro.
[31/08/2026 11:20:27] NUSEQ 28806466 | NUPROCESSOEXTERNO 0005066-18.2021.8.26.0521 STATUS 177
[31/08/2026 11:20:37] NUSEQ 28806466 | NUPROCESSOEXTERNO 0005066-18.2021.8.26.0521 STATUS 177
[31/08/2026 11:20:47] NUSEQ 28806466 | NUPROCESSOEXTERNO 0005066-18.2021.8.26.0521 STATUS 177
[31/08/2026 11:20:57] NUSEQ 28806466 | NUPROCESSOEXTERNO 0005066-18.2021.8.26.0521 STATUS 177
[31/08/2026 11:21:07] NUSEQ 28806466 | NUPROCESSOEXTERNO 0005066-18.2021.8.26.0521 STATUS 177
[31/08/2026 11:21:17] NUSEQ 28806466 | NUPROCESSOEXTERNO 0005066-18.2021.8.26.0521 STATUS 161
[31/08/2026 11:21:18] SUCESSO: NUSEQ 28806466 | NUPROCESSOEXTERNO 0005066-18.2021.8.26.0521 -> ID 2R000000H9TB5 atualizado para grupo 39
[31/08/2026 11:21:18] ============================================================
[31/08/2026 11:21:18] PROCESSAMENTO FINALIZADO
[31/08/2026 11:21:18] Total: 3
[31/08/2026 11:21:18] Sucesso: 3
[31/08/2026 11:21:18] Pendentes: 0
[31/08/2026 11:21:18] Nenhum pendente encontrado.
[31/08/2026 11:21:18] Próxima execução automática agendada para daqui 30 minutos.
[31/08/2026 11:51:18] Iniciando execução automática agendada.
[31/08/2026 11:51:23] Iniciando processo
[31/08/2026 11:51:24] 1 registros encontrados
[31/08/2026 11:51:24] Registros que serão alterados:
[31/08/2026 11:51:24] NUSEQ 28807986 | NUPROCESSOEXTERNO 0002011-83.2025.8.26.0306
[31/08/2026 11:51:24] Executando inserts iniciais...
[31/08/2026 11:51:24] INSERT OK - NUSEQ 28807986 | NUPROCESSOEXTERNO 0002011-83.2025.8.26.0306
[31/08/2026 11:51:24] Todos os inserts iniciais executados.
[31/08/2026 11:51:24] Reprocessando NUSEQ 28807986 | NUPROCESSOEXTERNO 0002011-83.2025.8.26.0306
[31/08/2026 11:51:24] Reprocessamento inicial iniciado.
[31/08/2026 11:51:24] NUSEQ 28807986 | NUPROCESSOEXTERNO 0002011-83.2025.8.26.0306 STATUS 177
[31/08/2026 11:51:35] NUSEQ 28807986 | NUPROCESSOEXTERNO 0002011-83.2025.8.26.0306 STATUS 177
[31/08/2026 11:51:45] NUSEQ 28807986 | NUPROCESSOEXTERNO 0002011-83.2025.8.26.0306 STATUS 177
[31/08/2026 11:51:55] NUSEQ 28807986 | NUPROCESSOEXTERNO 0002011-83.2025.8.26.0306 STATUS 177
[31/08/2026 11:52:05] NUSEQ 28807986 | NUPROCESSOEXTERNO 0002011-83.2025.8.26.0306 STATUS 177
[31/08/2026 11:52:15] NUSEQ 28807986 | NUPROCESSOEXTERNO 0002011-83.2025.8.26.0306 STATUS 177
[31/08/2026 11:52:25] NUSEQ 28807986 | NUPROCESSOEXTERNO 0002011-83.2025.8.26.0306 STATUS 161
[31/08/2026 11:52:26] SUCESSO: NUSEQ 28807986 | NUPROCESSOEXTERNO 0002011-83.2025.8.26.0306 -> ID 2R000000H9UIL atualizado para grupo 39
[31/08/2026 11:52:26] ============================================================
[31/08/2026 11:52:26] PROCESSAMENTO FINALIZADO
[31/08/2026 11:52:26] Total: 1
[31/08/2026 11:52:26] Sucesso: 1
[31/08/2026 11:52:26] Pendentes: 0
[31/08/2026 11:52:26] Nenhum pendente encontrado.
[31/08/2026 11:52:26] Próxima execução automática agendada para daqui 30 minutos.
[31/08/2026 12:22:26] Iniciando execução automática agendada.
[31/08/2026 12:22:31] Iniciando processo
[31/08/2026 12:22:31] Nenhum registro encontrado.
[31/08/2026 12:22:31] Próxima execução automática agendada para daqui 30 minutos.
[31/08/2026 12:52:31] Iniciando execução automática agendada.
[31/08/2026 12:52:37] Iniciando processo
[31/08/2026 12:52:37] 1 registros encontrados
[31/08/2026 12:52:37] Registros que serão alterados:
[31/08/2026 12:52:37] NUSEQ 28814148 | NUPROCESSOEXTERNO 1508843-55.2026.8.26.0425
[31/08/2026 12:52:37] Executando inserts iniciais...
[31/08/2026 12:52:37] INSERT OK - NUSEQ 28814148 | NUPROCESSOEXTERNO 1508843-55.2026.8.26.0425
[31/08/2026 12:52:37] Todos os inserts iniciais executados.
[31/08/2026 12:52:37] Reprocessando NUSEQ 28814148 | NUPROCESSOEXTERNO 1508843-55.2026.8.26.0425
[31/08/2026 12:52:38] Reprocessamento inicial iniciado.
[31/08/2026 12:52:38] NUSEQ 28814148 | NUPROCESSOEXTERNO 1508843-55.2026.8.26.0425 STATUS 177
[31/08/2026 12:52:48] NUSEQ 28814148 | NUPROCESSOEXTERNO 1508843-55.2026.8.26.0425 STATUS 177
[31/08/2026 12:52:58] NUSEQ 28814148 | NUPROCESSOEXTERNO 1508843-55.2026.8.26.0425 STATUS 177
[31/08/2026 12:53:08] NUSEQ 28814148 | NUPROCESSOEXTERNO 1508843-55.2026.8.26.0425 STATUS 161
[31/08/2026 12:53:08] SUCESSO: NUSEQ 28814148 | NUPROCESSOEXTERNO 1508843-55.2026.8.26.0425 -> ID 2R000000H9ZHU atualizado para grupo 39
[31/08/2026 12:53:08] ============================================================
[31/08/2026 12:53:08] PROCESSAMENTO FINALIZADO
[31/08/2026 12:53:09] Total: 1
[31/08/2026 12:53:09] Sucesso: 1
[31/08/2026 12:53:09] Pendentes: 0
[31/08/2026 12:53:09] Nenhum pendente encontrado.
[31/08/2026 12:53:09] Próxima execução automática agendada para daqui 30 minutos.
[31/08/2026 13:23:09] Iniciando execução automática agendada.
[31/08/2026 13:23:14] Iniciando processo
[31/08/2026 13:23:14] 1 registros encontrados
[31/08/2026 13:23:14] Registros que serão alterados:
[31/08/2026 13:23:14] NUSEQ 28815826 | NUPROCESSOEXTERNO 0008727-10.2018.8.26.0521
[31/08/2026 13:23:14] Executando inserts iniciais...
[31/08/2026 13:23:14] INSERT OK - NUSEQ 28815826 | NUPROCESSOEXTERNO 0008727-10.2018.8.26.0521
[31/08/2026 13:23:14] Todos os inserts iniciais executados.
[31/08/2026 13:23:14] Reprocessando NUSEQ 28815826 | NUPROCESSOEXTERNO 0008727-10.2018.8.26.0521
[31/08/2026 13:23:15] Reprocessamento inicial iniciado.
[31/08/2026 13:23:15] NUSEQ 28815826 | NUPROCESSOEXTERNO 0008727-10.2018.8.26.0521 STATUS 177
[31/08/2026 13:23:25] NUSEQ 28815826 | NUPROCESSOEXTERNO 0008727-10.2018.8.26.0521 STATUS 177
[31/08/2026 13:23:35] NUSEQ 28815826 | NUPROCESSOEXTERNO 0008727-10.2018.8.26.0521 STATUS 177
[31/08/2026 13:23:46] NUSEQ 28815826 | NUPROCESSOEXTERNO 0008727-10.2018.8.26.0521 STATUS 161
[31/08/2026 13:23:46] SUCESSO: NUSEQ 28815826 | NUPROCESSOEXTERNO 0008727-10.2018.8.26.0521 -> ID 2R000000HA0TM atualizado para grupo 39
[31/08/2026 13:23:46] ============================================================
[31/08/2026 13:23:46] PROCESSAMENTO FINALIZADO
[31/08/2026 13:23:46] Total: 1
[31/08/2026 13:23:46] Sucesso: 1
[31/08/2026 13:23:46] Pendentes: 0
[31/08/2026 13:23:46] Nenhum pendente encontrado.
[31/08/2026 13:23:46] Próxima execução automática agendada para daqui 30 minutos.
[31/08/2026 13:53:46] Iniciando execução automática agendada.
[31/08/2026 13:53:51] Iniciando processo
[31/08/2026 13:53:52] Nenhum registro encontrado.
[31/08/2026 13:53:52] Próxima execução automática agendada para daqui 30 minutos.
[31/08/2026 14:23:52] Iniciando execução automática agendada.
[31/08/2026 14:23:57] Iniciando processo
[31/08/2026 14:23:57] 1 registros encontrados
[31/08/2026 14:23:57] Registros que serão alterados:
[31/08/2026 14:23:57] NUSEQ 28820036 | NUPROCESSOEXTERNO 1549114-19.2026.8.26.0454
[31/08/2026 14:23:57] Executando inserts iniciais...
[31/08/2026 14:23:58] INSERT OK - NUSEQ 28820036 | NUPROCESSOEXTERNO 1549114-19.2026.8.26.0454
[31/08/2026 14:23:58] Todos os inserts iniciais executados.
[31/08/2026 14:23:58] Reprocessando NUSEQ 28820036 | NUPROCESSOEXTERNO 1549114-19.2026.8.26.0454
[31/08/2026 14:23:58] Reprocessamento inicial iniciado.
[31/08/2026 14:23:58] NUSEQ 28820036 | NUPROCESSOEXTERNO 1549114-19.2026.8.26.0454 STATUS 177
[31/08/2026 14:24:08] NUSEQ 28820036 | NUPROCESSOEXTERNO 1549114-19.2026.8.26.0454 STATUS 177
[31/08/2026 14:24:19] NUSEQ 28820036 | NUPROCESSOEXTERNO 1549114-19.2026.8.26.0454 STATUS 161
[31/08/2026 14:24:19] SUCESSO: NUSEQ 28820036 | NUPROCESSOEXTERNO 1549114-19.2026.8.26.0454 -> ID 2R000000HA47K atualizado para grupo 39
[31/08/2026 14:24:19] ============================================================
[31/08/2026 14:24:19] PROCESSAMENTO FINALIZADO
[31/08/2026 14:24:19] Total: 1
[31/08/2026 14:24:19] Sucesso: 1
[31/08/2026 14:24:19] Pendentes: 0
[31/08/2026 14:24:19] Nenhum pendente encontrado.
[31/08/2026 14:24:19] Próxima execução automática agendada para daqui 30 minutos.
[31/08/2026 14:54:19] Iniciando execução automática agendada.
[31/08/2026 14:54:25] Iniciando processo
[31/08/2026 14:54:25] 1 registros encontrados
[31/08/2026 14:54:25] Registros que serão alterados:
[31/08/2026 14:54:25] NUSEQ 28824486 | NUPROCESSOEXTERNO 1529105-60.2021.8.26.0050
[31/08/2026 14:54:25] Executando inserts iniciais...
[31/08/2026 14:54:25] INSERT OK - NUSEQ 28824486 | NUPROCESSOEXTERNO 1529105-60.2021.8.26.0050
[31/08/2026 14:54:25] Todos os inserts iniciais executados.
[31/08/2026 14:54:25] Reprocessando NUSEQ 28824486 | NUPROCESSOEXTERNO 1529105-60.2021.8.26.0050
[31/08/2026 14:54:26] Reprocessamento inicial iniciado.
[31/08/2026 14:54:26] NUSEQ 28824486 | NUPROCESSOEXTERNO 1529105-60.2021.8.26.0050 STATUS 177
[31/08/2026 14:54:36] NUSEQ 28824486 | NUPROCESSOEXTERNO 1529105-60.2021.8.26.0050 STATUS 177
[31/08/2026 14:54:46] NUSEQ 28824486 | NUPROCESSOEXTERNO 1529105-60.2021.8.26.0050 STATUS 177
[31/08/2026 14:54:56] NUSEQ 28824486 | NUPROCESSOEXTERNO 1529105-60.2021.8.26.0050 STATUS 177
[31/08/2026 14:55:07] NUSEQ 28824486 | NUPROCESSOEXTERNO 1529105-60.2021.8.26.0050 STATUS 161
[31/08/2026 14:55:07] SUCESSO: NUSEQ 28824486 | NUPROCESSOEXTERNO 1529105-60.2021.8.26.0050 -> ID 2R000000HA7SA atualizado para grupo 39
[31/08/2026 14:55:07] ============================================================
[31/08/2026 14:55:07] PROCESSAMENTO FINALIZADO
[31/08/2026 14:55:07] Total: 1
[31/08/2026 14:55:07] Sucesso: 1
[31/08/2026 14:55:07] Pendentes: 0
[31/08/2026 14:55:07] Nenhum pendente encontrado.
[31/08/2026 14:55:07] Próxima execução automática agendada para daqui 30 minutos.
[31/08/2026 15:15:50] Total atualizado: 0 registros encontrados.
[31/08/2026 15:25:07] Iniciando execução automática agendada.
[31/08/2026 15:25:11] Iniciando processo
[31/08/2026 15:25:11] Nenhum registro encontrado.
[31/08/2026 15:25:11] Próxima execução automática agendada para daqui 30 minutos.
[31/08/2026 15:55:11] Iniciando execução automática agendada.
[31/08/2026 15:55:17] Iniciando processo
[31/08/2026 15:55:17] Nenhum registro encontrado.
[31/08/2026 15:55:17] Próxima execução automática agendada para daqui 30 minutos.
[31/08/2026 16:25:17] Iniciando execução automática agendada.
[31/08/2026 16:25:22] Iniciando processo
[31/08/2026 16:25:22] 1 registros encontrados
[31/08/2026 16:25:22] Registros que serão alterados:
[31/08/2026 16:25:22] NUSEQ 28834209 | NUPROCESSOEXTERNO 1030508-84.2025.8.26.0114
[31/08/2026 16:25:22] Executando inserts iniciais...
[31/08/2026 16:25:23] INSERT OK - NUSEQ 28834209 | NUPROCESSOEXTERNO 1030508-84.2025.8.26.0114
[31/08/2026 16:25:23] Todos os inserts iniciais executados.
[31/08/2026 16:25:23] Reprocessando NUSEQ 28834209 | NUPROCESSOEXTERNO 1030508-84.2025.8.26.0114
[31/08/2026 16:25:23] Reprocessamento inicial iniciado.
[31/08/2026 16:25:23] NUSEQ 28834209 | NUPROCESSOEXTERNO 1030508-84.2025.8.26.0114 STATUS 177
[31/08/2026 16:25:33] NUSEQ 28834209 | NUPROCESSOEXTERNO 1030508-84.2025.8.26.0114 STATUS 161
[31/08/2026 16:25:34] SUCESSO: NUSEQ 28834209 | NUPROCESSOEXTERNO 1030508-84.2025.8.26.0114 -> ID 2R000000HAFNP atualizado para grupo 39
[31/08/2026 16:25:34] ============================================================
[31/08/2026 16:25:34] PROCESSAMENTO FINALIZADO
[31/08/2026 16:25:34] Total: 1
[31/08/2026 16:25:34] Sucesso: 1
[31/08/2026 16:25:34] Pendentes: 0
[31/08/2026 16:25:34] Nenhum pendente encontrado.
[31/08/2026 16:25:34] Próxima execução automática agendada para daqui 30 minutos.
[31/08/2026 16:55:34] Iniciando execução automática agendada.
[31/08/2026 16:55:38] Iniciando processo
[31/08/2026 16:55:38] Nenhum registro encontrado.
[31/08/2026 16:55:38] Próxima execução automática agendada para daqui 30 minutos.
[31/08/2026 17:25:38] Iniciando execução automática agendada.
[31/08/2026 17:25:43] Iniciando processo
[31/08/2026 17:25:43] Nenhum registro encontrado.
[31/08/2026 17:25:43] Próxima execução automática agendada para daqui 30 minutos.
[31/08/2026 17:55:43] Iniciando execução automática agendada.
[31/08/2026 17:55:49] Iniciando processo
[31/08/2026 17:55:49] Nenhum registro encontrado.
[31/08/2026 17:55:49] Próxima execução automática agendada para daqui 30 minutos.
[31/08/2026 18:25:49] Iniciando execução automática agendada.
[31/08/2026 18:25:55] Iniciando processo
[31/08/2026 18:25:55] Nenhum registro encontrado.
[31/08/2026 18:25:55] Próxima execução automática agendada para daqui 30 minutos.
[31/08/2026 18:55:55] Iniciando execução automática agendada.
[31/08/2026 18:55:59] Iniciando processo
[31/08/2026 18:55:59] 1 registros encontrados
[31/08/2026 18:55:59] Registros que serão alterados:
[31/08/2026 18:55:59] NUSEQ 28843217 | NUPROCESSOEXTERNO 1504643-70.2025.8.26.0544
[31/08/2026 18:55:59] Executando inserts iniciais...
[31/08/2026 18:55:59] INSERT OK - NUSEQ 28843217 | NUPROCESSOEXTERNO 1504643-70.2025.8.26.0544
[31/08/2026 18:55:59] Todos os inserts iniciais executados.
[31/08/2026 18:55:59] Reprocessando NUSEQ 28843217 | NUPROCESSOEXTERNO 1504643-70.2025.8.26.0544
[31/08/2026 18:56:00] Reprocessamento inicial iniciado.
[31/08/2026 18:56:00] NUSEQ 28843217 | NUPROCESSOEXTERNO 1504643-70.2025.8.26.0544 STATUS 177
[31/08/2026 18:56:10] NUSEQ 28843217 | NUPROCESSOEXTERNO 1504643-70.2025.8.26.0544 STATUS 177
[31/08/2026 18:56:20] NUSEQ 28843217 | NUPROCESSOEXTERNO 1504643-70.2025.8.26.0544 STATUS 177
[31/08/2026 18:56:30] NUSEQ 28843217 | NUPROCESSOEXTERNO 1504643-70.2025.8.26.0544 STATUS 161
[31/08/2026 18:56:31] SUCESSO: NUSEQ 28843217 | NUPROCESSOEXTERNO 1504643-70.2025.8.26.0544 -> ID 2R000000HAN1R atualizado para grupo 39
[31/08/2026 18:56:31] ============================================================
[31/08/2026 18:56:31] PROCESSAMENTO FINALIZADO
[31/08/2026 18:56:31] Total: 1
[31/08/2026 18:56:31] Sucesso: 1
[31/08/2026 18:56:31] Pendentes: 0
[31/08/2026 18:56:31] Nenhum pendente encontrado.
[31/08/2026 18:56:31] Próxima execução automática agendada para daqui 30 minutos.
[31/08/2026 19:26:31] Iniciando execução automática agendada.
[31/08/2026 19:26:35] Iniciando processo
[31/08/2026 19:26:35] Nenhum registro encontrado.
[31/08/2026 19:26:35] Próxima execução automática agendada para daqui 30 minutos.
[31/08/2026 19:56:35] Iniciando execução automática agendada.
[31/08/2026 19:56:39] Iniciando processo
[31/08/2026 19:56:39] Nenhum registro encontrado.
[31/08/2026 19:56:40] Próxima execução automática agendada para daqui 30 minutos.
[31/08/2026 20:26:40] Iniciando execução automática agendada.
[31/08/2026 20:26:45] Iniciando processo
[31/08/2026 20:26:45] Nenhum registro encontrado.
[31/08/2026 20:26:45] Próxima execução automática agendada para daqui 30 minutos.
[31/08/2026 20:56:45] Iniciando execução automática agendada.
[31/08/2026 20:56:50] Iniciando processo
[31/08/2026 20:56:50] Nenhum registro encontrado.
[31/08/2026 20:56:50] Próxima execução automática agendada para daqui 30 minutos.
[31/08/2026 21:26:50] Iniciando execução automática agendada.
[31/08/2026 21:26:55] Iniciando processo
[31/08/2026 21:26:55] Nenhum registro encontrado.
[31/08/2026 21:26:55] Próxima execução automática agendada para daqui 30 minutos.
[31/08/2026 21:56:55] Iniciando execução automática agendada.
[31/08/2026 21:57:00] Iniciando processo
[31/08/2026 21:57:01] Nenhum registro encontrado.
[31/08/2026 21:57:01] Próxima execução automática agendada para daqui 30 minutos.
[31/08/2026 22:27:01] Iniciando execução automática agendada.
[31/08/2026 22:27:05] Iniciando processo
[31/08/2026 22:27:05] Nenhum registro encontrado.
[31/08/2026 22:27:06] Próxima execução automática agendada para daqui 30 minutos.
[31/08/2026 22:57:06] Iniciando execução automática agendada.
[31/08/2026 22:57:10] Iniciando processo
[31/08/2026 22:57:10] Nenhum registro encontrado.
[31/08/2026 22:57:10] Próxima execução automática agendada para daqui 30 minutos.
[31/08/2026 23:27:10] Iniciando execução automática agendada.
[31/08/2026 23:27:15] Iniciando processo
[31/08/2026 23:27:16] Nenhum registro encontrado.
[31/08/2026 23:27:16] Próxima execução automática agendada para daqui 30 minutos.
[31/08/2026 23:57:16] Iniciando execução automática agendada.
[31/08/2026 23:57:20] Iniciando processo
[31/08/2026 23:57:26] Nenhum registro encontrado.
[31/08/2026 23:57:27] Próxima execução automática agendada para daqui 30 minutos.
