[27/08/2026 00:08:28] Iniciando execução automática agendada.
[27/08/2026 00:08:50] Falha ao conectar ao banco (sigsp).
[27/08/2026 00:08:50] Próxima execução automática agendada para daqui 30 minutos.
[27/08/2026 00:38:50] Iniciando execução automática agendada.
[27/08/2026 00:38:54] Iniciando processo
[27/08/2026 00:38:54] Nenhum registro encontrado.
[27/08/2026 00:38:54] Próxima execução automática agendada para daqui 30 minutos.
[27/08/2026 01:08:54] Iniciando execução automática agendada.
[27/08/2026 01:08:58] Iniciando processo
[27/08/2026 01:08:58] Nenhum registro encontrado.
[27/08/2026 01:08:59] Próxima execução automática agendada para daqui 30 minutos.
[27/08/2026 01:38:59] Iniciando execução automática agendada.
[27/08/2026 01:39:03] Iniciando processo
[27/08/2026 01:39:03] Nenhum registro encontrado.
[27/08/2026 01:39:03] Próxima execução automática agendada para daqui 30 minutos.
[27/08/2026 02:09:03] Iniciando execução automática agendada.
[27/08/2026 02:09:07] Iniciando processo
[27/08/2026 02:09:08] Nenhum registro encontrado.
[27/08/2026 02:09:08] Próxima execução automática agendada para daqui 30 minutos.
[27/08/2026 02:39:08] Iniciando execução automática agendada.
[27/08/2026 02:39:12] Iniciando processo
[27/08/2026 02:39:12] Nenhum registro encontrado.
[27/08/2026 02:39:12] Próxima execução automática agendada para daqui 30 minutos.
[27/08/2026 03:09:12] Iniciando execução automática agendada.
[27/08/2026 03:09:17] Iniciando processo
[27/08/2026 03:09:17] Nenhum registro encontrado.
[27/08/2026 03:09:18] Próxima execução automática agendada para daqui 30 minutos.
[27/08/2026 03:39:18] Iniciando execução automática agendada.
[27/08/2026 03:39:22] Iniciando processo
[27/08/2026 03:39:23] Nenhum registro encontrado.
[27/08/2026 03:39:23] Próxima execução automática agendada para daqui 30 minutos.
[27/08/2026 04:09:23] Iniciando execução automática agendada.
[27/08/2026 04:09:26] Iniciando processo
[27/08/2026 04:09:30] Nenhum registro encontrado.
[27/08/2026 04:09:30] Próxima execução automática agendada para daqui 30 minutos.
[27/08/2026 04:39:30] Iniciando execução automática agendada.
[27/08/2026 04:39:34] Iniciando processo
[27/08/2026 04:39:34] Nenhum registro encontrado.
[27/08/2026 04:39:34] Próxima execução automática agendada para daqui 30 minutos.
[27/08/2026 05:09:34] Iniciando execução automática agendada.
[27/08/2026 05:09:38] Iniciando processo
[27/08/2026 05:09:38] Nenhum registro encontrado.
[27/08/2026 05:09:38] Próxima execução automática agendada para daqui 30 minutos.
[27/08/2026 05:39:38] Iniciando execução automática agendada.
[27/08/2026 05:39:42] Iniciando processo
[27/08/2026 05:39:42] Nenhum registro encontrado.
[27/08/2026 05:39:42] Próxima execução automática agendada para daqui 30 minutos.
[27/08/2026 06:09:42] Iniciando execução automática agendada.
[27/08/2026 06:09:46] Iniciando processo
[27/08/2026 06:09:46] Nenhum registro encontrado.
[27/08/2026 06:09:46] Próxima execução automática agendada para daqui 30 minutos.
[27/08/2026 06:39:46] Iniciando execução automática agendada.
[27/08/2026 06:39:50] Iniciando processo
[27/08/2026 06:39:52] Nenhum registro encontrado.
[27/08/2026 06:39:52] Próxima execução automática agendada para daqui 30 minutos.
[27/08/2026 07:09:52] Iniciando execução automática agendada.
[27/08/2026 07:09:56] Iniciando processo
[27/08/2026 07:09:56] Nenhum registro encontrado.
[27/08/2026 07:09:57] Próxima execução automática agendada para daqui 30 minutos.
[27/08/2026 07:39:57] Iniciando execução automática agendada.
[27/08/2026 07:40:00] Iniciando processo
[27/08/2026 07:40:01] Nenhum registro encontrado.
[27/08/2026 07:40:01] Próxima execução automática agendada para daqui 30 minutos.
[27/08/2026 08:10:01] Iniciando execução automática agendada.
[27/08/2026 08:10:07] Iniciando processo
[27/08/2026 08:10:07] Nenhum registro encontrado.
[27/08/2026 08:10:07] Próxima execução automática agendada para daqui 30 minutos.
[27/08/2026 08:40:07] Iniciando execução automática agendada.
[27/08/2026 08:40:11] Iniciando processo
[27/08/2026 08:40:12] Nenhum registro encontrado.
[27/08/2026 08:40:12] Próxima execução automática agendada para daqui 30 minutos.
[27/08/2026 09:10:12] Iniciando execução automática agendada.
[27/08/2026 09:10:16] Iniciando processo
[27/08/2026 09:10:16] 1 registros encontrados
[27/08/2026 09:10:16] Registros que serão alterados:
[27/08/2026 09:10:16] NUSEQ 28690950 | NUPROCESSOEXTERNO 1581432-40.2025.8.26.0050
[27/08/2026 09:10:16] Executando inserts iniciais...
[27/08/2026 09:10:16] INSERT OK - NUSEQ 28690950 | NUPROCESSOEXTERNO 1581432-40.2025.8.26.0050
[27/08/2026 09:10:16] Todos os inserts iniciais executados.
[27/08/2026 09:10:16] Reprocessando NUSEQ 28690950 | NUPROCESSOEXTERNO 1581432-40.2025.8.26.0050
[27/08/2026 09:10:17] Reprocessamento inicial iniciado.
[27/08/2026 09:10:17] NUSEQ 28690950 | NUPROCESSOEXTERNO 1581432-40.2025.8.26.0050 STATUS 177
[27/08/2026 09:10:27] NUSEQ 28690950 | NUPROCESSOEXTERNO 1581432-40.2025.8.26.0050 STATUS 161
[27/08/2026 09:10:27] SUCESSO: NUSEQ 28690950 | NUPROCESSOEXTERNO 1581432-40.2025.8.26.0050 -> ID 2R000000H78FP atualizado para grupo 39
[27/08/2026 09:10:27] ============================================================
[27/08/2026 09:10:27] PROCESSAMENTO FINALIZADO
[27/08/2026 09:10:27] Total: 1
[27/08/2026 09:10:27] Sucesso: 1
[27/08/2026 09:10:27] Pendentes: 0
[27/08/2026 09:10:27] Nenhum pendente encontrado.
[27/08/2026 09:10:27] Próxima execução automática agendada para daqui 30 minutos.
[27/08/2026 09:40:27] Iniciando execução automática agendada.
[27/08/2026 09:40:32] Iniciando processo
[27/08/2026 09:40:32] 3 registros encontrados
[27/08/2026 09:40:32] Registros que serão alterados:
[27/08/2026 09:40:32] NUSEQ 28691690 | NUPROCESSOEXTERNO 1500260-20.2026.8.26.0607
[27/08/2026 09:40:32] NUSEQ 28691189 | NUPROCESSOEXTERNO 1500155-51.2025.8.26.0454
[27/08/2026 09:40:32] NUSEQ 28693208 | NUPROCESSOEXTERNO 1502308-71.2025.8.26.0223
[27/08/2026 09:40:32] Executando inserts iniciais...
[27/08/2026 09:40:32] INSERT OK - NUSEQ 28691690 | NUPROCESSOEXTERNO 1500260-20.2026.8.26.0607
[27/08/2026 09:40:32] INSERT OK - NUSEQ 28691189 | NUPROCESSOEXTERNO 1500155-51.2025.8.26.0454
[27/08/2026 09:40:33] INSERT OK - NUSEQ 28693208 | NUPROCESSOEXTERNO 1502308-71.2025.8.26.0223
[27/08/2026 09:40:33] Todos os inserts iniciais executados.
[27/08/2026 09:40:33] Reprocessando NUSEQ 28691690 | NUPROCESSOEXTERNO 1500260-20.2026.8.26.0607
[27/08/2026 09:40:33] Reprocessando NUSEQ 28691189 | NUPROCESSOEXTERNO 1500155-51.2025.8.26.0454
[27/08/2026 09:40:33] Reprocessando NUSEQ 28693208 | NUPROCESSOEXTERNO 1502308-71.2025.8.26.0223
[27/08/2026 09:40:34] Reprocessamento inicial iniciado.
[27/08/2026 09:40:34] NUSEQ 28691189 | NUPROCESSOEXTERNO 1500155-51.2025.8.26.0454 STATUS 177
[27/08/2026 09:40:34] NUSEQ 28691690 | NUPROCESSOEXTERNO 1500260-20.2026.8.26.0607 STATUS 177
[27/08/2026 09:40:34] NUSEQ 28693208 | NUPROCESSOEXTERNO 1502308-71.2025.8.26.0223 STATUS 177
[27/08/2026 09:40:44] NUSEQ 28691189 | NUPROCESSOEXTERNO 1500155-51.2025.8.26.0454 STATUS 161
[27/08/2026 09:40:44] SUCESSO: NUSEQ 28691189 | NUPROCESSOEXTERNO 1500155-51.2025.8.26.0454 -> ID 2R000000H78ME atualizado para grupo 39
[27/08/2026 09:40:44] NUSEQ 28691690 | NUPROCESSOEXTERNO 1500260-20.2026.8.26.0607 STATUS 161
[27/08/2026 09:40:45] SUCESSO: NUSEQ 28691690 | NUPROCESSOEXTERNO 1500260-20.2026.8.26.0607 -> ID 2R000000H7911 atualizado para grupo 39
[27/08/2026 09:40:45] NUSEQ 28693208 | NUPROCESSOEXTERNO 1502308-71.2025.8.26.0223 STATUS 177
[27/08/2026 09:40:55] NUSEQ 28693208 | NUPROCESSOEXTERNO 1502308-71.2025.8.26.0223 STATUS 161
[27/08/2026 09:40:55] SUCESSO: NUSEQ 28693208 | NUPROCESSOEXTERNO 1502308-71.2025.8.26.0223 -> ID 2R000000H7A8C atualizado para grupo 39
[27/08/2026 09:40:55] ============================================================
[27/08/2026 09:40:55] PROCESSAMENTO FINALIZADO
[27/08/2026 09:40:55] Total: 3
[27/08/2026 09:40:55] Sucesso: 3
[27/08/2026 09:40:55] Pendentes: 0
[27/08/2026 09:40:55] Nenhum pendente encontrado.
[27/08/2026 09:40:55] Próxima execução automática agendada para daqui 30 minutos.
[27/08/2026 10:10:55] Iniciando execução automática agendada.
[27/08/2026 10:11:00] Iniciando processo
[27/08/2026 10:11:00] Nenhum registro encontrado.
[27/08/2026 10:11:00] Próxima execução automática agendada para daqui 30 minutos.
[27/08/2026 10:41:00] Iniciando execução automática agendada.
[27/08/2026 10:41:05] Iniciando processo
[27/08/2026 10:41:05] 1 registros encontrados
[27/08/2026 10:41:05] Registros que serão alterados:
[27/08/2026 10:41:05] NUSEQ 28697872 | NUPROCESSOEXTERNO 1500035-51.2026.8.26.0008
[27/08/2026 10:41:05] Executando inserts iniciais...
[27/08/2026 10:41:05] INSERT OK - NUSEQ 28697872 | NUPROCESSOEXTERNO 1500035-51.2026.8.26.0008
[27/08/2026 10:41:05] Todos os inserts iniciais executados.
[27/08/2026 10:41:05] Reprocessando NUSEQ 28697872 | NUPROCESSOEXTERNO 1500035-51.2026.8.26.0008
[27/08/2026 10:41:06] Reprocessamento inicial iniciado.
[27/08/2026 10:41:06] NUSEQ 28697872 | NUPROCESSOEXTERNO 1500035-51.2026.8.26.0008 STATUS 177
[27/08/2026 10:41:16] NUSEQ 28697872 | NUPROCESSOEXTERNO 1500035-51.2026.8.26.0008 STATUS 161
[27/08/2026 10:41:17] SUCESSO: NUSEQ 28697872 | NUPROCESSOEXTERNO 1500035-51.2026.8.26.0008 -> ID 2R000000H7DVU atualizado para grupo 39
[27/08/2026 10:41:17] ============================================================
[27/08/2026 10:41:17] PROCESSAMENTO FINALIZADO
[27/08/2026 10:41:17] Total: 1
[27/08/2026 10:41:17] Sucesso: 1
[27/08/2026 10:41:17] Pendentes: 0
[27/08/2026 10:41:17] Nenhum pendente encontrado.
[27/08/2026 10:41:17] Próxima execução automática agendada para daqui 30 minutos.
[27/08/2026 11:11:17] Iniciando execução automática agendada.
[27/08/2026 11:11:21] Iniciando processo
[27/08/2026 11:11:21] 3 registros encontrados
[27/08/2026 11:11:21] Registros que serão alterados:
[27/08/2026 11:11:21] NUSEQ 28700947 | NUPROCESSOEXTERNO 1529192-11.2024.8.26.0050
[27/08/2026 11:11:21] NUSEQ 28700398 | NUPROCESSOEXTERNO 1501396-31.2025.8.26.0011
[27/08/2026 11:11:21] NUSEQ 28700582 | NUPROCESSOEXTERNO 1509326-34.2026.8.26.0442
[27/08/2026 11:11:21] Executando inserts iniciais...
[27/08/2026 11:11:21] INSERT OK - NUSEQ 28700947 | NUPROCESSOEXTERNO 1529192-11.2024.8.26.0050
[27/08/2026 11:11:22] INSERT OK - NUSEQ 28700398 | NUPROCESSOEXTERNO 1501396-31.2025.8.26.0011
[27/08/2026 11:11:22] INSERT OK - NUSEQ 28700582 | NUPROCESSOEXTERNO 1509326-34.2026.8.26.0442
[27/08/2026 11:11:22] Todos os inserts iniciais executados.
[27/08/2026 11:11:22] Reprocessando NUSEQ 28700947 | NUPROCESSOEXTERNO 1529192-11.2024.8.26.0050
[27/08/2026 11:11:23] Reprocessando NUSEQ 28700398 | NUPROCESSOEXTERNO 1501396-31.2025.8.26.0011
[27/08/2026 11:11:23] Reprocessando NUSEQ 28700582 | NUPROCESSOEXTERNO 1509326-34.2026.8.26.0442
[27/08/2026 11:11:24] Reprocessamento inicial iniciado.
[27/08/2026 11:11:24] NUSEQ 28700398 | NUPROCESSOEXTERNO 1501396-31.2025.8.26.0011 STATUS 177
[27/08/2026 11:11:24] NUSEQ 28700582 | NUPROCESSOEXTERNO 1509326-34.2026.8.26.0442 STATUS 177
[27/08/2026 11:11:24] NUSEQ 28700947 | NUPROCESSOEXTERNO 1529192-11.2024.8.26.0050 STATUS 177
[27/08/2026 11:11:34] NUSEQ 28700398 | NUPROCESSOEXTERNO 1501396-31.2025.8.26.0011 STATUS 161
[27/08/2026 11:11:34] SUCESSO: NUSEQ 28700398 | NUPROCESSOEXTERNO 1501396-31.2025.8.26.0011 -> ID 2R000000H7FVO atualizado para grupo 39
[27/08/2026 11:11:34] NUSEQ 28700582 | NUPROCESSOEXTERNO 1509326-34.2026.8.26.0442 STATUS 161
[27/08/2026 11:11:35] SUCESSO: NUSEQ 28700582 | NUPROCESSOEXTERNO 1509326-34.2026.8.26.0442 -> ID 2R000000H7G0S atualizado para grupo 39
[27/08/2026 11:11:35] NUSEQ 28700947 | NUPROCESSOEXTERNO 1529192-11.2024.8.26.0050 STATUS 177
[27/08/2026 11:11:45] NUSEQ 28700947 | NUPROCESSOEXTERNO 1529192-11.2024.8.26.0050 STATUS 161
[27/08/2026 11:11:45] SUCESSO: NUSEQ 28700947 | NUPROCESSOEXTERNO 1529192-11.2024.8.26.0050 -> ID 2R000000H7GBX atualizado para grupo 39
[27/08/2026 11:11:45] ============================================================
[27/08/2026 11:11:45] PROCESSAMENTO FINALIZADO
[27/08/2026 11:11:45] Total: 3
[27/08/2026 11:11:45] Sucesso: 3
[27/08/2026 11:11:45] Pendentes: 0
[27/08/2026 11:11:45] Nenhum pendente encontrado.
[27/08/2026 11:11:45] Próxima execução automática agendada para daqui 30 minutos.
[27/08/2026 11:41:45] Iniciando execução automática agendada.
[27/08/2026 11:41:51] Iniciando processo
[27/08/2026 11:41:51] Nenhum registro encontrado.
[27/08/2026 11:41:51] Próxima execução automática agendada para daqui 30 minutos.
[27/08/2026 12:11:51] Iniciando execução automática agendada.
[27/08/2026 12:12:01] Iniciando processo
[27/08/2026 12:12:01] 1 registros encontrados
[27/08/2026 12:12:02] Registros que serão alterados:
[27/08/2026 12:12:02] NUSEQ 28706879 | NUPROCESSOEXTERNO 0009397-32.2023.8.26.0502
[27/08/2026 12:12:02] Executando inserts iniciais...
[27/08/2026 12:12:03] INSERT OK - NUSEQ 28706879 | NUPROCESSOEXTERNO 0009397-32.2023.8.26.0502
[27/08/2026 12:12:03] Todos os inserts iniciais executados.
[27/08/2026 12:12:03] Reprocessando NUSEQ 28706879 | NUPROCESSOEXTERNO 0009397-32.2023.8.26.0502
[27/08/2026 12:12:03] Reprocessamento inicial iniciado.
[27/08/2026 12:12:04] NUSEQ 28706879 | NUPROCESSOEXTERNO 0009397-32.2023.8.26.0502 STATUS 177
[27/08/2026 12:12:14] NUSEQ 28706879 | NUPROCESSOEXTERNO 0009397-32.2023.8.26.0502 STATUS 177
[27/08/2026 12:12:24] NUSEQ 28706879 | NUPROCESSOEXTERNO 0009397-32.2023.8.26.0502 STATUS 177
[27/08/2026 12:12:34] NUSEQ 28706879 | NUPROCESSOEXTERNO 0009397-32.2023.8.26.0502 STATUS 177
[27/08/2026 12:12:44] NUSEQ 28706879 | NUPROCESSOEXTERNO 0009397-32.2023.8.26.0502 STATUS 161
[27/08/2026 12:12:45] SUCESSO: NUSEQ 28706879 | NUPROCESSOEXTERNO 0009397-32.2023.8.26.0502 -> ID 2R000000H7L1Y atualizado para grupo 39
[27/08/2026 12:12:45] ============================================================
[27/08/2026 12:12:45] PROCESSAMENTO FINALIZADO
[27/08/2026 12:12:45] Total: 1
[27/08/2026 12:12:45] Sucesso: 1
[27/08/2026 12:12:45] Pendentes: 0
[27/08/2026 12:12:45] Nenhum pendente encontrado.
[27/08/2026 12:12:45] Próxima execução automática agendada para daqui 30 minutos.
[27/08/2026 12:42:45] Iniciando execução automática agendada.
[27/08/2026 12:42:49] Iniciando processo
[27/08/2026 12:42:49] Nenhum registro encontrado.
[27/08/2026 12:42:49] Próxima execução automática agendada para daqui 30 minutos.
[27/08/2026 13:12:49] Iniciando execução automática agendada.
[27/08/2026 13:12:53] Iniciando processo
[27/08/2026 13:12:53] Nenhum registro encontrado.
[27/08/2026 13:12:53] Próxima execução automática agendada para daqui 30 minutos.
[27/08/2026 13:42:53] Iniciando execução automática agendada.
[27/08/2026 13:42:57] Iniciando processo
[27/08/2026 13:42:58] 4 registros encontrados
[27/08/2026 13:42:58] Registros que serão alterados:
[27/08/2026 13:42:58] NUSEQ 28712251 | NUPROCESSOEXTERNO 1003649-89.2022.8.26.0161
[27/08/2026 13:42:58] NUSEQ 28713192 | NUPROCESSOEXTERNO 0003597-59.2024.8.26.0996
[27/08/2026 13:42:58] NUSEQ 28713262 | NUPROCESSOEXTERNO 7000317-81.2021.8.26.0602
[27/08/2026 13:42:58] NUSEQ 28713306 | NUPROCESSOEXTERNO 0007283-38.2019.8.26.0510
[27/08/2026 13:42:58] Executando inserts iniciais...
[27/08/2026 13:42:58] INSERT OK - NUSEQ 28712251 | NUPROCESSOEXTERNO 1003649-89.2022.8.26.0161
[27/08/2026 13:42:59] INSERT OK - NUSEQ 28713192 | NUPROCESSOEXTERNO 0003597-59.2024.8.26.0996
[27/08/2026 13:42:59] INSERT OK - NUSEQ 28713262 | NUPROCESSOEXTERNO 7000317-81.2021.8.26.0602
[27/08/2026 13:42:59] INSERT OK - NUSEQ 28713306 | NUPROCESSOEXTERNO 0007283-38.2019.8.26.0510
[27/08/2026 13:42:59] Todos os inserts iniciais executados.
[27/08/2026 13:42:59] Reprocessando NUSEQ 28712251 | NUPROCESSOEXTERNO 1003649-89.2022.8.26.0161
[27/08/2026 13:43:00] Reprocessando NUSEQ 28713192 | NUPROCESSOEXTERNO 0003597-59.2024.8.26.0996
[27/08/2026 13:43:00] Reprocessando NUSEQ 28713262 | NUPROCESSOEXTERNO 7000317-81.2021.8.26.0602
[27/08/2026 13:43:00] Reprocessando NUSEQ 28713306 | NUPROCESSOEXTERNO 0007283-38.2019.8.26.0510
[27/08/2026 13:43:01] Reprocessamento inicial iniciado.
[27/08/2026 13:43:01] NUSEQ 28712251 | NUPROCESSOEXTERNO 1003649-89.2022.8.26.0161 STATUS 177
[27/08/2026 13:43:01] NUSEQ 28713192 | NUPROCESSOEXTERNO 0003597-59.2024.8.26.0996 STATUS 177
[27/08/2026 13:43:01] NUSEQ 28713262 | NUPROCESSOEXTERNO 7000317-81.2021.8.26.0602 STATUS 177
[27/08/2026 13:43:01] NUSEQ 28713306 | NUPROCESSOEXTERNO 0007283-38.2019.8.26.0510 STATUS 177
[27/08/2026 13:43:12] NUSEQ 28712251 | NUPROCESSOEXTERNO 1003649-89.2022.8.26.0161 STATUS 177
[27/08/2026 13:43:12] NUSEQ 28713192 | NUPROCESSOEXTERNO 0003597-59.2024.8.26.0996 STATUS 177
[27/08/2026 13:43:12] NUSEQ 28713262 | NUPROCESSOEXTERNO 7000317-81.2021.8.26.0602 STATUS 177
[27/08/2026 13:43:12] NUSEQ 28713306 | NUPROCESSOEXTERNO 0007283-38.2019.8.26.0510 STATUS 177
[27/08/2026 13:43:22] NUSEQ 28712251 | NUPROCESSOEXTERNO 1003649-89.2022.8.26.0161 STATUS 177
[27/08/2026 13:43:22] NUSEQ 28713192 | NUPROCESSOEXTERNO 0003597-59.2024.8.26.0996 STATUS 177
[27/08/2026 13:43:22] NUSEQ 28713262 | NUPROCESSOEXTERNO 7000317-81.2021.8.26.0602 STATUS 177
[27/08/2026 13:43:22] NUSEQ 28713306 | NUPROCESSOEXTERNO 0007283-38.2019.8.26.0510 STATUS 177
[27/08/2026 13:43:32] NUSEQ 28712251 | NUPROCESSOEXTERNO 1003649-89.2022.8.26.0161 STATUS 177
[27/08/2026 13:43:32] NUSEQ 28713192 | NUPROCESSOEXTERNO 0003597-59.2024.8.26.0996 STATUS 177
[27/08/2026 13:43:32] NUSEQ 28713262 | NUPROCESSOEXTERNO 7000317-81.2021.8.26.0602 STATUS 177
[27/08/2026 13:43:32] NUSEQ 28713306 | NUPROCESSOEXTERNO 0007283-38.2019.8.26.0510 STATUS 177
[27/08/2026 13:43:42] NUSEQ 28712251 | NUPROCESSOEXTERNO 1003649-89.2022.8.26.0161 STATUS 177
[27/08/2026 13:43:42] NUSEQ 28713192 | NUPROCESSOEXTERNO 0003597-59.2024.8.26.0996 STATUS 177
[27/08/2026 13:43:42] NUSEQ 28713262 | NUPROCESSOEXTERNO 7000317-81.2021.8.26.0602 STATUS 177
[27/08/2026 13:43:42] NUSEQ 28713306 | NUPROCESSOEXTERNO 0007283-38.2019.8.26.0510 STATUS 177
[27/08/2026 13:43:52] NUSEQ 28712251 | NUPROCESSOEXTERNO 1003649-89.2022.8.26.0161 STATUS 161
[27/08/2026 13:43:53] SUCESSO: NUSEQ 28712251 | NUPROCESSOEXTERNO 1003649-89.2022.8.26.0161 -> ID 2R000000H7PC4 atualizado para grupo 39
[27/08/2026 13:43:53] NUSEQ 28713192 | NUPROCESSOEXTERNO 0003597-59.2024.8.26.0996 STATUS 161
[27/08/2026 13:43:53] SUCESSO: NUSEQ 28713192 | NUPROCESSOEXTERNO 0003597-59.2024.8.26.0996 -> ID 2R000000H7Q29 atualizado para grupo 39
[27/08/2026 13:43:53] NUSEQ 28713262 | NUPROCESSOEXTERNO 7000317-81.2021.8.26.0602 STATUS 161
[27/08/2026 13:43:53] SUCESSO: NUSEQ 28713262 | NUPROCESSOEXTERNO 7000317-81.2021.8.26.0602 -> ID 2R000000H7Q56 atualizado para grupo 39
[27/08/2026 13:43:53] NUSEQ 28713306 | NUPROCESSOEXTERNO 0007283-38.2019.8.26.0510 STATUS 177
[27/08/2026 13:44:03] NUSEQ 28713306 | NUPROCESSOEXTERNO 0007283-38.2019.8.26.0510 STATUS 161
[27/08/2026 13:44:04] SUCESSO: NUSEQ 28713306 | NUPROCESSOEXTERNO 0007283-38.2019.8.26.0510 -> ID 2R000000H7Q7G atualizado para grupo 39
[27/08/2026 13:44:04] ============================================================
[27/08/2026 13:44:04] PROCESSAMENTO FINALIZADO
[27/08/2026 13:44:04] Total: 4
[27/08/2026 13:44:04] Sucesso: 4
[27/08/2026 13:44:04] Pendentes: 0
[27/08/2026 13:44:04] Nenhum pendente encontrado.
[27/08/2026 13:44:04] Próxima execução automática agendada para daqui 30 minutos.
[27/08/2026 14:14:04] Iniciando execução automática agendada.
[27/08/2026 14:14:09] Iniciando processo
[27/08/2026 14:14:09] 2 registros encontrados
[27/08/2026 14:14:09] Registros que serão alterados:
[27/08/2026 14:14:09] NUSEQ 28714874 | NUPROCESSOEXTERNO 0000344-11.2025.8.26.0420
[27/08/2026 14:14:09] NUSEQ 28715000 | NUPROCESSOEXTERNO 1001833-16.2026.8.26.0005
[27/08/2026 14:14:09] Executando inserts iniciais...
[27/08/2026 14:14:09] INSERT OK - NUSEQ 28714874 | NUPROCESSOEXTERNO 0000344-11.2025.8.26.0420
[27/08/2026 14:14:10] INSERT OK - NUSEQ 28715000 | NUPROCESSOEXTERNO 1001833-16.2026.8.26.0005
[27/08/2026 14:14:10] Todos os inserts iniciais executados.
[27/08/2026 14:14:10] Reprocessando NUSEQ 28714874 | NUPROCESSOEXTERNO 0000344-11.2025.8.26.0420
[27/08/2026 14:14:10] Reprocessando NUSEQ 28715000 | NUPROCESSOEXTERNO 1001833-16.2026.8.26.0005
[27/08/2026 14:14:10] Reprocessamento inicial iniciado.
[27/08/2026 14:14:11] NUSEQ 28714874 | NUPROCESSOEXTERNO 0000344-11.2025.8.26.0420 STATUS 177
[27/08/2026 14:14:11] NUSEQ 28715000 | NUPROCESSOEXTERNO 1001833-16.2026.8.26.0005 STATUS 177
[27/08/2026 14:14:21] NUSEQ 28714874 | NUPROCESSOEXTERNO 0000344-11.2025.8.26.0420 STATUS 161
[27/08/2026 14:14:21] SUCESSO: NUSEQ 28714874 | NUPROCESSOEXTERNO 0000344-11.2025.8.26.0420 -> ID 2R000000H7RF0 atualizado para grupo 39
[27/08/2026 14:14:21] NUSEQ 28715000 | NUPROCESSOEXTERNO 1001833-16.2026.8.26.0005 STATUS 161
[27/08/2026 14:14:21] SUCESSO: NUSEQ 28715000 | NUPROCESSOEXTERNO 1001833-16.2026.8.26.0005 -> ID 2R000000H7RJZ atualizado para grupo 39
[27/08/2026 14:14:21] ============================================================
[27/08/2026 14:14:21] PROCESSAMENTO FINALIZADO
[27/08/2026 14:14:21] Total: 2
[27/08/2026 14:14:21] Sucesso: 2
[27/08/2026 14:14:21] Pendentes: 0
[27/08/2026 14:14:21] Nenhum pendente encontrado.
[27/08/2026 14:14:21] Próxima execução automática agendada para daqui 30 minutos.
[27/08/2026 14:44:21] Iniciando execução automática agendada.
[27/08/2026 14:44:31] Iniciando processo
[27/08/2026 14:44:31] 1 registros encontrados
[27/08/2026 14:44:31] Registros que serão alterados:
[27/08/2026 14:44:31] NUSEQ 28717149 | NUPROCESSOEXTERNO 0000326-80.2023.8.26.0154
[27/08/2026 14:44:31] Executando inserts iniciais...
[27/08/2026 14:44:32] INSERT OK - NUSEQ 28717149 | NUPROCESSOEXTERNO 0000326-80.2023.8.26.0154
[27/08/2026 14:44:32] Todos os inserts iniciais executados.
[27/08/2026 14:44:32] Reprocessando NUSEQ 28717149 | NUPROCESSOEXTERNO 0000326-80.2023.8.26.0154
[27/08/2026 14:44:33] Reprocessamento inicial iniciado.
[27/08/2026 14:44:33] NUSEQ 28717149 | NUPROCESSOEXTERNO 0000326-80.2023.8.26.0154 STATUS 177
[27/08/2026 14:44:43] NUSEQ 28717149 | NUPROCESSOEXTERNO 0000326-80.2023.8.26.0154 STATUS 161
[27/08/2026 14:44:44] SUCESSO: NUSEQ 28717149 | NUPROCESSOEXTERNO 0000326-80.2023.8.26.0154 -> ID 2R000000H7T96 atualizado para grupo 39
[27/08/2026 14:44:44] ============================================================
[27/08/2026 14:44:44] PROCESSAMENTO FINALIZADO
[27/08/2026 14:44:44] Total: 1
[27/08/2026 14:44:44] Sucesso: 1
[27/08/2026 14:44:44] Pendentes: 0
[27/08/2026 14:44:44] Nenhum pendente encontrado.
[27/08/2026 14:44:44] Próxima execução automática agendada para daqui 30 minutos.
[27/08/2026 15:14:44] Iniciando execução automática agendada.
[27/08/2026 15:14:49] Iniciando processo
[27/08/2026 15:14:49] Nenhum registro encontrado.
[27/08/2026 15:14:49] Próxima execução automática agendada para daqui 30 minutos.
[27/08/2026 15:44:49] Iniciando execução automática agendada.
[27/08/2026 15:44:53] Iniciando processo
[27/08/2026 15:44:53] 3 registros encontrados
[27/08/2026 15:44:53] Registros que serão alterados:
[27/08/2026 15:44:53] NUSEQ 28723223 | NUPROCESSOEXTERNO 0000067-41.2023.8.26.0104
[27/08/2026 15:44:53] NUSEQ 28723118 | NUPROCESSOEXTERNO 0006358-67.2023.8.26.0521
[27/08/2026 15:44:53] NUSEQ 28722872 | NUPROCESSOEXTERNO 1529078-38.2025.8.26.0050
[27/08/2026 15:44:53] Executando inserts iniciais...
[27/08/2026 15:44:54] INSERT OK - NUSEQ 28723223 | NUPROCESSOEXTERNO 0000067-41.2023.8.26.0104
[27/08/2026 15:44:54] INSERT OK - NUSEQ 28723118 | NUPROCESSOEXTERNO 0006358-67.2023.8.26.0521
[27/08/2026 15:44:54] INSERT OK - NUSEQ 28722872 | NUPROCESSOEXTERNO 1529078-38.2025.8.26.0050
[27/08/2026 15:44:54] Todos os inserts iniciais executados.
[27/08/2026 15:44:54] Reprocessando NUSEQ 28723223 | NUPROCESSOEXTERNO 0000067-41.2023.8.26.0104
[27/08/2026 15:44:55] Reprocessando NUSEQ 28723118 | NUPROCESSOEXTERNO 0006358-67.2023.8.26.0521
[27/08/2026 15:44:55] Reprocessando NUSEQ 28722872 | NUPROCESSOEXTERNO 1529078-38.2025.8.26.0050
[27/08/2026 15:44:55] Reprocessamento inicial iniciado.
[27/08/2026 15:44:55] NUSEQ 28722872 | NUPROCESSOEXTERNO 1529078-38.2025.8.26.0050 STATUS 177
[27/08/2026 15:44:55] NUSEQ 28723118 | NUPROCESSOEXTERNO 0006358-67.2023.8.26.0521 STATUS 177
[27/08/2026 15:44:55] NUSEQ 28723223 | NUPROCESSOEXTERNO 0000067-41.2023.8.26.0104 STATUS 177
[27/08/2026 15:45:06] NUSEQ 28722872 | NUPROCESSOEXTERNO 1529078-38.2025.8.26.0050 STATUS 177
[27/08/2026 15:45:06] NUSEQ 28723118 | NUPROCESSOEXTERNO 0006358-67.2023.8.26.0521 STATUS 161
[27/08/2026 15:45:06] SUCESSO: NUSEQ 28723118 | NUPROCESSOEXTERNO 0006358-67.2023.8.26.0521 -> ID 2R000000H7Y56 atualizado para grupo 39
[27/08/2026 15:45:06] NUSEQ 28723223 | NUPROCESSOEXTERNO 0000067-41.2023.8.26.0104 STATUS 177
[27/08/2026 15:45:16] NUSEQ 28722872 | NUPROCESSOEXTERNO 1529078-38.2025.8.26.0050 STATUS 161
[27/08/2026 15:45:17] SUCESSO: NUSEQ 28722872 | NUPROCESSOEXTERNO 1529078-38.2025.8.26.0050 -> ID 2R000000H7XYC atualizado para grupo 39
[27/08/2026 15:45:17] NUSEQ 28723223 | NUPROCESSOEXTERNO 0000067-41.2023.8.26.0104 STATUS 161
[27/08/2026 15:45:17] SUCESSO: NUSEQ 28723223 | NUPROCESSOEXTERNO 0000067-41.2023.8.26.0104 -> ID 2R000000H7Y83 atualizado para grupo 39
[27/08/2026 15:45:17] ============================================================
[27/08/2026 15:45:17] PROCESSAMENTO FINALIZADO
[27/08/2026 15:45:17] Total: 3
[27/08/2026 15:45:17] Sucesso: 3
[27/08/2026 15:45:17] Pendentes: 0
[27/08/2026 15:45:17] Nenhum pendente encontrado.
[27/08/2026 15:45:17] Próxima execução automática agendada para daqui 30 minutos.
[27/08/2026 16:15:17] Iniciando execução automática agendada.
[27/08/2026 16:15:23] Iniciando processo
[27/08/2026 16:15:23] 3 registros encontrados
[27/08/2026 16:15:23] Registros que serão alterados:
[27/08/2026 16:15:23] NUSEQ 28727288 | NUPROCESSOEXTERNO 0014153-90.2022.8.26.0576
[27/08/2026 16:15:23] NUSEQ 28725828 | NUPROCESSOEXTERNO 1542873-82.2023.8.26.0050
[27/08/2026 16:15:23] NUSEQ 28726114 | NUPROCESSOEXTERNO 1514579-03.2026.8.26.0442
[27/08/2026 16:15:23] Executando inserts iniciais...
[27/08/2026 16:15:23] INSERT OK - NUSEQ 28727288 | NUPROCESSOEXTERNO 0014153-90.2022.8.26.0576
[27/08/2026 16:15:23] INSERT OK - NUSEQ 28725828 | NUPROCESSOEXTERNO 1542873-82.2023.8.26.0050
[27/08/2026 16:15:24] INSERT OK - NUSEQ 28726114 | NUPROCESSOEXTERNO 1514579-03.2026.8.26.0442
[27/08/2026 16:15:24] Todos os inserts iniciais executados.
[27/08/2026 16:15:24] Reprocessando NUSEQ 28727288 | NUPROCESSOEXTERNO 0014153-90.2022.8.26.0576
[27/08/2026 16:15:24] Reprocessando NUSEQ 28725828 | NUPROCESSOEXTERNO 1542873-82.2023.8.26.0050
[27/08/2026 16:15:24] Reprocessando NUSEQ 28726114 | NUPROCESSOEXTERNO 1514579-03.2026.8.26.0442
[27/08/2026 16:15:25] Reprocessamento inicial iniciado.
[27/08/2026 16:15:25] NUSEQ 28725828 | NUPROCESSOEXTERNO 1542873-82.2023.8.26.0050 STATUS 177
[27/08/2026 16:15:25] NUSEQ 28726114 | NUPROCESSOEXTERNO 1514579-03.2026.8.26.0442 STATUS 177
[27/08/2026 16:15:25] NUSEQ 28727288 | NUPROCESSOEXTERNO 0014153-90.2022.8.26.0576 STATUS 177
[27/08/2026 16:15:35] NUSEQ 28725828 | NUPROCESSOEXTERNO 1542873-82.2023.8.26.0050 STATUS 161
[27/08/2026 16:15:36] SUCESSO: NUSEQ 28725828 | NUPROCESSOEXTERNO 1542873-82.2023.8.26.0050 -> ID 2R000000H80EX atualizado para grupo 39
[27/08/2026 16:15:36] NUSEQ 28726114 | NUPROCESSOEXTERNO 1514579-03.2026.8.26.0442 STATUS 177
[27/08/2026 16:15:36] NUSEQ 28727288 | NUPROCESSOEXTERNO 0014153-90.2022.8.26.0576 STATUS 177
[27/08/2026 16:15:46] NUSEQ 28726114 | NUPROCESSOEXTERNO 1514579-03.2026.8.26.0442 STATUS 161
[27/08/2026 16:15:46] SUCESSO: NUSEQ 28726114 | NUPROCESSOEXTERNO 1514579-03.2026.8.26.0442 -> ID 2R000000H80MV atualizado para grupo 39
[27/08/2026 16:15:46] NUSEQ 28727288 | NUPROCESSOEXTERNO 0014153-90.2022.8.26.0576 STATUS 161
[27/08/2026 16:15:47] SUCESSO: NUSEQ 28727288 | NUPROCESSOEXTERNO 0014153-90.2022.8.26.0576 -> ID 2R000000H81JH atualizado para grupo 39
[27/08/2026 16:15:47] ============================================================
[27/08/2026 16:15:47] PROCESSAMENTO FINALIZADO
[27/08/2026 16:15:47] Total: 3
[27/08/2026 16:15:47] Sucesso: 3
[27/08/2026 16:15:47] Pendentes: 0
[27/08/2026 16:15:47] Nenhum pendente encontrado.
[27/08/2026 16:15:47] Próxima execução automática agendada para daqui 30 minutos.
[27/08/2026 16:45:47] Iniciando execução automática agendada.
[27/08/2026 16:45:51] Iniciando processo
[27/08/2026 16:45:51] Nenhum registro encontrado.
[27/08/2026 16:45:51] Próxima execução automática agendada para daqui 30 minutos.
[27/08/2026 17:15:51] Iniciando execução automática agendada.
[27/08/2026 17:15:55] Iniciando processo
[27/08/2026 17:15:55] Nenhum registro encontrado.
[27/08/2026 17:15:56] Próxima execução automática agendada para daqui 30 minutos.
[27/08/2026 17:45:56] Iniciando execução automática agendada.
[27/08/2026 17:45:59] Iniciando processo
[27/08/2026 17:46:00] 2 registros encontrados
[27/08/2026 17:46:00] Registros que serão alterados:
[27/08/2026 17:46:00] NUSEQ 28734137 | NUPROCESSOEXTERNO 0004201-86.2025.8.26.0510
[27/08/2026 17:46:00] NUSEQ 28734240 | NUPROCESSOEXTERNO 1500623-89.2024.8.26.0570
[27/08/2026 17:46:00] Executando inserts iniciais...
[27/08/2026 17:46:00] INSERT OK - NUSEQ 28734137 | NUPROCESSOEXTERNO 0004201-86.2025.8.26.0510
[27/08/2026 17:46:01] INSERT OK - NUSEQ 28734240 | NUPROCESSOEXTERNO 1500623-89.2024.8.26.0570
[27/08/2026 17:46:01] Todos os inserts iniciais executados.
[27/08/2026 17:46:01] Reprocessando NUSEQ 28734137 | NUPROCESSOEXTERNO 0004201-86.2025.8.26.0510
[27/08/2026 17:46:02] Reprocessando NUSEQ 28734240 | NUPROCESSOEXTERNO 1500623-89.2024.8.26.0570
[27/08/2026 17:46:02] Reprocessamento inicial iniciado.
[27/08/2026 17:46:03] NUSEQ 28734137 | NUPROCESSOEXTERNO 0004201-86.2025.8.26.0510 STATUS 177
[27/08/2026 17:46:03] NUSEQ 28734240 | NUPROCESSOEXTERNO 1500623-89.2024.8.26.0570 STATUS 177
[27/08/2026 17:46:13] NUSEQ 28734137 | NUPROCESSOEXTERNO 0004201-86.2025.8.26.0510 STATUS 177
[27/08/2026 17:46:13] NUSEQ 28734240 | NUPROCESSOEXTERNO 1500623-89.2024.8.26.0570 STATUS 177
[27/08/2026 17:46:23] NUSEQ 28734137 | NUPROCESSOEXTERNO 0004201-86.2025.8.26.0510 STATUS 161
[27/08/2026 17:46:23] SUCESSO: NUSEQ 28734137 | NUPROCESSOEXTERNO 0004201-86.2025.8.26.0510 -> ID 2R000000H874I atualizado para grupo 39
[27/08/2026 17:46:23] NUSEQ 28734240 | NUPROCESSOEXTERNO 1500623-89.2024.8.26.0570 STATUS 161
[27/08/2026 17:46:23] SUCESSO: NUSEQ 28734240 | NUPROCESSOEXTERNO 1500623-89.2024.8.26.0570 -> ID 2R000000H879O atualizado para grupo 39
[27/08/2026 17:46:23] ============================================================
[27/08/2026 17:46:23] PROCESSAMENTO FINALIZADO
[27/08/2026 17:46:24] Total: 2
[27/08/2026 17:46:24] Sucesso: 2
[27/08/2026 17:46:24] Pendentes: 0
[27/08/2026 17:46:24] Nenhum pendente encontrado.
[27/08/2026 17:46:24] Próxima execução automática agendada para daqui 30 minutos.
[27/08/2026 18:16:24] Iniciando execução automática agendada.
[27/08/2026 18:16:28] Iniciando processo
[27/08/2026 18:16:28] Nenhum registro encontrado.
[27/08/2026 18:16:28] Próxima execução automática agendada para daqui 30 minutos.
[27/08/2026 18:46:28] Iniciando execução automática agendada.
[27/08/2026 18:46:33] Iniciando processo
[27/08/2026 18:46:33] 2 registros encontrados
[27/08/2026 18:46:33] Registros que serão alterados:
[27/08/2026 18:46:33] NUSEQ 28735797 | NUPROCESSOEXTERNO 1533097-05.2026.8.26.0454
[27/08/2026 18:46:33] NUSEQ 28735848 | NUPROCESSOEXTERNO 1533097-05.2026.8.26.0454
[27/08/2026 18:46:33] Executando inserts iniciais...
[27/08/2026 18:46:33] INSERT OK - NUSEQ 28735797 | NUPROCESSOEXTERNO 1533097-05.2026.8.26.0454
[27/08/2026 18:46:33] INSERT DUPLICADO IGNORADO - NUSEQ 28735848 | NUPROCESSOEXTERNO 1533097-05.2026.8.26.0454
[27/08/2026 18:46:33] Todos os inserts iniciais executados.
[27/08/2026 18:46:33] Reprocessando NUSEQ 28735797 | NUPROCESSOEXTERNO 1533097-05.2026.8.26.0454
[27/08/2026 18:46:34] Reprocessando NUSEQ 28735848 | NUPROCESSOEXTERNO 1533097-05.2026.8.26.0454
[27/08/2026 18:46:34] Reprocessamento inicial iniciado.
[27/08/2026 18:46:34] NUSEQ 28735797 | NUPROCESSOEXTERNO 1533097-05.2026.8.26.0454 STATUS 177
[27/08/2026 18:46:34] NUSEQ 28735848 | NUPROCESSOEXTERNO 1533097-05.2026.8.26.0454 STATUS 177
[27/08/2026 18:46:44] NUSEQ 28735797 | NUPROCESSOEXTERNO 1533097-05.2026.8.26.0454 STATUS 161
[27/08/2026 18:46:45] SUCESSO: NUSEQ 28735797 | NUPROCESSOEXTERNO 1533097-05.2026.8.26.0454 -> ID 2R000000H88HW atualizado para grupo 39
[27/08/2026 18:46:45] NUSEQ 28735848 | NUPROCESSOEXTERNO 1533097-05.2026.8.26.0454 STATUS 161
[27/08/2026 18:46:45] SUCESSO: NUSEQ 28735848 | NUPROCESSOEXTERNO 1533097-05.2026.8.26.0454 -> ID 2R000000H88JB atualizado para grupo 39
[27/08/2026 18:46:45] ============================================================
[27/08/2026 18:46:45] PROCESSAMENTO FINALIZADO
[27/08/2026 18:46:45] Total: 2
[27/08/2026 18:46:45] Sucesso: 2
[27/08/2026 18:46:45] Pendentes: 0
[27/08/2026 18:46:45] Nenhum pendente encontrado.
[27/08/2026 18:46:45] Próxima execução automática agendada para daqui 30 minutos.
[27/08/2026 19:16:45] Iniciando execução automática agendada.
[27/08/2026 19:16:49] Iniciando processo
[27/08/2026 19:16:50] Nenhum registro encontrado.
[27/08/2026 19:16:50] Próxima execução automática agendada para daqui 30 minutos.
[27/08/2026 19:46:50] Iniciando execução automática agendada.
[27/08/2026 19:46:55] Iniciando processo
[27/08/2026 19:46:55] Nenhum registro encontrado.
[27/08/2026 19:46:55] Próxima execução automática agendada para daqui 30 minutos.
[27/08/2026 20:16:56] Iniciando execução automática agendada.
[27/08/2026 20:17:02] Iniciando processo
[27/08/2026 20:17:02] Nenhum registro encontrado.
[27/08/2026 20:17:02] Próxima execução automática agendada para daqui 30 minutos.
[27/08/2026 20:47:02] Iniciando execução automática agendada.
[27/08/2026 20:47:06] Iniciando processo
[27/08/2026 20:47:06] Nenhum registro encontrado.
[27/08/2026 20:47:06] Próxima execução automática agendada para daqui 30 minutos.
[27/08/2026 21:17:06] Iniciando execução automática agendada.
[27/08/2026 21:17:13] Iniciando processo
[27/08/2026 21:17:13] Nenhum registro encontrado.
[27/08/2026 21:17:13] Próxima execução automática agendada para daqui 30 minutos.
[27/08/2026 21:47:13] Iniciando execução automática agendada.
[27/08/2026 21:47:18] Iniciando processo
[27/08/2026 21:47:19] Nenhum registro encontrado.
[27/08/2026 21:47:19] Próxima execução automática agendada para daqui 30 minutos.
[27/08/2026 22:17:19] Iniciando execução automática agendada.
[27/08/2026 22:17:23] Iniciando processo
[27/08/2026 22:17:23] Nenhum registro encontrado.
[27/08/2026 22:17:23] Próxima execução automática agendada para daqui 30 minutos.
[27/08/2026 22:47:23] Iniciando execução automática agendada.
[27/08/2026 22:47:27] Iniciando processo
[27/08/2026 22:47:28] Nenhum registro encontrado.
[27/08/2026 22:47:28] Próxima execução automática agendada para daqui 30 minutos.
[27/08/2026 23:17:28] Iniciando execução automática agendada.
[27/08/2026 23:17:32] Iniciando processo
[27/08/2026 23:17:32] Nenhum registro encontrado.
[27/08/2026 23:17:32] Próxima execução automática agendada para daqui 30 minutos.
[27/08/2026 23:47:32] Iniciando execução automática agendada.
[27/08/2026 23:47:37] Iniciando processo
[27/08/2026 23:47:37] Nenhum registro encontrado.
[27/08/2026 23:47:37] Próxima execução automática agendada para daqui 30 minutos.
