[21/08/2026 09:54:01] Iniciando execução automática agendada.
[21/08/2026 09:54:02] Falha ao conectar ao banco (sigsp).
[21/08/2026 09:54:04] Próxima execução automática agendada para daqui 30 minutos.
[21/08/2026 09:54:55] Falha ao conectar ao banco para atualizar o total.
[21/08/2026 09:55:10] Total atualizado: 6 registros encontrados.
[21/08/2026 09:55:19] Iniciando processo
[21/08/2026 09:55:20] 6 registros encontrados
[21/08/2026 09:55:20] Registros que serão alterados:
[21/08/2026 09:55:20] NUSEQ 28479562 | NUPROCESSOEXTERNO 1507965-35.2026.8.26.0392
[21/08/2026 09:55:20] NUSEQ 28473011 | NUPROCESSOEXTERNO 1540120-84.2025.8.26.0050
[21/08/2026 09:55:20] NUSEQ 28477050 | NUPROCESSOEXTERNO 1502646-71.2026.8.26.0009
[21/08/2026 09:55:20] NUSEQ 28478262 | NUPROCESSOEXTERNO 0000938-86.2021.8.26.0154
[21/08/2026 09:55:20] NUSEQ 28479218 | NUPROCESSOEXTERNO 1532962-90.2026.8.26.0454
[21/08/2026 09:55:20] NUSEQ 28479415 | NUPROCESSOEXTERNO 1519649-47.2025.8.26.0050
[21/08/2026 09:55:20] Executando inserts iniciais...
[21/08/2026 09:55:20] INSERT OK - NUSEQ 28479562 | NUPROCESSOEXTERNO 1507965-35.2026.8.26.0392
[21/08/2026 09:55:20] INSERT OK - NUSEQ 28473011 | NUPROCESSOEXTERNO 1540120-84.2025.8.26.0050
[21/08/2026 09:55:21] INSERT OK - NUSEQ 28477050 | NUPROCESSOEXTERNO 1502646-71.2026.8.26.0009
[21/08/2026 09:55:21] INSERT OK - NUSEQ 28478262 | NUPROCESSOEXTERNO 0000938-86.2021.8.26.0154
[21/08/2026 09:55:21] INSERT OK - NUSEQ 28479218 | NUPROCESSOEXTERNO 1532962-90.2026.8.26.0454
[21/08/2026 09:55:22] INSERT OK - NUSEQ 28479415 | NUPROCESSOEXTERNO 1519649-47.2025.8.26.0050
[21/08/2026 09:55:22] Todos os inserts iniciais executados.
[21/08/2026 09:55:22] Reprocessando NUSEQ 28479562 | NUPROCESSOEXTERNO 1507965-35.2026.8.26.0392
[21/08/2026 09:55:22] Reprocessando NUSEQ 28473011 | NUPROCESSOEXTERNO 1540120-84.2025.8.26.0050
[21/08/2026 09:55:22] Reprocessando NUSEQ 28477050 | NUPROCESSOEXTERNO 1502646-71.2026.8.26.0009
[21/08/2026 09:55:23] Reprocessando NUSEQ 28478262 | NUPROCESSOEXTERNO 0000938-86.2021.8.26.0154
[21/08/2026 09:55:23] Reprocessando NUSEQ 28479218 | NUPROCESSOEXTERNO 1532962-90.2026.8.26.0454
[21/08/2026 09:55:23] Reprocessando NUSEQ 28479415 | NUPROCESSOEXTERNO 1519649-47.2025.8.26.0050
[21/08/2026 09:55:24] Reprocessamento inicial iniciado.
[21/08/2026 09:55:24] NUSEQ 28473011 | NUPROCESSOEXTERNO 1540120-84.2025.8.26.0050 STATUS 177
[21/08/2026 09:55:24] NUSEQ 28477050 | NUPROCESSOEXTERNO 1502646-71.2026.8.26.0009 STATUS 177
[21/08/2026 09:55:24] NUSEQ 28478262 | NUPROCESSOEXTERNO 0000938-86.2021.8.26.0154 STATUS 177
[21/08/2026 09:55:24] NUSEQ 28479218 | NUPROCESSOEXTERNO 1532962-90.2026.8.26.0454 STATUS 177
[21/08/2026 09:55:24] NUSEQ 28479415 | NUPROCESSOEXTERNO 1519649-47.2025.8.26.0050 STATUS 177
[21/08/2026 09:55:24] NUSEQ 28479562 | NUPROCESSOEXTERNO 1507965-35.2026.8.26.0392 STATUS 177
[21/08/2026 09:55:34] NUSEQ 28473011 | NUPROCESSOEXTERNO 1540120-84.2025.8.26.0050 STATUS 177
[21/08/2026 09:55:34] NUSEQ 28477050 | NUPROCESSOEXTERNO 1502646-71.2026.8.26.0009 STATUS 177
[21/08/2026 09:55:34] NUSEQ 28478262 | NUPROCESSOEXTERNO 0000938-86.2021.8.26.0154 STATUS 177
[21/08/2026 09:55:34] NUSEQ 28479218 | NUPROCESSOEXTERNO 1532962-90.2026.8.26.0454 STATUS 177
[21/08/2026 09:55:34] NUSEQ 28479415 | NUPROCESSOEXTERNO 1519649-47.2025.8.26.0050 STATUS 177
[21/08/2026 09:55:34] NUSEQ 28479562 | NUPROCESSOEXTERNO 1507965-35.2026.8.26.0392 STATUS 177
[21/08/2026 09:55:44] NUSEQ 28473011 | NUPROCESSOEXTERNO 1540120-84.2025.8.26.0050 STATUS 161
[21/08/2026 09:55:45] SUCESSO: NUSEQ 28473011 | NUPROCESSOEXTERNO 1540120-84.2025.8.26.0050 -> ID 2R000000H2DAW atualizado para grupo 39
[21/08/2026 09:55:45] NUSEQ 28477050 | NUPROCESSOEXTERNO 1502646-71.2026.8.26.0009 STATUS 161
[21/08/2026 09:55:45] SUCESSO: NUSEQ 28477050 | NUPROCESSOEXTERNO 1502646-71.2026.8.26.0009 -> ID 2R000000H2GJ3 atualizado para grupo 39
[21/08/2026 09:55:45] NUSEQ 28478262 | NUPROCESSOEXTERNO 0000938-86.2021.8.26.0154 STATUS 177
[21/08/2026 09:55:46] NUSEQ 28479218 | NUPROCESSOEXTERNO 1532962-90.2026.8.26.0454 STATUS 177
[21/08/2026 09:55:46] NUSEQ 28479415 | NUPROCESSOEXTERNO 1519649-47.2025.8.26.0050 STATUS 177
[21/08/2026 09:55:46] NUSEQ 28479562 | NUPROCESSOEXTERNO 1507965-35.2026.8.26.0392 STATUS 177
[21/08/2026 09:55:56] NUSEQ 28478262 | NUPROCESSOEXTERNO 0000938-86.2021.8.26.0154 STATUS 177
[21/08/2026 09:55:56] NUSEQ 28479218 | NUPROCESSOEXTERNO 1532962-90.2026.8.26.0454 STATUS 177
[21/08/2026 09:55:56] NUSEQ 28479415 | NUPROCESSOEXTERNO 1519649-47.2025.8.26.0050 STATUS 161
[21/08/2026 09:55:56] SUCESSO: NUSEQ 28479415 | NUPROCESSOEXTERNO 1519649-47.2025.8.26.0050 -> ID 2R000000H2IDG atualizado para grupo 39
[21/08/2026 09:55:56] NUSEQ 28479562 | NUPROCESSOEXTERNO 1507965-35.2026.8.26.0392 STATUS 177
[21/08/2026 09:56:06] NUSEQ 28478262 | NUPROCESSOEXTERNO 0000938-86.2021.8.26.0154 STATUS 177
[21/08/2026 09:56:06] NUSEQ 28479218 | NUPROCESSOEXTERNO 1532962-90.2026.8.26.0454 STATUS 177
[21/08/2026 09:56:06] NUSEQ 28479562 | NUPROCESSOEXTERNO 1507965-35.2026.8.26.0392 STATUS 177
[21/08/2026 09:56:16] NUSEQ 28478262 | NUPROCESSOEXTERNO 0000938-86.2021.8.26.0154 STATUS 177
[21/08/2026 09:56:16] NUSEQ 28479218 | NUPROCESSOEXTERNO 1532962-90.2026.8.26.0454 STATUS 161
[21/08/2026 09:56:17] SUCESSO: NUSEQ 28479218 | NUPROCESSOEXTERNO 1532962-90.2026.8.26.0454 -> ID 2R000000H2I7Z atualizado para grupo 39
[21/08/2026 09:56:17] NUSEQ 28479562 | NUPROCESSOEXTERNO 1507965-35.2026.8.26.0392 STATUS 177
[21/08/2026 09:56:27] NUSEQ 28478262 | NUPROCESSOEXTERNO 0000938-86.2021.8.26.0154 STATUS 161
[21/08/2026 09:56:27] SUCESSO: NUSEQ 28478262 | NUPROCESSOEXTERNO 0000938-86.2021.8.26.0154 -> ID 2R000000H2HH3 atualizado para grupo 39
[21/08/2026 09:56:27] NUSEQ 28479562 | NUPROCESSOEXTERNO 1507965-35.2026.8.26.0392 STATUS 161
[21/08/2026 09:56:28] SUCESSO: NUSEQ 28479562 | NUPROCESSOEXTERNO 1507965-35.2026.8.26.0392 -> ID 2R000000H2IHJ atualizado para grupo 39
[21/08/2026 09:56:28] ============================================================
[21/08/2026 09:56:28] PROCESSAMENTO FINALIZADO
[21/08/2026 09:56:28] Total: 6
[21/08/2026 09:56:28] Sucesso: 6
[21/08/2026 09:56:28] Pendentes: 0
[21/08/2026 09:56:28] Nenhum pendente encontrado.
[21/08/2026 09:56:28] Próxima execução automática agendada para daqui 30 minutos.
[21/08/2026 10:26:28] Iniciando execução automática agendada.
[21/08/2026 10:26:34] Iniciando processo
[21/08/2026 10:26:34] 1 registros encontrados
[21/08/2026 10:26:34] Registros que serão alterados:
[21/08/2026 10:26:34] NUSEQ 28481646 | NUPROCESSOEXTERNO 1582579-04.2025.8.26.0050
[21/08/2026 10:26:34] Executando inserts iniciais...
[21/08/2026 10:26:34] INSERT OK - NUSEQ 28481646 | NUPROCESSOEXTERNO 1582579-04.2025.8.26.0050
[21/08/2026 10:26:34] Todos os inserts iniciais executados.
[21/08/2026 10:26:34] Reprocessando NUSEQ 28481646 | NUPROCESSOEXTERNO 1582579-04.2025.8.26.0050
[21/08/2026 10:26:35] Reprocessamento inicial iniciado.
[21/08/2026 10:26:35] NUSEQ 28481646 | NUPROCESSOEXTERNO 1582579-04.2025.8.26.0050 STATUS 177
[21/08/2026 10:26:45] NUSEQ 28481646 | NUPROCESSOEXTERNO 1582579-04.2025.8.26.0050 STATUS 177
[21/08/2026 10:26:55] NUSEQ 28481646 | NUPROCESSOEXTERNO 1582579-04.2025.8.26.0050 STATUS 177
[21/08/2026 10:27:05] NUSEQ 28481646 | NUPROCESSOEXTERNO 1582579-04.2025.8.26.0050 STATUS 161
[21/08/2026 10:27:06] SUCESSO: NUSEQ 28481646 | NUPROCESSOEXTERNO 1582579-04.2025.8.26.0050 -> ID 2R000000H2K4D atualizado para grupo 39
[21/08/2026 10:27:06] ============================================================
[21/08/2026 10:27:06] PROCESSAMENTO FINALIZADO
[21/08/2026 10:27:06] Total: 1
[21/08/2026 10:27:06] Sucesso: 1
[21/08/2026 10:27:06] Pendentes: 0
[21/08/2026 10:27:06] Nenhum pendente encontrado.
[21/08/2026 10:27:06] Próxima execução automática agendada para daqui 30 minutos.
[21/08/2026 10:57:06] Iniciando execução automática agendada.
[21/08/2026 10:57:10] Iniciando processo
[21/08/2026 10:57:10] 1 registros encontrados
[21/08/2026 10:57:10] Registros que serão alterados:
[21/08/2026 10:57:10] NUSEQ 28485244 | NUPROCESSOEXTERNO 1562513-03.2025.8.26.0050
[21/08/2026 10:57:10] Executando inserts iniciais...
[21/08/2026 10:57:10] INSERT OK - NUSEQ 28485244 | NUPROCESSOEXTERNO 1562513-03.2025.8.26.0050
[21/08/2026 10:57:10] Todos os inserts iniciais executados.
[21/08/2026 10:57:10] Reprocessando NUSEQ 28485244 | NUPROCESSOEXTERNO 1562513-03.2025.8.26.0050
[21/08/2026 10:57:11] Reprocessamento inicial iniciado.
[21/08/2026 10:57:11] NUSEQ 28485244 | NUPROCESSOEXTERNO 1562513-03.2025.8.26.0050 STATUS 177
[21/08/2026 10:57:21] NUSEQ 28485244 | NUPROCESSOEXTERNO 1562513-03.2025.8.26.0050 STATUS 177
[21/08/2026 10:57:31] NUSEQ 28485244 | NUPROCESSOEXTERNO 1562513-03.2025.8.26.0050 STATUS 161
[21/08/2026 10:57:32] SUCESSO: NUSEQ 28485244 | NUPROCESSOEXTERNO 1562513-03.2025.8.26.0050 -> ID 2R000000H2MYV atualizado para grupo 39
[21/08/2026 10:57:32] ============================================================
[21/08/2026 10:57:32] PROCESSAMENTO FINALIZADO
[21/08/2026 10:57:32] Total: 1
[21/08/2026 10:57:32] Sucesso: 1
[21/08/2026 10:57:32] Pendentes: 0
[21/08/2026 10:57:32] Nenhum pendente encontrado.
[21/08/2026 10:57:33] Próxima execução automática agendada para daqui 30 minutos.
[21/08/2026 11:27:33] Iniciando execução automática agendada.
[21/08/2026 11:27:37] Iniciando processo
[21/08/2026 11:27:37] 1 registros encontrados
[21/08/2026 11:27:37] Registros que serão alterados:
[21/08/2026 11:27:37] NUSEQ 28487714 | NUPROCESSOEXTERNO 1545251-55.2026.8.26.0454
[21/08/2026 11:27:37] Executando inserts iniciais...
[21/08/2026 11:27:37] INSERT OK - NUSEQ 28487714 | NUPROCESSOEXTERNO 1545251-55.2026.8.26.0454
[21/08/2026 11:27:37] Todos os inserts iniciais executados.
[21/08/2026 11:27:37] Reprocessando NUSEQ 28487714 | NUPROCESSOEXTERNO 1545251-55.2026.8.26.0454
[21/08/2026 11:27:37] Reprocessamento inicial iniciado.
[21/08/2026 11:27:38] NUSEQ 28487714 | NUPROCESSOEXTERNO 1545251-55.2026.8.26.0454 STATUS 177
[21/08/2026 11:27:48] NUSEQ 28487714 | NUPROCESSOEXTERNO 1545251-55.2026.8.26.0454 STATUS 177
[21/08/2026 11:27:58] NUSEQ 28487714 | NUPROCESSOEXTERNO 1545251-55.2026.8.26.0454 STATUS 177
[21/08/2026 11:28:08] NUSEQ 28487714 | NUPROCESSOEXTERNO 1545251-55.2026.8.26.0454 STATUS 161
[21/08/2026 11:28:09] SUCESSO: NUSEQ 28487714 | NUPROCESSOEXTERNO 1545251-55.2026.8.26.0454 -> ID 2R000000H2OXX atualizado para grupo 39
[21/08/2026 11:28:09] ============================================================
[21/08/2026 11:28:09] PROCESSAMENTO FINALIZADO
[21/08/2026 11:28:09] Total: 1
[21/08/2026 11:28:09] Sucesso: 1
[21/08/2026 11:28:09] Pendentes: 0
[21/08/2026 11:28:09] Nenhum pendente encontrado.
[21/08/2026 11:28:09] Próxima execução automática agendada para daqui 30 minutos.
[21/08/2026 11:58:09] Iniciando execução automática agendada.
[21/08/2026 11:58:13] Iniciando processo
[21/08/2026 11:58:13] 4 registros encontrados
[21/08/2026 11:58:13] Registros que serão alterados:
[21/08/2026 11:58:13] NUSEQ 28489729 | NUPROCESSOEXTERNO 0028528-98.2018.8.26.0071
[21/08/2026 11:58:13] NUSEQ 28489468 | NUPROCESSOEXTERNO 1549013-79.2026.8.26.0454
[21/08/2026 11:58:13] NUSEQ 28490113 | NUPROCESSOEXTERNO 1532057-70.2025.8.26.0050
[21/08/2026 11:58:13] NUSEQ 28491111 | NUPROCESSOEXTERNO 0007677-40.2017.8.26.0502
[21/08/2026 11:58:13] Executando inserts iniciais...
[21/08/2026 11:58:14] INSERT OK - NUSEQ 28489729 | NUPROCESSOEXTERNO 0028528-98.2018.8.26.0071
[21/08/2026 11:58:14] INSERT OK - NUSEQ 28489468 | NUPROCESSOEXTERNO 1549013-79.2026.8.26.0454
[21/08/2026 11:58:15] INSERT OK - NUSEQ 28490113 | NUPROCESSOEXTERNO 1532057-70.2025.8.26.0050
[21/08/2026 11:58:15] INSERT OK - NUSEQ 28491111 | NUPROCESSOEXTERNO 0007677-40.2017.8.26.0502
[21/08/2026 11:58:15] Todos os inserts iniciais executados.
[21/08/2026 11:58:15] Reprocessando NUSEQ 28489729 | NUPROCESSOEXTERNO 0028528-98.2018.8.26.0071
[21/08/2026 11:58:16] Reprocessando NUSEQ 28489468 | NUPROCESSOEXTERNO 1549013-79.2026.8.26.0454
[21/08/2026 11:58:16] Reprocessando NUSEQ 28490113 | NUPROCESSOEXTERNO 1532057-70.2025.8.26.0050
[21/08/2026 11:58:16] Reprocessando NUSEQ 28491111 | NUPROCESSOEXTERNO 0007677-40.2017.8.26.0502
[21/08/2026 11:58:17] Reprocessamento inicial iniciado.
[21/08/2026 11:58:17] NUSEQ 28489468 | NUPROCESSOEXTERNO 1549013-79.2026.8.26.0454 STATUS 177
[21/08/2026 11:58:17] NUSEQ 28489729 | NUPROCESSOEXTERNO 0028528-98.2018.8.26.0071 STATUS 177
[21/08/2026 11:58:17] NUSEQ 28490113 | NUPROCESSOEXTERNO 1532057-70.2025.8.26.0050 STATUS 177
[21/08/2026 11:58:17] NUSEQ 28491111 | NUPROCESSOEXTERNO 0007677-40.2017.8.26.0502 STATUS 177
[21/08/2026 11:58:27] NUSEQ 28489468 | NUPROCESSOEXTERNO 1549013-79.2026.8.26.0454 STATUS 161
[21/08/2026 11:58:28] SUCESSO: NUSEQ 28489468 | NUPROCESSOEXTERNO 1549013-79.2026.8.26.0454 -> ID 2R000000H2QBX atualizado para grupo 39
[21/08/2026 11:58:28] NUSEQ 28489729 | NUPROCESSOEXTERNO 0028528-98.2018.8.26.0071 STATUS 161
[21/08/2026 11:58:28] SUCESSO: NUSEQ 28489729 | NUPROCESSOEXTERNO 0028528-98.2018.8.26.0071 -> ID 2R000000H2QJ6 atualizado para grupo 39
[21/08/2026 11:58:28] NUSEQ 28490113 | NUPROCESSOEXTERNO 1532057-70.2025.8.26.0050 STATUS 177
[21/08/2026 11:58:28] NUSEQ 28491111 | NUPROCESSOEXTERNO 0007677-40.2017.8.26.0502 STATUS 177
[21/08/2026 11:58:38] NUSEQ 28490113 | NUPROCESSOEXTERNO 1532057-70.2025.8.26.0050 STATUS 161
[21/08/2026 11:58:38] SUCESSO: NUSEQ 28490113 | NUPROCESSOEXTERNO 1532057-70.2025.8.26.0050 -> ID 2R000000H2QVA atualizado para grupo 39
[21/08/2026 11:58:38] NUSEQ 28491111 | NUPROCESSOEXTERNO 0007677-40.2017.8.26.0502 STATUS 161
[21/08/2026 11:58:39] SUCESSO: NUSEQ 28491111 | NUPROCESSOEXTERNO 0007677-40.2017.8.26.0502 -> ID 2R000000H2RMZ atualizado para grupo 39
[21/08/2026 11:58:39] ============================================================
[21/08/2026 11:58:39] PROCESSAMENTO FINALIZADO
[21/08/2026 11:58:39] Total: 4
[21/08/2026 11:58:39] Sucesso: 4
[21/08/2026 11:58:39] Pendentes: 0
[21/08/2026 11:58:39] Nenhum pendente encontrado.
[21/08/2026 11:58:39] Próxima execução automática agendada para daqui 30 minutos.
[21/08/2026 12:28:39] Iniciando execução automática agendada.
[21/08/2026 12:28:43] Iniciando processo
[21/08/2026 12:28:43] Nenhum registro encontrado.
[21/08/2026 12:28:44] Próxima execução automática agendada para daqui 30 minutos.
[21/08/2026 12:58:44] Iniciando execução automática agendada.
[21/08/2026 12:58:52] Iniciando processo
[21/08/2026 12:58:52] 1 registros encontrados
[21/08/2026 12:58:52] Registros que serão alterados:
[21/08/2026 12:58:52] NUSEQ 28495673 | NUPROCESSOEXTERNO 1501004-37.2026.8.26.0535
[21/08/2026 12:58:52] Executando inserts iniciais...
[21/08/2026 12:58:53] INSERT OK - NUSEQ 28495673 | NUPROCESSOEXTERNO 1501004-37.2026.8.26.0535
[21/08/2026 12:58:53] Todos os inserts iniciais executados.
[21/08/2026 12:58:53] Reprocessando NUSEQ 28495673 | NUPROCESSOEXTERNO 1501004-37.2026.8.26.0535
[21/08/2026 12:58:54] Reprocessamento inicial iniciado.
[21/08/2026 12:58:54] NUSEQ 28495673 | NUPROCESSOEXTERNO 1501004-37.2026.8.26.0535 STATUS 177
[21/08/2026 12:59:05] NUSEQ 28495673 | NUPROCESSOEXTERNO 1501004-37.2026.8.26.0535 STATUS 161
[21/08/2026 12:59:06] SUCESSO: NUSEQ 28495673 | NUPROCESSOEXTERNO 1501004-37.2026.8.26.0535 -> ID 2R000000H2VAK atualizado para grupo 39
[21/08/2026 12:59:06] ============================================================
[21/08/2026 12:59:06] PROCESSAMENTO FINALIZADO
[21/08/2026 12:59:06] Total: 1
[21/08/2026 12:59:06] Sucesso: 1
[21/08/2026 12:59:06] Pendentes: 0
[21/08/2026 12:59:06] Nenhum pendente encontrado.
[21/08/2026 12:59:06] Próxima execução automática agendada para daqui 30 minutos.
[21/08/2026 13:29:06] Iniciando execução automática agendada.
[21/08/2026 13:29:29] Iniciando processo
[21/08/2026 13:29:32] Nenhum registro encontrado.
[21/08/2026 13:29:32] Próxima execução automática agendada para daqui 30 minutos.
[21/08/2026 13:59:32] Iniciando execução automática agendada.
[21/08/2026 13:59:36] Iniciando processo
[21/08/2026 13:59:36] 1 registros encontrados
[21/08/2026 13:59:36] Registros que serão alterados:
[21/08/2026 13:59:36] NUSEQ 28498849 | NUPROCESSOEXTERNO 1501576-88.2023.8.26.0408
[21/08/2026 13:59:36] Executando inserts iniciais...
[21/08/2026 13:59:37] INSERT OK - NUSEQ 28498849 | NUPROCESSOEXTERNO 1501576-88.2023.8.26.0408
[21/08/2026 13:59:37] Todos os inserts iniciais executados.
[21/08/2026 13:59:37] Reprocessando NUSEQ 28498849 | NUPROCESSOEXTERNO 1501576-88.2023.8.26.0408
[21/08/2026 13:59:37] Reprocessamento inicial iniciado.
[21/08/2026 13:59:37] NUSEQ 28498849 | NUPROCESSOEXTERNO 1501576-88.2023.8.26.0408 STATUS 177
[21/08/2026 13:59:48] NUSEQ 28498849 | NUPROCESSOEXTERNO 1501576-88.2023.8.26.0408 STATUS 177
[21/08/2026 13:59:58] NUSEQ 28498849 | NUPROCESSOEXTERNO 1501576-88.2023.8.26.0408 STATUS 161
[21/08/2026 13:59:58] SUCESSO: NUSEQ 28498849 | NUPROCESSOEXTERNO 1501576-88.2023.8.26.0408 -> ID 2R000000H2XUE atualizado para grupo 39
[21/08/2026 13:59:58] ============================================================
[21/08/2026 13:59:58] PROCESSAMENTO FINALIZADO
[21/08/2026 13:59:58] Total: 1
[21/08/2026 13:59:58] Sucesso: 1
[21/08/2026 13:59:58] Pendentes: 0
[21/08/2026 13:59:58] Nenhum pendente encontrado.
[21/08/2026 13:59:58] Próxima execução automática agendada para daqui 30 minutos.
[21/08/2026 14:29:58] Iniciando execução automática agendada.
[21/08/2026 14:30:03] Iniciando processo
[21/08/2026 14:30:04] Nenhum registro encontrado.
[21/08/2026 14:30:04] Próxima execução automática agendada para daqui 30 minutos.
[21/08/2026 15:00:04] Iniciando execução automática agendada.
[21/08/2026 15:00:12] Iniciando processo
[21/08/2026 15:00:13] Nenhum registro encontrado.
[21/08/2026 15:00:13] Próxima execução automática agendada para daqui 30 minutos.
[21/08/2026 15:30:13] Iniciando execução automática agendada.
[21/08/2026 15:30:17] Iniciando processo
[21/08/2026 15:30:17] 1 registros encontrados
[21/08/2026 15:30:17] Registros que serão alterados:
[21/08/2026 15:30:17] NUSEQ 28508648 | NUPROCESSOEXTERNO 0001895-31.2024.8.26.0462
[21/08/2026 15:30:17] Executando inserts iniciais...
[21/08/2026 15:30:18] INSERT OK - NUSEQ 28508648 | NUPROCESSOEXTERNO 0001895-31.2024.8.26.0462
[21/08/2026 15:30:18] Todos os inserts iniciais executados.
[21/08/2026 15:30:18] Reprocessando NUSEQ 28508648 | NUPROCESSOEXTERNO 0001895-31.2024.8.26.0462
[21/08/2026 15:30:18] Reprocessamento inicial iniciado.
[21/08/2026 15:30:18] NUSEQ 28508648 | NUPROCESSOEXTERNO 0001895-31.2024.8.26.0462 STATUS 177
[21/08/2026 15:30:28] NUSEQ 28508648 | NUPROCESSOEXTERNO 0001895-31.2024.8.26.0462 STATUS 161
[21/08/2026 15:30:29] SUCESSO: NUSEQ 28508648 | NUPROCESSOEXTERNO 0001895-31.2024.8.26.0462 -> ID 2R000000H35PS atualizado para grupo 39
[21/08/2026 15:30:29] ============================================================
[21/08/2026 15:30:29] PROCESSAMENTO FINALIZADO
[21/08/2026 15:30:29] Total: 1
[21/08/2026 15:30:29] Sucesso: 1
[21/08/2026 15:30:29] Pendentes: 0
[21/08/2026 15:30:29] Nenhum pendente encontrado.
[21/08/2026 15:30:29] Próxima execução automática agendada para daqui 30 minutos.
[21/08/2026 16:00:29] Iniciando execução automática agendada.
[21/08/2026 16:00:34] Iniciando processo
[21/08/2026 16:00:34] 1 registros encontrados
[21/08/2026 16:00:34] Registros que serão alterados:
[21/08/2026 16:00:34] NUSEQ 28509728 | NUPROCESSOEXTERNO 1501395-68.2026.8.26.0348
[21/08/2026 16:00:34] Executando inserts iniciais...
[21/08/2026 16:00:34] INSERT OK - NUSEQ 28509728 | NUPROCESSOEXTERNO 1501395-68.2026.8.26.0348
[21/08/2026 16:00:34] Todos os inserts iniciais executados.
[21/08/2026 16:00:34] Reprocessando NUSEQ 28509728 | NUPROCESSOEXTERNO 1501395-68.2026.8.26.0348
[21/08/2026 16:00:34] Reprocessamento inicial iniciado.
[21/08/2026 16:00:35] NUSEQ 28509728 | NUPROCESSOEXTERNO 1501395-68.2026.8.26.0348 STATUS 177
[21/08/2026 16:00:45] NUSEQ 28509728 | NUPROCESSOEXTERNO 1501395-68.2026.8.26.0348 STATUS 177
[21/08/2026 16:00:55] NUSEQ 28509728 | NUPROCESSOEXTERNO 1501395-68.2026.8.26.0348 STATUS 161
[21/08/2026 16:00:56] SUCESSO: NUSEQ 28509728 | NUPROCESSOEXTERNO 1501395-68.2026.8.26.0348 -> ID 2R000000H36ND atualizado para grupo 39
[21/08/2026 16:00:56] ============================================================
[21/08/2026 16:00:56] PROCESSAMENTO FINALIZADO
[21/08/2026 16:00:56] Total: 1
[21/08/2026 16:00:56] Sucesso: 1
[21/08/2026 16:00:56] Pendentes: 0
[21/08/2026 16:00:56] Nenhum pendente encontrado.
[21/08/2026 16:00:56] Próxima execução automática agendada para daqui 30 minutos.
[21/08/2026 16:30:56] Iniciando execução automática agendada.
[21/08/2026 16:31:03] Iniciando processo
[21/08/2026 16:31:03] 2 registros encontrados
[21/08/2026 16:31:03] Registros que serão alterados:
[21/08/2026 16:31:03] NUSEQ 28512291 | NUPROCESSOEXTERNO 0006166-78.2024.8.26.0496
[21/08/2026 16:31:03] NUSEQ 28514520 | NUPROCESSOEXTERNO 1501076-36.2026.8.26.0628
[21/08/2026 16:31:03] Executando inserts iniciais...
[21/08/2026 16:31:03] INSERT OK - NUSEQ 28512291 | NUPROCESSOEXTERNO 0006166-78.2024.8.26.0496
[21/08/2026 16:31:04] INSERT OK - NUSEQ 28514520 | NUPROCESSOEXTERNO 1501076-36.2026.8.26.0628
[21/08/2026 16:31:04] Todos os inserts iniciais executados.
[21/08/2026 16:31:04] Reprocessando NUSEQ 28512291 | NUPROCESSOEXTERNO 0006166-78.2024.8.26.0496
[21/08/2026 16:31:05] Reprocessando NUSEQ 28514520 | NUPROCESSOEXTERNO 1501076-36.2026.8.26.0628
[21/08/2026 16:31:05] Reprocessamento inicial iniciado.
[21/08/2026 16:31:05] NUSEQ 28512291 | NUPROCESSOEXTERNO 0006166-78.2024.8.26.0496 STATUS 177
[21/08/2026 16:31:05] NUSEQ 28514520 | NUPROCESSOEXTERNO 1501076-36.2026.8.26.0628 STATUS 177
[21/08/2026 16:31:16] NUSEQ 28512291 | NUPROCESSOEXTERNO 0006166-78.2024.8.26.0496 STATUS 177
[21/08/2026 16:31:16] NUSEQ 28514520 | NUPROCESSOEXTERNO 1501076-36.2026.8.26.0628 STATUS 177
[21/08/2026 16:31:26] NUSEQ 28512291 | NUPROCESSOEXTERNO 0006166-78.2024.8.26.0496 STATUS 161
[21/08/2026 16:31:26] SUCESSO: NUSEQ 28512291 | NUPROCESSOEXTERNO 0006166-78.2024.8.26.0496 -> ID 2R000000H38OA atualizado para grupo 39
[21/08/2026 16:31:26] NUSEQ 28514520 | NUPROCESSOEXTERNO 1501076-36.2026.8.26.0628 STATUS 177
[21/08/2026 16:31:36] NUSEQ 28514520 | NUPROCESSOEXTERNO 1501076-36.2026.8.26.0628 STATUS 161
[21/08/2026 16:31:37] SUCESSO: NUSEQ 28514520 | NUPROCESSOEXTERNO 1501076-36.2026.8.26.0628 -> ID 2R000000H3AGF atualizado para grupo 39
[21/08/2026 16:31:37] ============================================================
[21/08/2026 16:31:37] PROCESSAMENTO FINALIZADO
[21/08/2026 16:31:37] Total: 2
[21/08/2026 16:31:37] Sucesso: 2
[21/08/2026 16:31:37] Pendentes: 0
[21/08/2026 16:31:37] Nenhum pendente encontrado.
[21/08/2026 16:31:37] Próxima execução automática agendada para daqui 30 minutos.
[21/08/2026 17:01:37] Iniciando execução automática agendada.
[21/08/2026 17:01:44] Iniciando processo
[21/08/2026 17:01:44] 3 registros encontrados
[21/08/2026 17:01:44] Registros que serão alterados:
[21/08/2026 17:01:44] NUSEQ 28515122 | NUPROCESSOEXTERNO 1508139-70.2026.8.26.0448
[21/08/2026 17:01:44] NUSEQ 28516251 | NUPROCESSOEXTERNO 1012869-02.2023.8.26.0477
[21/08/2026 17:01:44] NUSEQ 28518393 | NUPROCESSOEXTERNO 0000361-90.2022.8.26.0278
[21/08/2026 17:01:44] Executando inserts iniciais...
[21/08/2026 17:01:44] INSERT OK - NUSEQ 28515122 | NUPROCESSOEXTERNO 1508139-70.2026.8.26.0448
[21/08/2026 17:01:44] INSERT OK - NUSEQ 28516251 | NUPROCESSOEXTERNO 1012869-02.2023.8.26.0477
[21/08/2026 17:01:45] INSERT OK - NUSEQ 28518393 | NUPROCESSOEXTERNO 0000361-90.2022.8.26.0278
[21/08/2026 17:01:45] Todos os inserts iniciais executados.
[21/08/2026 17:01:45] Reprocessando NUSEQ 28515122 | NUPROCESSOEXTERNO 1508139-70.2026.8.26.0448
[21/08/2026 17:01:45] Reprocessando NUSEQ 28516251 | NUPROCESSOEXTERNO 1012869-02.2023.8.26.0477
[21/08/2026 17:01:45] Reprocessando NUSEQ 28518393 | NUPROCESSOEXTERNO 0000361-90.2022.8.26.0278
[21/08/2026 17:01:46] Reprocessamento inicial iniciado.
[21/08/2026 17:01:46] NUSEQ 28515122 | NUPROCESSOEXTERNO 1508139-70.2026.8.26.0448 STATUS 177
[21/08/2026 17:01:46] NUSEQ 28516251 | NUPROCESSOEXTERNO 1012869-02.2023.8.26.0477 STATUS 177
[21/08/2026 17:01:46] NUSEQ 28518393 | NUPROCESSOEXTERNO 0000361-90.2022.8.26.0278 STATUS 177
[21/08/2026 17:01:58] NUSEQ 28515122 | NUPROCESSOEXTERNO 1508139-70.2026.8.26.0448 STATUS 177
[21/08/2026 17:01:58] NUSEQ 28516251 | NUPROCESSOEXTERNO 1012869-02.2023.8.26.0477 STATUS 177
[21/08/2026 17:01:58] NUSEQ 28518393 | NUPROCESSOEXTERNO 0000361-90.2022.8.26.0278 STATUS 177
[21/08/2026 17:02:09] NUSEQ 28515122 | NUPROCESSOEXTERNO 1508139-70.2026.8.26.0448 STATUS 161
[21/08/2026 17:02:09] SUCESSO: NUSEQ 28515122 | NUPROCESSOEXTERNO 1508139-70.2026.8.26.0448 -> ID 2R000000H3AXA atualizado para grupo 39
[21/08/2026 17:02:09] NUSEQ 28516251 | NUPROCESSOEXTERNO 1012869-02.2023.8.26.0477 STATUS 161
[21/08/2026 17:02:09] SUCESSO: NUSEQ 28516251 | NUPROCESSOEXTERNO 1012869-02.2023.8.26.0477 -> ID 2R000000H3BWD atualizado para grupo 39
[21/08/2026 17:02:09] NUSEQ 28518393 | NUPROCESSOEXTERNO 0000361-90.2022.8.26.0278 STATUS 177
[21/08/2026 17:02:19] NUSEQ 28518393 | NUPROCESSOEXTERNO 0000361-90.2022.8.26.0278 STATUS 177
[21/08/2026 17:02:30] NUSEQ 28518393 | NUPROCESSOEXTERNO 0000361-90.2022.8.26.0278 STATUS 161
[21/08/2026 17:02:30] SUCESSO: NUSEQ 28518393 | NUPROCESSOEXTERNO 0000361-90.2022.8.26.0278 -> ID 2R000000H3DO3 atualizado para grupo 39
[21/08/2026 17:02:30] ============================================================
[21/08/2026 17:02:30] PROCESSAMENTO FINALIZADO
[21/08/2026 17:02:30] Total: 3
[21/08/2026 17:02:30] Sucesso: 3
[21/08/2026 17:02:30] Pendentes: 0
[21/08/2026 17:02:30] Nenhum pendente encontrado.
[21/08/2026 17:02:30] Próxima execução automática agendada para daqui 30 minutos.
[21/08/2026 17:32:30] Iniciando execução automática agendada.
[21/08/2026 17:32:34] Iniciando processo
[21/08/2026 17:32:35] 2 registros encontrados
[21/08/2026 17:32:35] Registros que serão alterados:
[21/08/2026 17:32:35] NUSEQ 28518835 | NUPROCESSOEXTERNO 1523507-04.2026.8.26.0454
[21/08/2026 17:32:35] NUSEQ 28518863 | NUPROCESSOEXTERNO 1536125-97.2024.8.26.0050
[21/08/2026 17:32:35] Executando inserts iniciais...
[21/08/2026 17:32:35] INSERT OK - NUSEQ 28518835 | NUPROCESSOEXTERNO 1523507-04.2026.8.26.0454
[21/08/2026 17:32:35] INSERT OK - NUSEQ 28518863 | NUPROCESSOEXTERNO 1536125-97.2024.8.26.0050
[21/08/2026 17:32:35] Todos os inserts iniciais executados.
[21/08/2026 17:32:35] Reprocessando NUSEQ 28518835 | NUPROCESSOEXTERNO 1523507-04.2026.8.26.0454
[21/08/2026 17:32:36] Reprocessando NUSEQ 28518863 | NUPROCESSOEXTERNO 1536125-97.2024.8.26.0050
[21/08/2026 17:32:36] Reprocessamento inicial iniciado.
[21/08/2026 17:32:36] NUSEQ 28518835 | NUPROCESSOEXTERNO 1523507-04.2026.8.26.0454 STATUS 177
[21/08/2026 17:32:36] NUSEQ 28518863 | NUPROCESSOEXTERNO 1536125-97.2024.8.26.0050 STATUS 177
[21/08/2026 17:32:46] NUSEQ 28518835 | NUPROCESSOEXTERNO 1523507-04.2026.8.26.0454 STATUS 161
[21/08/2026 17:32:47] SUCESSO: NUSEQ 28518835 | NUPROCESSOEXTERNO 1523507-04.2026.8.26.0454 -> ID 2R000000H3E0D atualizado para grupo 39
[21/08/2026 17:32:47] NUSEQ 28518863 | NUPROCESSOEXTERNO 1536125-97.2024.8.26.0050 STATUS 161
[21/08/2026 17:32:47] SUCESSO: NUSEQ 28518863 | NUPROCESSOEXTERNO 1536125-97.2024.8.26.0050 -> ID 2R000000H3E15 atualizado para grupo 39
[21/08/2026 17:32:47] ============================================================
[21/08/2026 17:32:47] PROCESSAMENTO FINALIZADO
[21/08/2026 17:32:47] Total: 2
[21/08/2026 17:32:47] Sucesso: 2
[21/08/2026 17:32:47] Pendentes: 0
[21/08/2026 17:32:47] Nenhum pendente encontrado.
[21/08/2026 17:32:47] Próxima execução automática agendada para daqui 30 minutos.
[21/08/2026 18:02:47] Iniciando execução automática agendada.
[21/08/2026 18:02:47] Falha ao conectar ao banco (sigsp).
[21/08/2026 18:02:47] Próxima execução automática agendada para daqui 30 minutos.
[21/08/2026 18:32:47] Iniciando execução automática agendada.
[21/08/2026 18:32:52] Iniciando processo
[21/08/2026 18:32:53] Nenhum registro encontrado.
[21/08/2026 18:32:53] Próxima execução automática agendada para daqui 30 minutos.
[21/08/2026 19:02:53] Iniciando execução automática agendada.
[21/08/2026 19:02:57] Iniciando processo
[21/08/2026 19:03:05] 2 registros encontrados
[21/08/2026 19:03:05] Registros que serão alterados:
[21/08/2026 19:03:05] NUSEQ 28522071 | NUPROCESSOEXTERNO 1501450-26.2025.8.26.0454
[21/08/2026 19:03:05] NUSEQ 28522072 | NUPROCESSOEXTERNO 1503229-79.2026.8.26.0454
[21/08/2026 19:03:05] Executando inserts iniciais...
[21/08/2026 19:03:05] INSERT OK - NUSEQ 28522071 | NUPROCESSOEXTERNO 1501450-26.2025.8.26.0454
[21/08/2026 19:03:06] INSERT OK - NUSEQ 28522072 | NUPROCESSOEXTERNO 1503229-79.2026.8.26.0454
[21/08/2026 19:03:06] Todos os inserts iniciais executados.
[21/08/2026 19:03:06] Reprocessando NUSEQ 28522071 | NUPROCESSOEXTERNO 1501450-26.2025.8.26.0454
[21/08/2026 19:03:09] Reprocessando NUSEQ 28522072 | NUPROCESSOEXTERNO 1503229-79.2026.8.26.0454
[21/08/2026 19:03:10] Reprocessamento inicial iniciado.
[21/08/2026 19:03:10] NUSEQ 28522071 | NUPROCESSOEXTERNO 1501450-26.2025.8.26.0454 STATUS 177
[21/08/2026 19:03:10] NUSEQ 28522072 | NUPROCESSOEXTERNO 1503229-79.2026.8.26.0454 STATUS 177
[21/08/2026 19:03:20] NUSEQ 28522071 | NUPROCESSOEXTERNO 1501450-26.2025.8.26.0454 STATUS 177
[21/08/2026 19:03:20] NUSEQ 28522072 | NUPROCESSOEXTERNO 1503229-79.2026.8.26.0454 STATUS 161
[21/08/2026 19:03:21] SUCESSO: NUSEQ 28522072 | NUPROCESSOEXTERNO 1503229-79.2026.8.26.0454 -> ID 2R000000H3GPU atualizado para grupo 39
[21/08/2026 19:03:31] NUSEQ 28522071 | NUPROCESSOEXTERNO 1501450-26.2025.8.26.0454 STATUS 161
[21/08/2026 19:03:31] SUCESSO: NUSEQ 28522071 | NUPROCESSOEXTERNO 1501450-26.2025.8.26.0454 -> ID 2R000000H3GPT atualizado para grupo 39
[21/08/2026 19:03:31] ============================================================
[21/08/2026 19:03:32] PROCESSAMENTO FINALIZADO
[21/08/2026 19:03:32] Total: 2
[21/08/2026 19:03:32] Sucesso: 2
[21/08/2026 19:03:32] Pendentes: 0
[21/08/2026 19:03:32] Nenhum pendente encontrado.
[21/08/2026 19:03:32] Próxima execução automática agendada para daqui 30 minutos.
[21/08/2026 19:33:32] Iniciando execução automática agendada.
[21/08/2026 19:33:37] Iniciando processo
[21/08/2026 19:33:39] Nenhum registro encontrado.
[21/08/2026 19:33:39] Próxima execução automática agendada para daqui 30 minutos.
[21/08/2026 20:03:39] Iniciando execução automática agendada.
[21/08/2026 20:03:57] Iniciando processo
[21/08/2026 20:04:03] Nenhum registro encontrado.
[21/08/2026 20:04:03] Próxima execução automática agendada para daqui 30 minutos.
[21/08/2026 20:34:03] Iniciando execução automática agendada.
[21/08/2026 20:34:08] Iniciando processo
[21/08/2026 20:34:15] Nenhum registro encontrado.
[21/08/2026 20:34:15] Próxima execução automática agendada para daqui 30 minutos.
[21/08/2026 21:04:15] Iniciando execução automática agendada.
[21/08/2026 21:04:15] Falha ao conectar ao banco (sigsp).
[21/08/2026 21:04:15] Próxima execução automática agendada para daqui 30 minutos.
[21/08/2026 21:34:15] Iniciando execução automática agendada.
[21/08/2026 21:34:16] Falha ao conectar ao banco (sigsp).
[21/08/2026 21:34:18] Próxima execução automática agendada para daqui 30 minutos.
[21/08/2026 22:04:18] Iniciando execução automática agendada.
[21/08/2026 22:04:29] Falha ao conectar ao banco (sigsp).
[21/08/2026 22:04:51] Próxima execução automática agendada para daqui 30 minutos.
