[09/09/2026 00:11:47] Iniciando execução automática agendada.
[09/09/2026 00:11:54] Iniciando processo
[09/09/2026 00:11:54] Nenhum registro encontrado.
[09/09/2026 00:11:54] Próxima execução automática agendada para daqui 30 minutos.
[09/09/2026 00:41:54] Iniciando execução automática agendada.
[09/09/2026 00:42:01] Iniciando processo
[09/09/2026 00:42:01] Nenhum registro encontrado.
[09/09/2026 00:42:01] Próxima execução automática agendada para daqui 30 minutos.
[09/09/2026 01:12:01] Iniciando execução automática agendada.
[09/09/2026 01:12:10] Iniciando processo
[09/09/2026 01:12:12] Nenhum registro encontrado.
[09/09/2026 01:12:12] Próxima execução automática agendada para daqui 30 minutos.
[09/09/2026 01:42:12] Iniciando execução automática agendada.
[09/09/2026 01:42:19] Iniciando processo
[09/09/2026 01:42:21] Nenhum registro encontrado.
[09/09/2026 01:42:21] Próxima execução automática agendada para daqui 30 minutos.
[09/09/2026 02:12:21] Iniciando execução automática agendada.
[09/09/2026 02:12:36] Iniciando processo
[09/09/2026 02:12:41] Nenhum registro encontrado.
[09/09/2026 02:12:41] Próxima execução automática agendada para daqui 30 minutos.
[09/09/2026 02:42:41] Iniciando execução automática agendada.
[09/09/2026 02:42:53] Iniciando processo
[09/09/2026 02:42:54] Nenhum registro encontrado.
[09/09/2026 02:42:54] Próxima execução automática agendada para daqui 30 minutos.
[09/09/2026 03:12:54] Iniciando execução automática agendada.
[09/09/2026 03:13:05] Iniciando processo
[09/09/2026 03:13:06] Nenhum registro encontrado.
[09/09/2026 03:13:06] Próxima execução automática agendada para daqui 30 minutos.
[09/09/2026 03:43:06] Iniciando execução automática agendada.
[09/09/2026 03:43:19] Iniciando processo
[09/09/2026 03:43:21] Nenhum registro encontrado.
[09/09/2026 03:43:22] Próxima execução automática agendada para daqui 30 minutos.
[09/09/2026 04:13:22] Iniciando execução automática agendada.
[09/09/2026 04:13:30] Iniciando processo
[09/09/2026 04:13:31] Nenhum registro encontrado.
[09/09/2026 04:13:31] Próxima execução automática agendada para daqui 30 minutos.
[09/09/2026 04:43:31] Iniciando execução automática agendada.
[09/09/2026 04:43:38] Iniciando processo
[09/09/2026 04:43:38] Nenhum registro encontrado.
[09/09/2026 04:43:38] Próxima execução automática agendada para daqui 30 minutos.
[09/09/2026 05:13:38] Iniciando execução automática agendada.
[09/09/2026 05:13:46] Iniciando processo
[09/09/2026 05:13:47] Nenhum registro encontrado.
[09/09/2026 05:13:47] Próxima execução automática agendada para daqui 30 minutos.
[09/09/2026 05:43:47] Iniciando execução automática agendada.
[09/09/2026 05:43:56] Iniciando processo
[09/09/2026 05:43:57] Nenhum registro encontrado.
[09/09/2026 05:43:57] Próxima execução automática agendada para daqui 30 minutos.
[09/09/2026 06:13:57] Iniciando execução automática agendada.
[09/09/2026 06:14:04] Iniciando processo
[09/09/2026 06:14:05] Nenhum registro encontrado.
[09/09/2026 06:14:05] Próxima execução automática agendada para daqui 30 minutos.
[09/09/2026 06:44:05] Iniciando execução automática agendada.
[09/09/2026 06:44:12] Iniciando processo
[09/09/2026 06:44:12] Nenhum registro encontrado.
[09/09/2026 06:44:12] Próxima execução automática agendada para daqui 30 minutos.
[09/09/2026 07:14:12] Iniciando execução automática agendada.
[09/09/2026 07:14:20] Iniciando processo
[09/09/2026 07:14:20] Nenhum registro encontrado.
[09/09/2026 07:14:20] Próxima execução automática agendada para daqui 30 minutos.
[09/09/2026 07:44:20] Iniciando execução automática agendada.
[09/09/2026 07:44:28] Iniciando processo
[09/09/2026 07:44:29] Nenhum registro encontrado.
[09/09/2026 07:44:29] Próxima execução automática agendada para daqui 30 minutos.
[09/09/2026 08:14:29] Iniciando execução automática agendada.
[09/09/2026 08:14:36] Iniciando processo
[09/09/2026 08:14:36] Nenhum registro encontrado.
[09/09/2026 08:14:36] Próxima execução automática agendada para daqui 30 minutos.
[09/09/2026 08:44:36] Iniciando execução automática agendada.
[09/09/2026 08:44:44] Iniciando processo
[09/09/2026 08:44:44] Nenhum registro encontrado.
[09/09/2026 08:44:44] Próxima execução automática agendada para daqui 30 minutos.
[09/09/2026 09:14:44] Iniciando execução automática agendada.
[09/09/2026 09:14:51] Iniciando processo
[09/09/2026 09:14:52] Nenhum registro encontrado.
[09/09/2026 09:14:52] Próxima execução automática agendada para daqui 30 minutos.
[09/09/2026 09:44:52] Iniciando execução automática agendada.
[09/09/2026 09:44:58] Iniciando processo
[09/09/2026 09:44:59] Nenhum registro encontrado.
[09/09/2026 09:44:59] Próxima execução automática agendada para daqui 30 minutos.
[09/09/2026 10:14:59] Iniciando execução automática agendada.
[09/09/2026 10:15:07] Iniciando processo
[09/09/2026 10:15:07] 1 registros encontrados
[09/09/2026 10:15:07] Registros que serão alterados:
[09/09/2026 10:15:07] NUSEQ 29109042 | NUPROCESSOEXTERNO 1503445-41.2026.8.26.0001
[09/09/2026 10:15:07] Executando inserts iniciais...
[09/09/2026 10:15:08] INSERT OK - NUSEQ 29109042 | NUPROCESSOEXTERNO 1503445-41.2026.8.26.0001
[09/09/2026 10:15:08] Todos os inserts iniciais executados.
[09/09/2026 10:15:08] Reprocessando NUSEQ 29109042 | NUPROCESSOEXTERNO 1503445-41.2026.8.26.0001
[09/09/2026 10:15:08] Reprocessamento inicial iniciado.
[09/09/2026 10:15:09] NUSEQ 29109042 | NUPROCESSOEXTERNO 1503445-41.2026.8.26.0001 STATUS 177
[09/09/2026 10:15:19] NUSEQ 29109042 | NUPROCESSOEXTERNO 1503445-41.2026.8.26.0001 STATUS 161
[09/09/2026 10:15:20] SUCESSO: NUSEQ 29109042 | NUPROCESSOEXTERNO 1503445-41.2026.8.26.0001 -> ID 2R000000HGLHO atualizado para grupo 39
[09/09/2026 10:15:20] ============================================================
[09/09/2026 10:15:20] PROCESSAMENTO FINALIZADO
[09/09/2026 10:15:20] Total: 1
[09/09/2026 10:15:20] Sucesso: 1
[09/09/2026 10:15:20] Pendentes: 0
[09/09/2026 10:15:20] Nenhum pendente encontrado.
[09/09/2026 10:15:20] Próxima execução automática agendada para daqui 30 minutos.
[09/09/2026 10:45:20] Iniciando execução automática agendada.
[09/09/2026 10:46:38] Iniciando processo
[09/09/2026 10:46:45] 3 registros encontrados
[09/09/2026 10:46:45] Registros que serão alterados:
[09/09/2026 10:46:45] NUSEQ 29111001 | NUPROCESSOEXTERNO 1006415-21.2026.8.26.0050
[09/09/2026 10:46:45] NUSEQ 29111228 | NUPROCESSOEXTERNO 0006475-82.2026.8.26.0576
[09/09/2026 10:46:45] NUSEQ 29112062 | NUPROCESSOEXTERNO 1575574-28.2025.8.26.0050
[09/09/2026 10:46:45] Executando inserts iniciais...
[09/09/2026 10:46:51] INSERT OK - NUSEQ 29111001 | NUPROCESSOEXTERNO 1006415-21.2026.8.26.0050
[09/09/2026 10:46:58] INSERT OK - NUSEQ 29111228 | NUPROCESSOEXTERNO 0006475-82.2026.8.26.0576
[09/09/2026 10:47:17] INSERT OK - NUSEQ 29112062 | NUPROCESSOEXTERNO 1575574-28.2025.8.26.0050
[09/09/2026 10:47:17] Todos os inserts iniciais executados.
[09/09/2026 10:47:17] Reprocessando NUSEQ 29111001 | NUPROCESSOEXTERNO 1006415-21.2026.8.26.0050
[09/09/2026 10:47:52] Reprocessando NUSEQ 29111228 | NUPROCESSOEXTERNO 0006475-82.2026.8.26.0576
[09/09/2026 10:48:06] Reprocessando NUSEQ 29112062 | NUPROCESSOEXTERNO 1575574-28.2025.8.26.0050
[09/09/2026 10:48:13] Reprocessamento inicial iniciado.
[09/09/2026 10:48:14] NUSEQ 29111001 | NUPROCESSOEXTERNO 1006415-21.2026.8.26.0050 STATUS 161
[09/09/2026 10:48:18] SUCESSO: NUSEQ 29111001 | NUPROCESSOEXTERNO 1006415-21.2026.8.26.0050 -> ID 2R000000HGN1Q atualizado para grupo 39
[09/09/2026 10:48:18] NUSEQ 29111228 | NUPROCESSOEXTERNO 0006475-82.2026.8.26.0576 STATUS 177
[09/09/2026 10:48:18] NUSEQ 29112062 | NUPROCESSOEXTERNO 1575574-28.2025.8.26.0050 STATUS 177
[09/09/2026 10:48:28] NUSEQ 29111228 | NUPROCESSOEXTERNO 0006475-82.2026.8.26.0576 STATUS 161
[09/09/2026 10:48:30] SUCESSO: NUSEQ 29111228 | NUPROCESSOEXTERNO 0006475-82.2026.8.26.0576 -> ID 2R000000HGN81 atualizado para grupo 39
[09/09/2026 10:48:30] NUSEQ 29112062 | NUPROCESSOEXTERNO 1575574-28.2025.8.26.0050 STATUS 177
[09/09/2026 10:48:40] NUSEQ 29112062 | NUPROCESSOEXTERNO 1575574-28.2025.8.26.0050 STATUS 161
[09/09/2026 10:48:41] SUCESSO: NUSEQ 29112062 | NUPROCESSOEXTERNO 1575574-28.2025.8.26.0050 -> ID 2R000000HGNWX atualizado para grupo 39
[09/09/2026 10:48:41] ============================================================
[09/09/2026 10:48:41] PROCESSAMENTO FINALIZADO
[09/09/2026 10:48:41] Total: 3
[09/09/2026 10:48:41] Sucesso: 3
[09/09/2026 10:48:41] Pendentes: 0
[09/09/2026 10:48:41] Nenhum pendente encontrado.
[09/09/2026 10:48:41] Próxima execução automática agendada para daqui 30 minutos.
[09/09/2026 11:18:41] Iniciando execução automática agendada.
[09/09/2026 11:18:50] Iniciando processo
[09/09/2026 11:18:51] Nenhum registro encontrado.
[09/09/2026 11:18:51] Próxima execução automática agendada para daqui 30 minutos.
[09/09/2026 11:48:51] Iniciando execução automática agendada.
[09/09/2026 11:48:56] Iniciando processo
[09/09/2026 11:48:56] Nenhum registro encontrado.
[09/09/2026 11:48:56] Próxima execução automática agendada para daqui 30 minutos.
[09/09/2026 12:18:56] Iniciando execução automática agendada.
[09/09/2026 12:19:04] Iniciando processo
[09/09/2026 12:19:05] Nenhum registro encontrado.
[09/09/2026 12:19:05] Próxima execução automática agendada para daqui 30 minutos.
[09/09/2026 12:49:05] Iniciando execução automática agendada.
[09/09/2026 12:49:09] Iniciando processo
[09/09/2026 12:49:09] Nenhum registro encontrado.
[09/09/2026 12:49:10] Próxima execução automática agendada para daqui 30 minutos.
[09/09/2026 13:19:10] Iniciando execução automática agendada.
[09/09/2026 13:19:15] Iniciando processo
[09/09/2026 13:19:15] Nenhum registro encontrado.
[09/09/2026 13:19:15] Próxima execução automática agendada para daqui 30 minutos.
[09/09/2026 13:49:15] Iniciando execução automática agendada.
[09/09/2026 13:49:24] Iniciando processo
[09/09/2026 13:49:24] 1 registros encontrados
[09/09/2026 13:49:24] Registros que serão alterados:
[09/09/2026 13:49:24] NUSEQ 29126621 | NUPROCESSOEXTERNO 1535767-16.2026.8.26.0454
[09/09/2026 13:49:24] Executando inserts iniciais...
[09/09/2026 13:49:25] INSERT OK - NUSEQ 29126621 | NUPROCESSOEXTERNO 1535767-16.2026.8.26.0454
[09/09/2026 13:49:25] Todos os inserts iniciais executados.
[09/09/2026 13:49:25] Reprocessando NUSEQ 29126621 | NUPROCESSOEXTERNO 1535767-16.2026.8.26.0454
[09/09/2026 13:49:25] Reprocessamento inicial iniciado.
[09/09/2026 13:49:26] NUSEQ 29126621 | NUPROCESSOEXTERNO 1535767-16.2026.8.26.0454 STATUS 177
[09/09/2026 13:49:36] NUSEQ 29126621 | NUPROCESSOEXTERNO 1535767-16.2026.8.26.0454 STATUS 161
[09/09/2026 13:49:37] SUCESSO: NUSEQ 29126621 | NUPROCESSOEXTERNO 1535767-16.2026.8.26.0454 -> ID 2R000000HGZI2 atualizado para grupo 39
[09/09/2026 13:49:37] ============================================================
[09/09/2026 13:49:37] PROCESSAMENTO FINALIZADO
[09/09/2026 13:49:37] Total: 1
[09/09/2026 13:49:37] Sucesso: 1
[09/09/2026 13:49:37] Pendentes: 0
[09/09/2026 13:49:37] Nenhum pendente encontrado.
[09/09/2026 13:49:37] Próxima execução automática agendada para daqui 30 minutos.
[09/09/2026 14:19:37] Iniciando execução automática agendada.
[09/09/2026 14:19:45] Iniciando processo
[09/09/2026 14:19:45] Nenhum registro encontrado.
[09/09/2026 14:19:46] Próxima execução automática agendada para daqui 30 minutos.
[09/09/2026 14:49:46] Iniciando execução automática agendada.
[09/09/2026 14:49:53] Iniciando processo
[09/09/2026 14:49:53] 1 registros encontrados
[09/09/2026 14:49:53] Registros que serão alterados:
[09/09/2026 14:49:53] NUSEQ 29131184 | NUPROCESSOEXTERNO 7000200-24.2014.8.26.0477
[09/09/2026 14:49:53] Executando inserts iniciais...
[09/09/2026 14:49:54] INSERT OK - NUSEQ 29131184 | NUPROCESSOEXTERNO 7000200-24.2014.8.26.0477
[09/09/2026 14:49:54] Todos os inserts iniciais executados.
[09/09/2026 14:49:54] Reprocessando NUSEQ 29131184 | NUPROCESSOEXTERNO 7000200-24.2014.8.26.0477
[09/09/2026 14:49:55] Reprocessamento inicial iniciado.
[09/09/2026 14:49:55] NUSEQ 29131184 | NUPROCESSOEXTERNO 7000200-24.2014.8.26.0477 STATUS 177
[09/09/2026 14:50:05] NUSEQ 29131184 | NUPROCESSOEXTERNO 7000200-24.2014.8.26.0477 STATUS 161
[09/09/2026 14:50:06] SUCESSO: NUSEQ 29131184 | NUPROCESSOEXTERNO 7000200-24.2014.8.26.0477 -> ID 2R000000HH36M atualizado para grupo 39
[09/09/2026 14:50:06] ============================================================
[09/09/2026 14:50:06] PROCESSAMENTO FINALIZADO
[09/09/2026 14:50:06] Total: 1
[09/09/2026 14:50:06] Sucesso: 1
[09/09/2026 14:50:06] Pendentes: 0
[09/09/2026 14:50:06] Nenhum pendente encontrado.
[09/09/2026 14:50:06] Próxima execução automática agendada para daqui 30 minutos.
[09/09/2026 15:20:06] Iniciando execução automática agendada.
[09/09/2026 15:20:14] Iniciando processo
[09/09/2026 15:20:15] Nenhum registro encontrado.
[09/09/2026 15:20:15] Próxima execução automática agendada para daqui 30 minutos.
[09/09/2026 15:50:15] Iniciando execução automática agendada.
[09/09/2026 15:50:23] Iniciando processo
[09/09/2026 15:50:23] 1 registros encontrados
[09/09/2026 15:50:23] Registros que serão alterados:
[09/09/2026 15:50:23] NUSEQ 29137224 | NUPROCESSOEXTERNO 1528301-68.2026.8.26.0454
[09/09/2026 15:50:23] Executando inserts iniciais...
[09/09/2026 15:50:24] INSERT OK - NUSEQ 29137224 | NUPROCESSOEXTERNO 1528301-68.2026.8.26.0454
[09/09/2026 15:50:24] Todos os inserts iniciais executados.
[09/09/2026 15:50:24] Reprocessando NUSEQ 29137224 | NUPROCESSOEXTERNO 1528301-68.2026.8.26.0454
[09/09/2026 15:50:25] Reprocessamento inicial iniciado.
[09/09/2026 15:50:25] NUSEQ 29137224 | NUPROCESSOEXTERNO 1528301-68.2026.8.26.0454 STATUS 177
[09/09/2026 15:50:35] NUSEQ 29137224 | NUPROCESSOEXTERNO 1528301-68.2026.8.26.0454 STATUS 161
[09/09/2026 15:50:36] SUCESSO: NUSEQ 29137224 | NUPROCESSOEXTERNO 1528301-68.2026.8.26.0454 -> ID 2R000000HH81W atualizado para grupo 39
[09/09/2026 15:50:36] ============================================================
[09/09/2026 15:50:36] PROCESSAMENTO FINALIZADO
[09/09/2026 15:50:36] Total: 1
[09/09/2026 15:50:36] Sucesso: 1
[09/09/2026 15:50:36] Pendentes: 0
[09/09/2026 15:50:36] Nenhum pendente encontrado.
[09/09/2026 15:50:36] Próxima execução automática agendada para daqui 30 minutos.
[09/09/2026 16:20:36] Iniciando execução automática agendada.
[09/09/2026 16:20:46] Iniciando processo
[09/09/2026 16:20:48] Nenhum registro encontrado.
[09/09/2026 16:20:48] Próxima execução automática agendada para daqui 30 minutos.
[09/09/2026 16:50:48] Iniciando execução automática agendada.
[09/09/2026 16:52:04] Iniciando processo
[09/09/2026 16:52:07] 2 registros encontrados
[09/09/2026 16:52:07] Registros que serão alterados:
[09/09/2026 16:52:07] NUSEQ 29144224 | NUPROCESSOEXTERNO 0006484-10.2020.8.26.0041
[09/09/2026 16:52:07] NUSEQ 29143790 | NUPROCESSOEXTERNO 0018666-86.2024.8.26.0041
[09/09/2026 16:52:07] Executando inserts iniciais...
[09/09/2026 16:52:08] INSERT OK - NUSEQ 29144224 | NUPROCESSOEXTERNO 0006484-10.2020.8.26.0041
[09/09/2026 16:52:09] INSERT OK - NUSEQ 29143790 | NUPROCESSOEXTERNO 0018666-86.2024.8.26.0041
[09/09/2026 16:52:10] Todos os inserts iniciais executados.
[09/09/2026 16:52:10] Reprocessando NUSEQ 29144224 | NUPROCESSOEXTERNO 0006484-10.2020.8.26.0041
[09/09/2026 16:52:10] Reprocessando NUSEQ 29143790 | NUPROCESSOEXTERNO 0018666-86.2024.8.26.0041
[09/09/2026 16:52:11] Reprocessamento inicial iniciado.
[09/09/2026 16:52:11] NUSEQ 29143790 | NUPROCESSOEXTERNO 0018666-86.2024.8.26.0041 STATUS 177
[09/09/2026 16:52:11] NUSEQ 29144224 | NUPROCESSOEXTERNO 0006484-10.2020.8.26.0041 STATUS 177
[09/09/2026 16:52:22] NUSEQ 29143790 | NUPROCESSOEXTERNO 0018666-86.2024.8.26.0041 STATUS 161
[09/09/2026 16:52:29] SUCESSO: NUSEQ 29143790 | NUPROCESSOEXTERNO 0018666-86.2024.8.26.0041 -> ID 2R000000HHDC6 atualizado para grupo 39
[09/09/2026 16:52:29] NUSEQ 29144224 | NUPROCESSOEXTERNO 0006484-10.2020.8.26.0041 STATUS 177
[09/09/2026 16:52:44] NUSEQ 29144224 | NUPROCESSOEXTERNO 0006484-10.2020.8.26.0041 STATUS 161
[09/09/2026 16:53:12] SUCESSO: NUSEQ 29144224 | NUPROCESSOEXTERNO 0006484-10.2020.8.26.0041 -> ID 2R000000HHDO8 atualizado para grupo 39
[09/09/2026 16:53:12] ============================================================
[09/09/2026 16:53:12] PROCESSAMENTO FINALIZADO
[09/09/2026 16:53:12] Total: 2
[09/09/2026 16:53:12] Sucesso: 2
[09/09/2026 16:53:12] Pendentes: 0
[09/09/2026 16:53:12] Nenhum pendente encontrado.
[09/09/2026 16:53:12] Próxima execução automática agendada para daqui 30 minutos.
[09/09/2026 17:23:12] Iniciando execução automática agendada.
[09/09/2026 17:23:21] Iniciando processo
[09/09/2026 17:23:22] 2 registros encontrados
[09/09/2026 17:23:22] Registros que serão alterados:
[09/09/2026 17:23:22] NUSEQ 29147613 | NUPROCESSOEXTERNO 0002868-19.2026.8.26.0008
[09/09/2026 17:23:22] NUSEQ 29146945 | NUPROCESSOEXTERNO 1000827-92.2023.8.26.0032
[09/09/2026 17:23:22] Executando inserts iniciais...
[09/09/2026 17:23:22] INSERT OK - NUSEQ 29147613 | NUPROCESSOEXTERNO 0002868-19.2026.8.26.0008
[09/09/2026 17:23:23] INSERT OK - NUSEQ 29146945 | NUPROCESSOEXTERNO 1000827-92.2023.8.26.0032
[09/09/2026 17:23:23] Todos os inserts iniciais executados.
[09/09/2026 17:23:23] Reprocessando NUSEQ 29147613 | NUPROCESSOEXTERNO 0002868-19.2026.8.26.0008
[09/09/2026 17:23:24] Reprocessando NUSEQ 29146945 | NUPROCESSOEXTERNO 1000827-92.2023.8.26.0032
[09/09/2026 17:23:25] Reprocessamento inicial iniciado.
[09/09/2026 17:23:26] NUSEQ 29146945 | NUPROCESSOEXTERNO 1000827-92.2023.8.26.0032 STATUS 177
[09/09/2026 17:23:26] NUSEQ 29147613 | NUPROCESSOEXTERNO 0002868-19.2026.8.26.0008 STATUS 177
[09/09/2026 17:23:36] NUSEQ 29146945 | NUPROCESSOEXTERNO 1000827-92.2023.8.26.0032 STATUS 161
[09/09/2026 17:23:37] SUCESSO: NUSEQ 29146945 | NUPROCESSOEXTERNO 1000827-92.2023.8.26.0032 -> ID 2R000000HHFY2 atualizado para grupo 39
[09/09/2026 17:23:37] NUSEQ 29147613 | NUPROCESSOEXTERNO 0002868-19.2026.8.26.0008 STATUS 161
[09/09/2026 17:23:37] SUCESSO: NUSEQ 29147613 | NUPROCESSOEXTERNO 0002868-19.2026.8.26.0008 -> ID 2R000000HHGGM atualizado para grupo 39
[09/09/2026 17:23:37] ============================================================
[09/09/2026 17:23:37] PROCESSAMENTO FINALIZADO
[09/09/2026 17:23:37] Total: 2
[09/09/2026 17:23:37] Sucesso: 2
[09/09/2026 17:23:37] Pendentes: 0
[09/09/2026 17:23:37] Nenhum pendente encontrado.
[09/09/2026 17:23:38] Próxima execução automática agendada para daqui 30 minutos.
[09/09/2026 17:53:38] Iniciando execução automática agendada.
[09/09/2026 17:53:45] Iniciando processo
[09/09/2026 17:53:45] Nenhum registro encontrado.
[09/09/2026 17:53:45] Próxima execução automática agendada para daqui 30 minutos.
[09/09/2026 18:23:45] Iniciando execução automática agendada.
[09/09/2026 18:23:52] Iniciando processo
[09/09/2026 18:23:53] Nenhum registro encontrado.
[09/09/2026 18:23:53] Próxima execução automática agendada para daqui 30 minutos.
[09/09/2026 18:53:53] Iniciando execução automática agendada.
[09/09/2026 18:54:00] Iniciando processo
[09/09/2026 18:54:00] Nenhum registro encontrado.
[09/09/2026 18:54:00] Próxima execução automática agendada para daqui 30 minutos.
[09/09/2026 19:24:00] Iniciando execução automática agendada.
[09/09/2026 19:24:22] Falha ao conectar ao banco (sigsp).
[09/09/2026 19:24:22] Próxima execução automática agendada para daqui 30 minutos.
[09/09/2026 19:54:22] Iniciando execução automática agendada.
[09/09/2026 19:54:29] Iniciando processo
[09/09/2026 19:54:30] Nenhum registro encontrado.
[09/09/2026 19:54:30] Próxima execução automática agendada para daqui 30 minutos.
[09/09/2026 20:24:30] Iniciando execução automática agendada.
[09/09/2026 20:24:35] Iniciando processo
[09/09/2026 20:24:36] Nenhum registro encontrado.
[09/09/2026 20:24:37] Próxima execução automática agendada para daqui 30 minutos.
[09/09/2026 20:54:37] Iniciando execução automática agendada.
[09/09/2026 20:54:41] Iniciando processo
[09/09/2026 20:54:42] Nenhum registro encontrado.
[09/09/2026 20:54:42] Próxima execução automática agendada para daqui 30 minutos.
[09/09/2026 21:24:42] Iniciando execução automática agendada.
[09/09/2026 21:24:48] Iniciando processo
[09/09/2026 21:24:48] 1 registros encontrados
[09/09/2026 21:24:48] Registros que serão alterados:
[09/09/2026 21:24:48] NUSEQ 29152902 | NUPROCESSOEXTERNO 1501947-35.2025.8.26.0197
[09/09/2026 21:24:48] Executando inserts iniciais...
[09/09/2026 21:24:50] INSERT OK - NUSEQ 29152902 | NUPROCESSOEXTERNO 1501947-35.2025.8.26.0197
[09/09/2026 21:24:50] Todos os inserts iniciais executados.
[09/09/2026 21:24:50] Reprocessando NUSEQ 29152902 | NUPROCESSOEXTERNO 1501947-35.2025.8.26.0197
[09/09/2026 21:24:51] Reprocessamento inicial iniciado.
[09/09/2026 21:24:53] NUSEQ 29152902 | NUPROCESSOEXTERNO 1501947-35.2025.8.26.0197 STATUS 177
[09/09/2026 21:25:03] NUSEQ 29152902 | NUPROCESSOEXTERNO 1501947-35.2025.8.26.0197 STATUS 161
[09/09/2026 21:25:04] SUCESSO: NUSEQ 29152902 | NUPROCESSOEXTERNO 1501947-35.2025.8.26.0197 -> ID 2R000000HHKSX atualizado para grupo 39
[09/09/2026 21:25:04] ============================================================
[09/09/2026 21:25:04] PROCESSAMENTO FINALIZADO
[09/09/2026 21:25:04] Total: 1
[09/09/2026 21:25:04] Sucesso: 1
[09/09/2026 21:25:04] Pendentes: 0
[09/09/2026 21:25:04] Nenhum pendente encontrado.
[09/09/2026 21:25:04] Próxima execução automática agendada para daqui 30 minutos.
[09/09/2026 21:55:04] Iniciando execução automática agendada.
[09/09/2026 21:55:16] Iniciando processo
[09/09/2026 21:55:18] Nenhum registro encontrado.
[09/09/2026 21:55:18] Próxima execução automática agendada para daqui 30 minutos.
[09/09/2026 22:25:18] Iniciando execução automática agendada.
[09/09/2026 22:25:39] Falha ao conectar ao banco (sigsp).
[09/09/2026 22:25:39] Próxima execução automática agendada para daqui 30 minutos.
[09/09/2026 22:55:39] Iniciando execução automática agendada.
[09/09/2026 22:56:00] Falha ao conectar ao banco (sigsp).
[09/09/2026 22:56:00] Próxima execução automática agendada para daqui 30 minutos.
[09/09/2026 23:26:00] Iniciando execução automática agendada.
[09/09/2026 23:26:12] Iniciando processo
[09/09/2026 23:26:15] Nenhum registro encontrado.
[09/09/2026 23:26:15] Próxima execução automática agendada para daqui 30 minutos.
[09/09/2026 23:56:15] Iniciando execução automática agendada.
[09/09/2026 23:56:25] Iniciando processo
[09/09/2026 23:56:26] Nenhum registro encontrado.
[09/09/2026 23:56:26] Próxima execução automática agendada para daqui 30 minutos.
