[05/09/2026 00:21:15] Iniciando execução automática agendada.
[05/09/2026 00:21:19] Iniciando processo
[05/09/2026 00:21:21] Nenhum registro encontrado.
[05/09/2026 00:21:21] Próxima execução automática agendada para daqui 30 minutos.
[05/09/2026 00:51:21] Iniciando execução automática agendada.
[05/09/2026 00:51:26] Iniciando processo
[05/09/2026 00:51:26] Nenhum registro encontrado.
[05/09/2026 00:51:26] Próxima execução automática agendada para daqui 30 minutos.
[05/09/2026 01:21:26] Iniciando execução automática agendada.
[05/09/2026 01:21:31] Iniciando processo
[05/09/2026 01:22:10] Nenhum registro encontrado.
[05/09/2026 01:22:10] Próxima execução automática agendada para daqui 30 minutos.
[05/09/2026 01:52:10] Iniciando execução automática agendada.
[05/09/2026 01:52:15] Iniciando processo
[05/09/2026 01:52:19] Nenhum registro encontrado.
[05/09/2026 01:52:19] Próxima execução automática agendada para daqui 30 minutos.
[05/09/2026 02:22:19] Iniciando execução automática agendada.
[05/09/2026 02:22:23] Iniciando processo
[05/09/2026 02:22:23] Nenhum registro encontrado.
[05/09/2026 02:22:23] Próxima execução automática agendada para daqui 30 minutos.
[05/09/2026 02:52:23] Iniciando execução automática agendada.
[05/09/2026 02:52:27] Iniciando processo
[05/09/2026 02:52:28] Nenhum registro encontrado.
[05/09/2026 02:52:28] Próxima execução automática agendada para daqui 30 minutos.
[05/09/2026 03:22:28] Iniciando execução automática agendada.
[05/09/2026 03:22:32] Iniciando processo
[05/09/2026 03:22:32] Nenhum registro encontrado.
[05/09/2026 03:22:32] Próxima execução automática agendada para daqui 30 minutos.
[05/09/2026 03:52:32] Iniciando execução automática agendada.
[05/09/2026 03:52:39] Iniciando processo
[05/09/2026 03:52:39] Nenhum registro encontrado.
[05/09/2026 03:52:39] Próxima execução automática agendada para daqui 30 minutos.
[05/09/2026 04:22:39] Iniciando execução automática agendada.
[05/09/2026 04:22:43] Iniciando processo
[05/09/2026 04:22:44] Nenhum registro encontrado.
[05/09/2026 04:22:44] Próxima execução automática agendada para daqui 30 minutos.
[05/09/2026 04:52:44] Iniciando execução automática agendada.
[05/09/2026 04:52:49] Iniciando processo
[05/09/2026 04:52:49] Nenhum registro encontrado.
[05/09/2026 04:52:49] Próxima execução automática agendada para daqui 30 minutos.
[05/09/2026 05:22:49] Iniciando execução automática agendada.
[05/09/2026 05:22:54] Iniciando processo
[05/09/2026 05:22:54] Nenhum registro encontrado.
[05/09/2026 05:22:54] Próxima execução automática agendada para daqui 30 minutos.
[05/09/2026 05:52:54] Iniciando execução automática agendada.
[05/09/2026 05:52:59] Iniciando processo
[05/09/2026 05:52:59] Nenhum registro encontrado.
[05/09/2026 05:52:59] Próxima execução automática agendada para daqui 30 minutos.
[05/09/2026 06:22:59] Iniciando execução automática agendada.
[05/09/2026 06:23:03] Iniciando processo
[05/09/2026 06:23:03] Nenhum registro encontrado.
[05/09/2026 06:23:04] Próxima execução automática agendada para daqui 30 minutos.
[05/09/2026 06:53:04] Iniciando execução automática agendada.
[05/09/2026 06:53:07] Iniciando processo
[05/09/2026 06:53:08] Nenhum registro encontrado.
[05/09/2026 06:53:08] Próxima execução automática agendada para daqui 30 minutos.
[05/09/2026 07:23:08] Iniciando execução automática agendada.
[05/09/2026 07:23:13] Iniciando processo
[05/09/2026 07:23:14] Nenhum registro encontrado.
[05/09/2026 07:23:14] Próxima execução automática agendada para daqui 30 minutos.
[05/09/2026 07:53:14] Iniciando execução automática agendada.
[05/09/2026 07:53:18] Iniciando processo
[05/09/2026 07:53:19] Nenhum registro encontrado.
[05/09/2026 07:53:19] Próxima execução automática agendada para daqui 30 minutos.
[05/09/2026 08:23:19] Iniciando execução automática agendada.
[05/09/2026 08:23:24] Iniciando processo
[05/09/2026 08:23:25] Nenhum registro encontrado.
[05/09/2026 08:23:25] Próxima execução automática agendada para daqui 30 minutos.
[05/09/2026 08:53:25] Iniciando execução automática agendada.
[05/09/2026 08:53:29] Iniciando processo
[05/09/2026 08:53:29] Nenhum registro encontrado.
[05/09/2026 08:53:30] Próxima execução automática agendada para daqui 30 minutos.
[05/09/2026 09:23:30] Iniciando execução automática agendada.
[05/09/2026 09:23:34] Iniciando processo
[05/09/2026 09:23:34] Nenhum registro encontrado.
[05/09/2026 09:23:34] Próxima execução automática agendada para daqui 30 minutos.
[05/09/2026 09:53:34] Iniciando execução automática agendada.
[05/09/2026 09:53:39] Iniciando processo
[05/09/2026 09:53:40] Nenhum registro encontrado.
[05/09/2026 09:53:40] Próxima execução automática agendada para daqui 30 minutos.
[05/09/2026 10:23:40] Iniciando execução automática agendada.
[05/09/2026 10:23:43] Iniciando processo
[05/09/2026 10:23:44] Nenhum registro encontrado.
[05/09/2026 10:23:44] Próxima execução automática agendada para daqui 30 minutos.
[05/09/2026 10:53:44] Iniciando execução automática agendada.
[05/09/2026 10:53:47] Iniciando processo
[05/09/2026 10:53:48] Nenhum registro encontrado.
[05/09/2026 10:53:48] Próxima execução automática agendada para daqui 30 minutos.
[05/09/2026 11:23:48] Iniciando execução automática agendada.
[05/09/2026 11:23:53] Iniciando processo
[05/09/2026 11:23:53] Nenhum registro encontrado.
[05/09/2026 11:23:53] Próxima execução automática agendada para daqui 30 minutos.
[05/09/2026 11:53:53] Iniciando execução automática agendada.
[05/09/2026 11:53:58] Iniciando processo
[05/09/2026 11:53:58] Nenhum registro encontrado.
[05/09/2026 11:53:58] Próxima execução automática agendada para daqui 30 minutos.
[05/09/2026 12:23:58] Iniciando execução automática agendada.
[05/09/2026 12:24:03] Iniciando processo
[05/09/2026 12:24:04] Nenhum registro encontrado.
[05/09/2026 12:24:04] Próxima execução automática agendada para daqui 30 minutos.
[05/09/2026 12:54:04] Iniciando execução automática agendada.
[05/09/2026 12:54:08] Iniciando processo
[05/09/2026 12:54:08] Nenhum registro encontrado.
[05/09/2026 12:54:08] Próxima execução automática agendada para daqui 30 minutos.
[05/09/2026 13:24:08] Iniciando execução automática agendada.
[05/09/2026 13:24:30] Iniciando processo
[05/09/2026 13:24:34] Nenhum registro encontrado.
[05/09/2026 13:24:34] Próxima execução automática agendada para daqui 30 minutos.
[05/09/2026 13:54:34] Iniciando execução automática agendada.
[05/09/2026 13:54:44] Iniciando processo
[05/09/2026 13:54:45] Nenhum registro encontrado.
[05/09/2026 13:54:45] Próxima execução automática agendada para daqui 30 minutos.
[05/09/2026 14:24:45] Iniciando execução automática agendada.
[05/09/2026 14:24:53] Iniciando processo
[05/09/2026 14:24:53] Nenhum registro encontrado.
[05/09/2026 14:24:54] Próxima execução automática agendada para daqui 30 minutos.
[05/09/2026 14:54:54] Iniciando execução automática agendada.
[05/09/2026 14:55:01] Iniciando processo
[05/09/2026 14:55:02] Nenhum registro encontrado.
[05/09/2026 14:55:02] Próxima execução automática agendada para daqui 30 minutos.
[05/09/2026 15:25:02] Iniciando execução automática agendada.
[05/09/2026 15:25:11] Iniciando processo
[05/09/2026 15:25:12] Nenhum registro encontrado.
[05/09/2026 15:25:12] Próxima execução automática agendada para daqui 30 minutos.
[05/09/2026 15:59:39] Iniciando execução automática agendada.
[05/09/2026 16:00:02] Falha ao conectar ao banco (sigsp).
[05/09/2026 16:00:02] Próxima execução automática agendada para daqui 30 minutos.
[05/09/2026 16:44:12] Iniciando execução automática agendada.
[05/09/2026 16:44:15] Falha ao conectar ao banco (sigsp).
[05/09/2026 16:44:15] Próxima execução automática agendada para daqui 30 minutos.
[05/09/2026 17:14:15] Iniciando execução automática agendada.
[05/09/2026 17:14:23] Iniciando processo
[05/09/2026 17:14:23] Nenhum registro encontrado.
[05/09/2026 17:14:23] Próxima execução automática agendada para daqui 30 minutos.
[05/09/2026 17:44:23] Iniciando execução automática agendada.
[05/09/2026 17:44:33] Iniciando processo
[05/09/2026 17:44:34] Nenhum registro encontrado.
[05/09/2026 17:44:34] Próxima execução automática agendada para daqui 30 minutos.
[05/09/2026 18:14:34] Iniciando execução automática agendada.
[05/09/2026 18:14:40] Iniciando processo
[05/09/2026 18:14:41] Nenhum registro encontrado.
[05/09/2026 18:14:41] Próxima execução automática agendada para daqui 30 minutos.
[05/09/2026 18:44:41] Iniciando execução automática agendada.
[05/09/2026 18:44:49] Iniciando processo
[05/09/2026 18:44:49] Nenhum registro encontrado.
[05/09/2026 18:44:49] Próxima execução automática agendada para daqui 30 minutos.
[05/09/2026 19:14:49] Iniciando execução automática agendada.
[05/09/2026 19:14:56] Iniciando processo
[05/09/2026 19:14:57] Nenhum registro encontrado.
[05/09/2026 19:14:57] Próxima execução automática agendada para daqui 30 minutos.
[05/09/2026 19:44:57] Iniciando execução automática agendada.
[05/09/2026 19:45:04] Iniciando processo
[05/09/2026 19:45:05] Nenhum registro encontrado.
[05/09/2026 19:45:05] Próxima execução automática agendada para daqui 30 minutos.
[05/09/2026 20:15:05] Iniciando execução automática agendada.
[05/09/2026 20:15:13] Iniciando processo
[05/09/2026 20:15:13] Nenhum registro encontrado.
[05/09/2026 20:15:14] Próxima execução automática agendada para daqui 30 minutos.
[05/09/2026 20:45:14] Iniciando execução automática agendada.
[05/09/2026 20:45:21] Iniciando processo
[05/09/2026 20:45:21] Nenhum registro encontrado.
[05/09/2026 20:45:21] Próxima execução automática agendada para daqui 30 minutos.
[05/09/2026 21:15:21] Iniciando execução automática agendada.
[05/09/2026 21:15:30] Iniciando processo
[05/09/2026 21:15:30] Nenhum registro encontrado.
[05/09/2026 21:15:30] Próxima execução automática agendada para daqui 30 minutos.
[05/09/2026 21:45:30] Iniciando execução automática agendada.
[05/09/2026 21:45:37] Iniciando processo
[05/09/2026 21:45:37] Nenhum registro encontrado.
[05/09/2026 21:45:38] Próxima execução automática agendada para daqui 30 minutos.
[05/09/2026 22:15:38] Iniciando execução automática agendada.
[05/09/2026 22:15:46] Iniciando processo
[05/09/2026 22:15:46] Nenhum registro encontrado.
[05/09/2026 22:15:46] Próxima execução automática agendada para daqui 30 minutos.
[05/09/2026 22:45:46] Iniciando execução automática agendada.
[05/09/2026 22:46:07] Falha ao conectar ao banco (sigsp).
[05/09/2026 22:46:07] Próxima execução automática agendada para daqui 30 minutos.
[05/09/2026 23:16:07] Iniciando execução automática agendada.
[05/09/2026 23:16:07] Falha ao conectar ao banco (sigsp).
[05/09/2026 23:16:07] Próxima execução automática agendada para daqui 30 minutos.
[05/09/2026 23:46:07] Iniciando execução automática agendada.
[05/09/2026 23:46:19] Iniciando processo
[05/09/2026 23:46:20] Nenhum registro encontrado.
[05/09/2026 23:46:20] Próxima execução automática agendada para daqui 30 minutos.
