[29/08/2026 00:27:15] Iniciando execução automática agendada.
[29/08/2026 00:27:20] Iniciando processo
[29/08/2026 00:27:35] Nenhum registro encontrado.
[29/08/2026 00:27:35] Próxima execução automática agendada para daqui 30 minutos.
[29/08/2026 00:57:35] Iniciando execução automática agendada.
[29/08/2026 00:57:39] Iniciando processo
[29/08/2026 00:57:39] Nenhum registro encontrado.
[29/08/2026 00:57:40] Próxima execução automática agendada para daqui 30 minutos.
[29/08/2026 01:27:40] Iniciando execução automática agendada.
[29/08/2026 01:27:46] Iniciando processo
[29/08/2026 01:27:54] Nenhum registro encontrado.
[29/08/2026 01:27:54] Próxima execução automática agendada para daqui 30 minutos.
[29/08/2026 01:57:54] Iniciando execução automática agendada.
[29/08/2026 01:58:01] Iniciando processo
[29/08/2026 01:58:01] Nenhum registro encontrado.
[29/08/2026 01:58:02] Próxima execução automática agendada para daqui 30 minutos.
[29/08/2026 02:28:02] Iniciando execução automática agendada.
[29/08/2026 02:28:08] Iniciando processo
[29/08/2026 02:28:08] Nenhum registro encontrado.
[29/08/2026 02:28:08] Próxima execução automática agendada para daqui 30 minutos.
[29/08/2026 02:58:08] Iniciando execução automática agendada.
[29/08/2026 02:58:13] Iniciando processo
[29/08/2026 02:58:13] Nenhum registro encontrado.
[29/08/2026 02:58:13] Próxima execução automática agendada para daqui 30 minutos.
[29/08/2026 03:28:13] Iniciando execução automática agendada.
[29/08/2026 03:28:20] Iniciando processo
[29/08/2026 03:28:20] Nenhum registro encontrado.
[29/08/2026 03:28:20] Próxima execução automática agendada para daqui 30 minutos.
[29/08/2026 03:58:20] Iniciando execução automática agendada.
[29/08/2026 03:58:28] Iniciando processo
[29/08/2026 03:58:28] Nenhum registro encontrado.
[29/08/2026 03:58:28] Próxima execução automática agendada para daqui 30 minutos.
[29/08/2026 04:28:28] Iniciando execução automática agendada.
[29/08/2026 04:28:33] Iniciando processo
[29/08/2026 04:28:34] Nenhum registro encontrado.
[29/08/2026 04:28:34] Próxima execução automática agendada para daqui 30 minutos.
[29/08/2026 04:58:34] Iniciando execução automática agendada.
[29/08/2026 04:58:39] Iniciando processo
[29/08/2026 04:58:39] Nenhum registro encontrado.
[29/08/2026 04:58:39] Próxima execução automática agendada para daqui 30 minutos.
[29/08/2026 05:28:39] Iniciando execução automática agendada.
[29/08/2026 05:28:43] Iniciando processo
[29/08/2026 05:28:43] Nenhum registro encontrado.
[29/08/2026 05:28:43] Próxima execução automática agendada para daqui 30 minutos.
[29/08/2026 05:58:43] Iniciando execução automática agendada.
[29/08/2026 05:59:05] Falha ao conectar ao banco (sigsp).
[29/08/2026 05:59:05] Próxima execução automática agendada para daqui 30 minutos.
[29/08/2026 06:29:05] Iniciando execução automática agendada.
[29/08/2026 06:29:26] Falha ao conectar ao banco (sigsp).
[29/08/2026 06:29:26] Próxima execução automática agendada para daqui 30 minutos.
[29/08/2026 06:59:26] Iniciando execução automática agendada.
[29/08/2026 06:59:47] Falha ao conectar ao banco (sigsp).
[29/08/2026 06:59:47] Próxima execução automática agendada para daqui 30 minutos.
[29/08/2026 07:29:47] Iniciando execução automática agendada.
[29/08/2026 07:30:08] Falha ao conectar ao banco (sigsp).
[29/08/2026 07:30:08] Próxima execução automática agendada para daqui 30 minutos.
[29/08/2026 08:00:08] Iniciando execução automática agendada.
[29/08/2026 08:00:29] Falha ao conectar ao banco (sigsp).
[29/08/2026 08:00:29] Próxima execução automática agendada para daqui 30 minutos.
[29/08/2026 08:30:29] Iniciando execução automática agendada.
[29/08/2026 08:30:50] Falha ao conectar ao banco (sigsp).
[29/08/2026 08:30:50] Próxima execução automática agendada para daqui 30 minutos.
[29/08/2026 09:00:50] Iniciando execução automática agendada.
[29/08/2026 09:01:11] Falha ao conectar ao banco (sigsp).
[29/08/2026 09:01:11] Próxima execução automática agendada para daqui 30 minutos.
[29/08/2026 09:31:11] Iniciando execução automática agendada.
[29/08/2026 09:31:17] Iniciando processo
[29/08/2026 09:31:21] Nenhum registro encontrado.
[29/08/2026 09:31:21] Próxima execução automática agendada para daqui 30 minutos.
[29/08/2026 10:01:21] Iniciando execução automática agendada.
[29/08/2026 10:01:25] Iniciando processo
[29/08/2026 10:01:27] Nenhum registro encontrado.
[29/08/2026 10:01:28] Próxima execução automática agendada para daqui 30 minutos.
[29/08/2026 10:31:28] Iniciando execução automática agendada.
[29/08/2026 10:31:32] Iniciando processo
[29/08/2026 10:31:35] Nenhum registro encontrado.
[29/08/2026 10:31:35] Próxima execução automática agendada para daqui 30 minutos.
[29/08/2026 11:01:35] Iniciando execução automática agendada.
[29/08/2026 11:01:39] Iniciando processo
[29/08/2026 11:01:53] Nenhum registro encontrado.
[29/08/2026 11:01:53] Próxima execução automática agendada para daqui 30 minutos.
[29/08/2026 11:31:53] Iniciando execução automática agendada.
[29/08/2026 11:31:59] Iniciando processo
[29/08/2026 11:32:02] Nenhum registro encontrado.
[29/08/2026 11:32:02] Próxima execução automática agendada para daqui 30 minutos.
[29/08/2026 12:02:02] Iniciando execução automática agendada.
[29/08/2026 12:02:11] Iniciando processo
[29/08/2026 12:02:34] Nenhum registro encontrado.
[29/08/2026 12:02:34] Próxima execução automática agendada para daqui 30 minutos.
[29/08/2026 12:32:34] Iniciando execução automática agendada.
[29/08/2026 12:32:39] Iniciando processo
[29/08/2026 12:32:41] Nenhum registro encontrado.
[29/08/2026 12:32:41] Próxima execução automática agendada para daqui 30 minutos.
[29/08/2026 13:02:41] Iniciando execução automática agendada.
[29/08/2026 13:02:45] Iniciando processo
[29/08/2026 13:02:47] Nenhum registro encontrado.
[29/08/2026 13:02:47] Próxima execução automática agendada para daqui 30 minutos.
[29/08/2026 13:32:47] Iniciando execução automática agendada.
[29/08/2026 13:32:51] Iniciando processo
[29/08/2026 13:32:52] Nenhum registro encontrado.
[29/08/2026 13:32:52] Próxima execução automática agendada para daqui 30 minutos.
[29/08/2026 14:02:52] Iniciando execução automática agendada.
[29/08/2026 14:02:56] Iniciando processo
[29/08/2026 14:02:58] Nenhum registro encontrado.
[29/08/2026 14:02:58] Próxima execução automática agendada para daqui 30 minutos.
[29/08/2026 14:32:58] Iniciando execução automática agendada.
[29/08/2026 14:33:03] Iniciando processo
[29/08/2026 14:33:04] Nenhum registro encontrado.
[29/08/2026 14:33:04] Próxima execução automática agendada para daqui 30 minutos.
[29/08/2026 15:03:04] Iniciando execução automática agendada.
[29/08/2026 15:03:08] Iniciando processo
[29/08/2026 15:03:11] Nenhum registro encontrado.
[29/08/2026 15:03:11] Próxima execução automática agendada para daqui 30 minutos.
[29/08/2026 15:33:11] Iniciando execução automática agendada.
[29/08/2026 15:33:15] Iniciando processo
[29/08/2026 15:33:16] Nenhum registro encontrado.
[29/08/2026 15:33:16] Próxima execução automática agendada para daqui 30 minutos.
[29/08/2026 16:03:16] Iniciando execução automática agendada.
[29/08/2026 16:03:34] Iniciando processo
[29/08/2026 16:03:36] Nenhum registro encontrado.
[29/08/2026 16:03:36] Próxima execução automática agendada para daqui 30 minutos.
[29/08/2026 16:33:36] Iniciando execução automática agendada.
[29/08/2026 16:33:41] Iniciando processo
[29/08/2026 16:33:41] Nenhum registro encontrado.
[29/08/2026 16:33:41] Próxima execução automática agendada para daqui 30 minutos.
[29/08/2026 17:03:41] Iniciando execução automática agendada.
[29/08/2026 17:03:45] Iniciando processo
[29/08/2026 17:03:45] Nenhum registro encontrado.
[29/08/2026 17:03:45] Próxima execução automática agendada para daqui 30 minutos.
[29/08/2026 17:33:45] Iniciando execução automática agendada.
[29/08/2026 17:33:50] Iniciando processo
[29/08/2026 17:33:50] Nenhum registro encontrado.
[29/08/2026 17:33:50] Próxima execução automática agendada para daqui 30 minutos.
[29/08/2026 18:03:50] Iniciando execução automática agendada.
[29/08/2026 18:03:54] Iniciando processo
[29/08/2026 18:03:54] Nenhum registro encontrado.
[29/08/2026 18:03:54] Próxima execução automática agendada para daqui 30 minutos.
[29/08/2026 18:33:54] Iniciando execução automática agendada.
[29/08/2026 18:33:58] Iniciando processo
[29/08/2026 18:33:59] Nenhum registro encontrado.
[29/08/2026 18:33:59] Próxima execução automática agendada para daqui 30 minutos.
[29/08/2026 19:03:59] Iniciando execução automática agendada.
[29/08/2026 19:04:03] Iniciando processo
[29/08/2026 19:04:04] Nenhum registro encontrado.
[29/08/2026 19:04:04] Próxima execução automática agendada para daqui 30 minutos.
[29/08/2026 19:34:04] Iniciando execução automática agendada.
[29/08/2026 19:34:08] Iniciando processo
[29/08/2026 19:34:09] Nenhum registro encontrado.
[29/08/2026 19:34:09] Próxima execução automática agendada para daqui 30 minutos.
[29/08/2026 20:04:09] Iniciando execução automática agendada.
[29/08/2026 20:04:34] Iniciando processo
[29/08/2026 20:04:39] Nenhum registro encontrado.
[29/08/2026 20:04:39] Próxima execução automática agendada para daqui 30 minutos.
[29/08/2026 20:34:39] Iniciando execução automática agendada.
[29/08/2026 20:34:44] Iniciando processo
[29/08/2026 20:34:44] Nenhum registro encontrado.
[29/08/2026 20:34:45] Próxima execução automática agendada para daqui 30 minutos.
[29/08/2026 21:04:45] Iniciando execução automática agendada.
[29/08/2026 21:04:48] Iniciando processo
[29/08/2026 21:04:49] Nenhum registro encontrado.
[29/08/2026 21:04:49] Próxima execução automática agendada para daqui 30 minutos.
[29/08/2026 21:34:49] Iniciando execução automática agendada.
[29/08/2026 21:34:53] Iniciando processo
[29/08/2026 21:34:53] Nenhum registro encontrado.
[29/08/2026 21:34:54] Próxima execução automática agendada para daqui 30 minutos.
[29/08/2026 22:04:54] Iniciando execução automática agendada.
[29/08/2026 22:04:58] Iniciando processo
[29/08/2026 22:04:58] Nenhum registro encontrado.
[29/08/2026 22:04:58] Próxima execução automática agendada para daqui 30 minutos.
[29/08/2026 22:34:58] Iniciando execução automática agendada.
[29/08/2026 22:35:02] Iniciando processo
[29/08/2026 22:35:03] Nenhum registro encontrado.
[29/08/2026 22:35:03] Próxima execução automática agendada para daqui 30 minutos.
[29/08/2026 23:05:03] Iniciando execução automática agendada.
[29/08/2026 23:05:07] Iniciando processo
[29/08/2026 23:05:07] Nenhum registro encontrado.
[29/08/2026 23:05:07] Próxima execução automática agendada para daqui 30 minutos.
[29/08/2026 23:35:07] Iniciando execução automática agendada.
[29/08/2026 23:35:13] Iniciando processo
[29/08/2026 23:35:13] Nenhum registro encontrado.
[29/08/2026 23:35:13] Próxima execução automática agendada para daqui 30 minutos.
