[08/09/2026 08:31:49] Iniciando execução automática agendada.
[08/09/2026 08:32:14] Falha ao conectar ao banco (sigsp).
[08/09/2026 08:32:14] Próxima execução automática agendada para daqui 30 minutos.
[08/09/2026 09:02:14] Iniciando execução automática agendada.
[08/09/2026 09:02:19] Iniciando processo
[08/09/2026 09:02:20] 3 registros encontrados
[08/09/2026 09:02:20] Registros que serão alterados:
[08/09/2026 09:02:20] NUSEQ 29047717 | NUPROCESSOEXTERNO 7001477-47.2017.8.26.0032
[08/09/2026 09:02:20] NUSEQ 29047943 | NUPROCESSOEXTERNO 1501533-82.2020.8.26.0077
[08/09/2026 09:02:20] NUSEQ 29049440 | NUPROCESSOEXTERNO 1549044-21.2024.8.26.0050
[08/09/2026 09:02:20] Executando inserts iniciais...
[08/09/2026 09:02:20] INSERT OK - NUSEQ 29047717 | NUPROCESSOEXTERNO 7001477-47.2017.8.26.0032
[08/09/2026 09:02:20] INSERT OK - NUSEQ 29047943 | NUPROCESSOEXTERNO 1501533-82.2020.8.26.0077
[08/09/2026 09:02:21] INSERT OK - NUSEQ 29049440 | NUPROCESSOEXTERNO 1549044-21.2024.8.26.0050
[08/09/2026 09:02:21] Todos os inserts iniciais executados.
[08/09/2026 09:02:21] Reprocessando NUSEQ 29047717 | NUPROCESSOEXTERNO 7001477-47.2017.8.26.0032
[08/09/2026 09:02:21] Reprocessando NUSEQ 29047943 | NUPROCESSOEXTERNO 1501533-82.2020.8.26.0077
[08/09/2026 09:02:21] Reprocessando NUSEQ 29049440 | NUPROCESSOEXTERNO 1549044-21.2024.8.26.0050
[08/09/2026 09:02:22] Reprocessamento inicial iniciado.
[08/09/2026 09:02:22] NUSEQ 29047717 | NUPROCESSOEXTERNO 7001477-47.2017.8.26.0032 STATUS 177
[08/09/2026 09:02:22] NUSEQ 29047943 | NUPROCESSOEXTERNO 1501533-82.2020.8.26.0077 STATUS 177
[08/09/2026 09:02:22] NUSEQ 29049440 | NUPROCESSOEXTERNO 1549044-21.2024.8.26.0050 STATUS 177
[08/09/2026 09:02:32] NUSEQ 29047717 | NUPROCESSOEXTERNO 7001477-47.2017.8.26.0032 STATUS 161
[08/09/2026 09:02:32] SUCESSO: NUSEQ 29047717 | NUPROCESSOEXTERNO 7001477-47.2017.8.26.0032 -> ID 2R000000HF887 atualizado para grupo 39
[08/09/2026 09:02:32] NUSEQ 29047943 | NUPROCESSOEXTERNO 1501533-82.2020.8.26.0077 STATUS 161
[08/09/2026 09:02:33] SUCESSO: NUSEQ 29047943 | NUPROCESSOEXTERNO 1501533-82.2020.8.26.0077 -> ID 2R000000HF8F4 atualizado para grupo 39
[08/09/2026 09:02:33] NUSEQ 29049440 | NUPROCESSOEXTERNO 1549044-21.2024.8.26.0050 STATUS 161
[08/09/2026 09:02:33] SUCESSO: NUSEQ 29049440 | NUPROCESSOEXTERNO 1549044-21.2024.8.26.0050 -> ID 2R000000HF9N7 atualizado para grupo 39
[08/09/2026 09:02:33] ============================================================
[08/09/2026 09:02:33] PROCESSAMENTO FINALIZADO
[08/09/2026 09:02:33] Total: 3
[08/09/2026 09:02:33] Sucesso: 3
[08/09/2026 09:02:33] Pendentes: 0
[08/09/2026 09:02:33] Nenhum pendente encontrado.
[08/09/2026 09:02:33] Próxima execução automática agendada para daqui 30 minutos.
[08/09/2026 09:32:33] Iniciando execução automática agendada.
[08/09/2026 09:32:37] Iniciando processo
[08/09/2026 09:32:38] 1 registros encontrados
[08/09/2026 09:32:38] Registros que serão alterados:
[08/09/2026 09:32:38] NUSEQ 29054417 | NUPROCESSOEXTERNO 0009838-96.2026.8.26.0602
[08/09/2026 09:32:38] Executando inserts iniciais...
[08/09/2026 09:32:38] INSERT OK - NUSEQ 29054417 | NUPROCESSOEXTERNO 0009838-96.2026.8.26.0602
[08/09/2026 09:32:38] Todos os inserts iniciais executados.
[08/09/2026 09:32:38] Reprocessando NUSEQ 29054417 | NUPROCESSOEXTERNO 0009838-96.2026.8.26.0602
[08/09/2026 09:32:38] Reprocessamento inicial iniciado.
[08/09/2026 09:32:39] NUSEQ 29054417 | NUPROCESSOEXTERNO 0009838-96.2026.8.26.0602 STATUS 177
[08/09/2026 09:32:49] NUSEQ 29054417 | NUPROCESSOEXTERNO 0009838-96.2026.8.26.0602 STATUS 177
[08/09/2026 09:33:00] NUSEQ 29054417 | NUPROCESSOEXTERNO 0009838-96.2026.8.26.0602 STATUS 177
[08/09/2026 09:33:10] NUSEQ 29054417 | NUPROCESSOEXTERNO 0009838-96.2026.8.26.0602 STATUS 177
[08/09/2026 09:33:20] NUSEQ 29054417 | NUPROCESSOEXTERNO 0009838-96.2026.8.26.0602 STATUS 161
[08/09/2026 09:33:20] SUCESSO: NUSEQ 29054417 | NUPROCESSOEXTERNO 0009838-96.2026.8.26.0602 -> ID 2R000000HFDJV atualizado para grupo 39
[08/09/2026 09:33:20] ============================================================
[08/09/2026 09:33:20] PROCESSAMENTO FINALIZADO
[08/09/2026 09:33:20] Total: 1
[08/09/2026 09:33:20] Sucesso: 1
[08/09/2026 09:33:20] Pendentes: 0
[08/09/2026 09:33:20] Nenhum pendente encontrado.
[08/09/2026 09:33:20] Próxima execução automática agendada para daqui 30 minutos.
[08/09/2026 10:03:20] Iniciando execução automática agendada.
[08/09/2026 10:03:25] Iniciando processo
[08/09/2026 10:03:26] 3 registros encontrados
[08/09/2026 10:03:26] Registros que serão alterados:
[08/09/2026 10:03:26] NUSEQ 29055343 | NUPROCESSOEXTERNO 1501443-35.2025.8.26.0001
[08/09/2026 10:03:26] NUSEQ 29057423 | NUPROCESSOEXTERNO 0002611-14.2026.8.26.0454
[08/09/2026 10:03:26] NUSEQ 29057833 | NUPROCESSOEXTERNO 1573895-90.2025.8.26.0050
[08/09/2026 10:03:26] Executando inserts iniciais...
[08/09/2026 10:03:26] INSERT OK - NUSEQ 29055343 | NUPROCESSOEXTERNO 1501443-35.2025.8.26.0001
[08/09/2026 10:03:27] INSERT OK - NUSEQ 29057423 | NUPROCESSOEXTERNO 0002611-14.2026.8.26.0454
[08/09/2026 10:03:27] INSERT OK - NUSEQ 29057833 | NUPROCESSOEXTERNO 1573895-90.2025.8.26.0050
[08/09/2026 10:03:28] Todos os inserts iniciais executados.
[08/09/2026 10:03:28] Reprocessando NUSEQ 29055343 | NUPROCESSOEXTERNO 1501443-35.2025.8.26.0001
[08/09/2026 10:03:28] Reprocessando NUSEQ 29057423 | NUPROCESSOEXTERNO 0002611-14.2026.8.26.0454
[08/09/2026 10:03:28] Reprocessando NUSEQ 29057833 | NUPROCESSOEXTERNO 1573895-90.2025.8.26.0050
[08/09/2026 10:03:28] Reprocessamento inicial iniciado.
[08/09/2026 10:03:29] NUSEQ 29055343 | NUPROCESSOEXTERNO 1501443-35.2025.8.26.0001 STATUS 177
[08/09/2026 10:03:29] NUSEQ 29057423 | NUPROCESSOEXTERNO 0002611-14.2026.8.26.0454 STATUS 177
[08/09/2026 10:03:29] NUSEQ 29057833 | NUPROCESSOEXTERNO 1573895-90.2025.8.26.0050 STATUS 177
[08/09/2026 10:03:39] NUSEQ 29055343 | NUPROCESSOEXTERNO 1501443-35.2025.8.26.0001 STATUS 177
[08/09/2026 10:03:39] NUSEQ 29057423 | NUPROCESSOEXTERNO 0002611-14.2026.8.26.0454 STATUS 177
[08/09/2026 10:03:39] NUSEQ 29057833 | NUPROCESSOEXTERNO 1573895-90.2025.8.26.0050 STATUS 177
[08/09/2026 10:03:49] NUSEQ 29055343 | NUPROCESSOEXTERNO 1501443-35.2025.8.26.0001 STATUS 177
[08/09/2026 10:03:49] NUSEQ 29057423 | NUPROCESSOEXTERNO 0002611-14.2026.8.26.0454 STATUS 177
[08/09/2026 10:03:49] NUSEQ 29057833 | NUPROCESSOEXTERNO 1573895-90.2025.8.26.0050 STATUS 177
[08/09/2026 10:03:59] NUSEQ 29055343 | NUPROCESSOEXTERNO 1501443-35.2025.8.26.0001 STATUS 161
[08/09/2026 10:03:59] SUCESSO: NUSEQ 29055343 | NUPROCESSOEXTERNO 1501443-35.2025.8.26.0001 -> ID 2R000000HFEB1 atualizado para grupo 39
[08/09/2026 10:03:59] NUSEQ 29057423 | NUPROCESSOEXTERNO 0002611-14.2026.8.26.0454 STATUS 161
[08/09/2026 10:04:00] SUCESSO: NUSEQ 29057423 | NUPROCESSOEXTERNO 0002611-14.2026.8.26.0454 -> ID 2R000000HFFXW atualizado para grupo 39
[08/09/2026 10:04:00] NUSEQ 29057833 | NUPROCESSOEXTERNO 1573895-90.2025.8.26.0050 STATUS 161
[08/09/2026 10:04:00] SUCESSO: NUSEQ 29057833 | NUPROCESSOEXTERNO 1573895-90.2025.8.26.0050 -> ID 2R000000HFG9A atualizado para grupo 39
[08/09/2026 10:04:00] ============================================================
[08/09/2026 10:04:00] PROCESSAMENTO FINALIZADO
[08/09/2026 10:04:00] Total: 3
[08/09/2026 10:04:00] Sucesso: 3
[08/09/2026 10:04:00] Pendentes: 0
[08/09/2026 10:04:00] Nenhum pendente encontrado.
[08/09/2026 10:04:00] Próxima execução automática agendada para daqui 30 minutos.
[08/09/2026 10:34:00] Iniciando execução automática agendada.
[08/09/2026 10:34:05] Iniciando processo
[08/09/2026 10:34:05] 1 registros encontrados
[08/09/2026 10:34:05] Registros que serão alterados:
[08/09/2026 10:34:05] NUSEQ 29061338 | NUPROCESSOEXTERNO 1544219-15.2026.8.26.0454
[08/09/2026 10:34:05] Executando inserts iniciais...
[08/09/2026 10:34:05] INSERT OK - NUSEQ 29061338 | NUPROCESSOEXTERNO 1544219-15.2026.8.26.0454
[08/09/2026 10:34:05] Todos os inserts iniciais executados.
[08/09/2026 10:34:05] Reprocessando NUSEQ 29061338 | NUPROCESSOEXTERNO 1544219-15.2026.8.26.0454
[08/09/2026 10:34:06] Reprocessamento inicial iniciado.
[08/09/2026 10:34:06] NUSEQ 29061338 | NUPROCESSOEXTERNO 1544219-15.2026.8.26.0454 STATUS 177
[08/09/2026 10:34:16] NUSEQ 29061338 | NUPROCESSOEXTERNO 1544219-15.2026.8.26.0454 STATUS 161
[08/09/2026 10:34:17] SUCESSO: NUSEQ 29061338 | NUPROCESSOEXTERNO 1544219-15.2026.8.26.0454 -> ID 2R000000HFIZU atualizado para grupo 39
[08/09/2026 10:34:17] ============================================================
[08/09/2026 10:34:17] PROCESSAMENTO FINALIZADO
[08/09/2026 10:34:17] Total: 1
[08/09/2026 10:34:17] Sucesso: 1
[08/09/2026 10:34:17] Pendentes: 0
[08/09/2026 10:34:17] Nenhum pendente encontrado.
[08/09/2026 10:34:17] Próxima execução automática agendada para daqui 30 minutos.
[08/09/2026 11:04:17] Iniciando execução automática agendada.
[08/09/2026 11:04:22] Iniciando processo
[08/09/2026 11:04:22] Nenhum registro encontrado.
[08/09/2026 11:04:22] Próxima execução automática agendada para daqui 30 minutos.
[08/09/2026 11:34:22] Iniciando execução automática agendada.
[08/09/2026 11:34:27] Iniciando processo
[08/09/2026 11:34:27] 1 registros encontrados
[08/09/2026 11:34:27] Registros que serão alterados:
[08/09/2026 11:34:27] NUSEQ 29066531 | NUPROCESSOEXTERNO 1529725-96.2026.8.26.0050
[08/09/2026 11:34:27] Executando inserts iniciais...
[08/09/2026 11:34:27] INSERT OK - NUSEQ 29066531 | NUPROCESSOEXTERNO 1529725-96.2026.8.26.0050
[08/09/2026 11:34:27] Todos os inserts iniciais executados.
[08/09/2026 11:34:27] Reprocessando NUSEQ 29066531 | NUPROCESSOEXTERNO 1529725-96.2026.8.26.0050
[08/09/2026 11:34:28] Reprocessamento inicial iniciado.
[08/09/2026 11:34:28] NUSEQ 29066531 | NUPROCESSOEXTERNO 1529725-96.2026.8.26.0050 STATUS 177
[08/09/2026 11:34:38] NUSEQ 29066531 | NUPROCESSOEXTERNO 1529725-96.2026.8.26.0050 STATUS 177
[08/09/2026 11:34:48] NUSEQ 29066531 | NUPROCESSOEXTERNO 1529725-96.2026.8.26.0050 STATUS 177
[08/09/2026 11:34:59] NUSEQ 29066531 | NUPROCESSOEXTERNO 1529725-96.2026.8.26.0050 STATUS 177
[08/09/2026 11:35:09] NUSEQ 29066531 | NUPROCESSOEXTERNO 1529725-96.2026.8.26.0050 STATUS 177
[08/09/2026 11:35:19] NUSEQ 29066531 | NUPROCESSOEXTERNO 1529725-96.2026.8.26.0050 STATUS 161
[08/09/2026 11:35:19] SUCESSO: NUSEQ 29066531 | NUPROCESSOEXTERNO 1529725-96.2026.8.26.0050 -> ID 2R000000HFN6C atualizado para grupo 39
[08/09/2026 11:35:19] ============================================================
[08/09/2026 11:35:19] PROCESSAMENTO FINALIZADO
[08/09/2026 11:35:19] Total: 1
[08/09/2026 11:35:19] Sucesso: 1
[08/09/2026 11:35:19] Pendentes: 0
[08/09/2026 11:35:19] Nenhum pendente encontrado.
[08/09/2026 11:35:19] Próxima execução automática agendada para daqui 30 minutos.
[08/09/2026 12:05:19] Iniciando execução automática agendada.
[08/09/2026 12:05:37] Iniciando processo
[08/09/2026 12:05:39] 1 registros encontrados
[08/09/2026 12:05:39] Registros que serão alterados:
[08/09/2026 12:05:39] NUSEQ 29068774 | NUPROCESSOEXTERNO 1502580-17.2025.8.26.0530
[08/09/2026 12:05:39] Executando inserts iniciais...
[08/09/2026 12:05:41] INSERT OK - NUSEQ 29068774 | NUPROCESSOEXTERNO 1502580-17.2025.8.26.0530
[08/09/2026 12:05:41] Todos os inserts iniciais executados.
[08/09/2026 12:05:41] Reprocessando NUSEQ 29068774 | NUPROCESSOEXTERNO 1502580-17.2025.8.26.0530
[08/09/2026 12:05:43] Reprocessamento inicial iniciado.
[08/09/2026 12:05:44] NUSEQ 29068774 | NUPROCESSOEXTERNO 1502580-17.2025.8.26.0530 STATUS 177
[08/09/2026 12:05:54] NUSEQ 29068774 | NUPROCESSOEXTERNO 1502580-17.2025.8.26.0530 STATUS 177
[08/09/2026 12:06:06] NUSEQ 29068774 | NUPROCESSOEXTERNO 1502580-17.2025.8.26.0530 STATUS 177
[08/09/2026 12:06:16] NUSEQ 29068774 | NUPROCESSOEXTERNO 1502580-17.2025.8.26.0530 STATUS 177
[08/09/2026 12:06:27] NUSEQ 29068774 | NUPROCESSOEXTERNO 1502580-17.2025.8.26.0530 STATUS 177
[08/09/2026 12:06:39] NUSEQ 29068774 | NUPROCESSOEXTERNO 1502580-17.2025.8.26.0530 STATUS 177
[08/09/2026 12:06:50] NUSEQ 29068774 | NUPROCESSOEXTERNO 1502580-17.2025.8.26.0530 STATUS 161
[08/09/2026 12:06:52] SUCESSO: NUSEQ 29068774 | NUPROCESSOEXTERNO 1502580-17.2025.8.26.0530 -> ID 2R000000HFOYA atualizado para grupo 39
[08/09/2026 12:06:52] ============================================================
[08/09/2026 12:06:52] PROCESSAMENTO FINALIZADO
[08/09/2026 12:06:52] Total: 1
[08/09/2026 12:06:52] Sucesso: 1
[08/09/2026 12:06:52] Pendentes: 0
[08/09/2026 12:06:52] Nenhum pendente encontrado.
[08/09/2026 12:06:52] Próxima execução automática agendada para daqui 30 minutos.
[08/09/2026 12:33:56] Agendamento automático ativado.
[08/09/2026 12:33:56] Próxima execução automática agendada para daqui 30 minutos.
[08/09/2026 13:03:56] Iniciando execução automática agendada.
[08/09/2026 13:04:00] Iniciando processo
[08/09/2026 13:04:00] 2 registros encontrados
[08/09/2026 13:04:00] Registros que serão alterados:
[08/09/2026 13:04:00] NUSEQ 29070610 | NUPROCESSOEXTERNO 1529403-13.2025.8.26.0050
[08/09/2026 13:04:00] NUSEQ 29073245 | NUPROCESSOEXTERNO 1517354-88.2026.8.26.0442
[08/09/2026 13:04:00] Executando inserts iniciais...
[08/09/2026 13:04:00] INSERT OK - NUSEQ 29070610 | NUPROCESSOEXTERNO 1529403-13.2025.8.26.0050
[08/09/2026 13:04:00] INSERT OK - NUSEQ 29073245 | NUPROCESSOEXTERNO 1517354-88.2026.8.26.0442
[08/09/2026 13:04:01] Todos os inserts iniciais executados.
[08/09/2026 13:04:01] Reprocessando NUSEQ 29070610 | NUPROCESSOEXTERNO 1529403-13.2025.8.26.0050
[08/09/2026 13:04:01] Reprocessando NUSEQ 29073245 | NUPROCESSOEXTERNO 1517354-88.2026.8.26.0442
[08/09/2026 13:04:01] Reprocessamento inicial iniciado.
[08/09/2026 13:04:01] NUSEQ 29070610 | NUPROCESSOEXTERNO 1529403-13.2025.8.26.0050 STATUS 177
[08/09/2026 13:04:01] NUSEQ 29073245 | NUPROCESSOEXTERNO 1517354-88.2026.8.26.0442 STATUS 177
[08/09/2026 13:04:12] NUSEQ 29070610 | NUPROCESSOEXTERNO 1529403-13.2025.8.26.0050 STATUS 177
[08/09/2026 13:04:12] NUSEQ 29073245 | NUPROCESSOEXTERNO 1517354-88.2026.8.26.0442 STATUS 161
[08/09/2026 13:04:12] SUCESSO: NUSEQ 29073245 | NUPROCESSOEXTERNO 1517354-88.2026.8.26.0442 -> ID 2R000000HFSJI atualizado para grupo 39
[08/09/2026 13:04:22] NUSEQ 29070610 | NUPROCESSOEXTERNO 1529403-13.2025.8.26.0050 STATUS 161
[08/09/2026 13:04:22] SUCESSO: NUSEQ 29070610 | NUPROCESSOEXTERNO 1529403-13.2025.8.26.0050 -> ID 2R000000HFQFF atualizado para grupo 39
[08/09/2026 13:04:22] ============================================================
[08/09/2026 13:04:22] PROCESSAMENTO FINALIZADO
[08/09/2026 13:04:22] Total: 2
[08/09/2026 13:04:23] Sucesso: 2
[08/09/2026 13:04:23] Pendentes: 0
[08/09/2026 13:04:23] Nenhum pendente encontrado.
[08/09/2026 13:04:23] Próxima execução automática agendada para daqui 30 minutos.
[08/09/2026 13:34:23] Iniciando execução automática agendada.
[08/09/2026 13:34:28] Iniciando processo
[08/09/2026 13:34:29] 2 registros encontrados
[08/09/2026 13:34:29] Registros que serão alterados:
[08/09/2026 13:34:29] NUSEQ 29075997 | NUPROCESSOEXTERNO 1518430-50.2026.8.26.0442
[08/09/2026 13:34:29] NUSEQ 29076191 | NUPROCESSOEXTERNO 1506825-69.2026.8.26.0002
[08/09/2026 13:34:29] Executando inserts iniciais...
[08/09/2026 13:34:30] INSERT OK - NUSEQ 29075997 | NUPROCESSOEXTERNO 1518430-50.2026.8.26.0442
[08/09/2026 13:34:30] INSERT OK - NUSEQ 29076191 | NUPROCESSOEXTERNO 1506825-69.2026.8.26.0002
[08/09/2026 13:34:30] Todos os inserts iniciais executados.
[08/09/2026 13:34:30] Reprocessando NUSEQ 29075997 | NUPROCESSOEXTERNO 1518430-50.2026.8.26.0442
[08/09/2026 13:34:30] Reprocessando NUSEQ 29076191 | NUPROCESSOEXTERNO 1506825-69.2026.8.26.0002
[08/09/2026 13:34:31] Reprocessamento inicial iniciado.
[08/09/2026 13:34:31] NUSEQ 29075997 | NUPROCESSOEXTERNO 1518430-50.2026.8.26.0442 STATUS 177
[08/09/2026 13:34:31] NUSEQ 29076191 | NUPROCESSOEXTERNO 1506825-69.2026.8.26.0002 STATUS 177
[08/09/2026 13:34:41] NUSEQ 29075997 | NUPROCESSOEXTERNO 1518430-50.2026.8.26.0442 STATUS 161
[08/09/2026 13:34:42] SUCESSO: NUSEQ 29075997 | NUPROCESSOEXTERNO 1518430-50.2026.8.26.0442 -> ID 2R000000HFUQJ atualizado para grupo 39
[08/09/2026 13:34:42] NUSEQ 29076191 | NUPROCESSOEXTERNO 1506825-69.2026.8.26.0002 STATUS 161
[08/09/2026 13:34:43] SUCESSO: NUSEQ 29076191 | NUPROCESSOEXTERNO 1506825-69.2026.8.26.0002 -> ID 2R000000HFUXO atualizado para grupo 39
[08/09/2026 13:34:43] ============================================================
[08/09/2026 13:34:43] PROCESSAMENTO FINALIZADO
[08/09/2026 13:34:43] Total: 2
[08/09/2026 13:34:43] Sucesso: 2
[08/09/2026 13:34:43] Pendentes: 0
[08/09/2026 13:34:43] Nenhum pendente encontrado.
[08/09/2026 13:34:43] Próxima execução automática agendada para daqui 30 minutos.
[08/09/2026 14:04:43] Iniciando execução automática agendada.
[08/09/2026 14:04:51] Iniciando processo
[08/09/2026 14:04:51] 1 registros encontrados
[08/09/2026 14:04:51] Registros que serão alterados:
[08/09/2026 14:04:51] NUSEQ 29078249 | NUPROCESSOEXTERNO 1623363-93.2019.8.26.0224
[08/09/2026 14:04:51] Executando inserts iniciais...
[08/09/2026 14:04:52] INSERT OK - NUSEQ 29078249 | NUPROCESSOEXTERNO 1623363-93.2019.8.26.0224
[08/09/2026 14:04:52] Todos os inserts iniciais executados.
[08/09/2026 14:04:52] Reprocessando NUSEQ 29078249 | NUPROCESSOEXTERNO 1623363-93.2019.8.26.0224
[08/09/2026 14:04:53] Reprocessamento inicial iniciado.
[08/09/2026 14:04:54] NUSEQ 29078249 | NUPROCESSOEXTERNO 1623363-93.2019.8.26.0224 STATUS 177
[08/09/2026 14:05:04] NUSEQ 29078249 | NUPROCESSOEXTERNO 1623363-93.2019.8.26.0224 STATUS 161
[08/09/2026 14:05:05] SUCESSO: NUSEQ 29078249 | NUPROCESSOEXTERNO 1623363-93.2019.8.26.0224 -> ID 2R000000HFWL7 atualizado para grupo 39
[08/09/2026 14:05:05] ============================================================
[08/09/2026 14:05:05] PROCESSAMENTO FINALIZADO
[08/09/2026 14:05:05] Total: 1
[08/09/2026 14:05:05] Sucesso: 1
[08/09/2026 14:05:05] Pendentes: 0
[08/09/2026 14:05:05] Nenhum pendente encontrado.
[08/09/2026 14:05:05] Próxima execução automática agendada para daqui 30 minutos.
[08/09/2026 14:35:05] Iniciando execução automática agendada.
[08/09/2026 14:35:11] Iniciando processo
[08/09/2026 14:35:12] 1 registros encontrados
[08/09/2026 14:35:12] Registros que serão alterados:
[08/09/2026 14:35:12] NUSEQ 29081434 | NUPROCESSOEXTERNO 0016869-87.2020.8.26.0050
[08/09/2026 14:35:12] Executando inserts iniciais...
[08/09/2026 14:35:12] INSERT OK - NUSEQ 29081434 | NUPROCESSOEXTERNO 0016869-87.2020.8.26.0050
[08/09/2026 14:35:12] Todos os inserts iniciais executados.
[08/09/2026 14:35:12] Reprocessando NUSEQ 29081434 | NUPROCESSOEXTERNO 0016869-87.2020.8.26.0050
[08/09/2026 14:35:12] Reprocessamento inicial iniciado.
[08/09/2026 14:35:13] NUSEQ 29081434 | NUPROCESSOEXTERNO 0016869-87.2020.8.26.0050 STATUS 177
[08/09/2026 14:35:23] NUSEQ 29081434 | NUPROCESSOEXTERNO 0016869-87.2020.8.26.0050 STATUS 161
[08/09/2026 14:35:23] SUCESSO: NUSEQ 29081434 | NUPROCESSOEXTERNO 0016869-87.2020.8.26.0050 -> ID 2R000000HFZ60 atualizado para grupo 39
[08/09/2026 14:35:23] ============================================================
[08/09/2026 14:35:23] PROCESSAMENTO FINALIZADO
[08/09/2026 14:35:23] Total: 1
[08/09/2026 14:35:23] Sucesso: 1
[08/09/2026 14:35:23] Pendentes: 0
[08/09/2026 14:35:23] Nenhum pendente encontrado.
[08/09/2026 14:35:23] Próxima execução automática agendada para daqui 30 minutos.
[08/09/2026 15:05:23] Iniciando execução automática agendada.
[08/09/2026 15:05:33] Iniciando processo
[08/09/2026 15:05:33] Nenhum registro encontrado.
[08/09/2026 15:05:34] Próxima execução automática agendada para daqui 30 minutos.
[08/09/2026 15:35:34] Iniciando execução automática agendada.
[08/09/2026 15:35:42] Iniciando processo
[08/09/2026 15:35:42] Nenhum registro encontrado.
[08/09/2026 15:35:43] Próxima execução automática agendada para daqui 30 minutos.
[08/09/2026 16:05:43] Iniciando execução automática agendada.
[08/09/2026 16:06:06] Iniciando processo
[08/09/2026 16:06:08] 6 registros encontrados
[08/09/2026 16:06:08] Registros que serão alterados:
[08/09/2026 16:06:08] NUSEQ 29088413 | NUPROCESSOEXTERNO 0001511-91.2026.8.26.0270
[08/09/2026 16:06:08] NUSEQ 29088614 | NUPROCESSOEXTERNO 1549567-14.2026.8.26.0454
[08/09/2026 16:06:08] NUSEQ 29089094 | NUPROCESSOEXTERNO 0006884-23.2025.8.26.0502
[08/09/2026 16:06:08] NUSEQ 29089545 | NUPROCESSOEXTERNO 1519095-22.2020.8.26.0266
[08/09/2026 16:06:08] NUSEQ 29089885 | NUPROCESSOEXTERNO 1512213-10.2021.8.26.0266
[08/09/2026 16:06:08] NUSEQ 29089750 | NUPROCESSOEXTERNO 1500734-51.2026.8.26.0393
[08/09/2026 16:06:08] Executando inserts iniciais...
[08/09/2026 16:06:11] INSERT OK - NUSEQ 29088413 | NUPROCESSOEXTERNO 0001511-91.2026.8.26.0270
[08/09/2026 16:06:14] INSERT OK - NUSEQ 29088614 | NUPROCESSOEXTERNO 1549567-14.2026.8.26.0454
[08/09/2026 16:06:16] INSERT OK - NUSEQ 29089094 | NUPROCESSOEXTERNO 0006884-23.2025.8.26.0502
[08/09/2026 16:06:19] INSERT OK - NUSEQ 29089545 | NUPROCESSOEXTERNO 1519095-22.2020.8.26.0266
[08/09/2026 16:06:19] INSERT DUPLICADO IGNORADO - NUSEQ 29089885 | NUPROCESSOEXTERNO 1512213-10.2021.8.26.0266
[08/09/2026 16:06:21] INSERT OK - NUSEQ 29089750 | NUPROCESSOEXTERNO 1500734-51.2026.8.26.0393
[08/09/2026 16:06:21] Todos os inserts iniciais executados.
[08/09/2026 16:06:21] Reprocessando NUSEQ 29088413 | NUPROCESSOEXTERNO 0001511-91.2026.8.26.0270
[08/09/2026 16:06:25] Reprocessando NUSEQ 29088614 | NUPROCESSOEXTERNO 1549567-14.2026.8.26.0454
[08/09/2026 16:06:29] Reprocessando NUSEQ 29089094 | NUPROCESSOEXTERNO 0006884-23.2025.8.26.0502
[08/09/2026 16:06:32] Reprocessando NUSEQ 29089545 | NUPROCESSOEXTERNO 1519095-22.2020.8.26.0266
[08/09/2026 16:06:36] Reprocessando NUSEQ 29089885 | NUPROCESSOEXTERNO 1512213-10.2021.8.26.0266
[08/09/2026 16:06:41] Reprocessando NUSEQ 29089750 | NUPROCESSOEXTERNO 1500734-51.2026.8.26.0393
[08/09/2026 16:06:46] Reprocessamento inicial iniciado.
[08/09/2026 16:06:48] NUSEQ 29088413 | NUPROCESSOEXTERNO 0001511-91.2026.8.26.0270 STATUS 161
[08/09/2026 16:06:52] SUCESSO: NUSEQ 29088413 | NUPROCESSOEXTERNO 0001511-91.2026.8.26.0270 -> ID 2R000000HG4PF atualizado para grupo 39
[08/09/2026 16:06:52] NUSEQ 29088614 | NUPROCESSOEXTERNO 1549567-14.2026.8.26.0454 STATUS 177
[08/09/2026 16:06:52] NUSEQ 29089094 | NUPROCESSOEXTERNO 0006884-23.2025.8.26.0502 STATUS 177
[08/09/2026 16:06:52] NUSEQ 29089545 | NUPROCESSOEXTERNO 1519095-22.2020.8.26.0266 STATUS 177
[08/09/2026 16:06:52] NUSEQ 29089750 | NUPROCESSOEXTERNO 1500734-51.2026.8.26.0393 STATUS 177
[08/09/2026 16:06:52] NUSEQ 29089885 | NUPROCESSOEXTERNO 1512213-10.2021.8.26.0266 STATUS 177
[08/09/2026 16:07:02] NUSEQ 29088614 | NUPROCESSOEXTERNO 1549567-14.2026.8.26.0454 STATUS 177
[08/09/2026 16:07:02] NUSEQ 29089094 | NUPROCESSOEXTERNO 0006884-23.2025.8.26.0502 STATUS 177
[08/09/2026 16:07:02] NUSEQ 29089545 | NUPROCESSOEXTERNO 1519095-22.2020.8.26.0266 STATUS 177
[08/09/2026 16:07:02] NUSEQ 29089750 | NUPROCESSOEXTERNO 1500734-51.2026.8.26.0393 STATUS 177
[08/09/2026 16:07:02] NUSEQ 29089885 | NUPROCESSOEXTERNO 1512213-10.2021.8.26.0266 STATUS 177
[08/09/2026 16:07:15] NUSEQ 29088614 | NUPROCESSOEXTERNO 1549567-14.2026.8.26.0454 STATUS 161
[08/09/2026 16:07:19] SUCESSO: NUSEQ 29088614 | NUPROCESSOEXTERNO 1549567-14.2026.8.26.0454 -> ID 2R000000HG4V0 atualizado para grupo 39
[08/09/2026 16:07:19] NUSEQ 29089094 | NUPROCESSOEXTERNO 0006884-23.2025.8.26.0502 STATUS 161
[08/09/2026 16:07:23] SUCESSO: NUSEQ 29089094 | NUPROCESSOEXTERNO 0006884-23.2025.8.26.0502 -> ID 2R000000HG590 atualizado para grupo 39
[08/09/2026 16:07:23] NUSEQ 29089545 | NUPROCESSOEXTERNO 1519095-22.2020.8.26.0266 STATUS 177
[08/09/2026 16:07:23] NUSEQ 29089750 | NUPROCESSOEXTERNO 1500734-51.2026.8.26.0393 STATUS 177
[08/09/2026 16:07:23] NUSEQ 29089885 | NUPROCESSOEXTERNO 1512213-10.2021.8.26.0266 STATUS 177
[08/09/2026 16:07:34] NUSEQ 29089545 | NUPROCESSOEXTERNO 1519095-22.2020.8.26.0266 STATUS 161
[08/09/2026 16:07:37] SUCESSO: NUSEQ 29089545 | NUPROCESSOEXTERNO 1519095-22.2020.8.26.0266 -> ID 2R000000HG5OU atualizado para grupo 39
[08/09/2026 16:07:37] NUSEQ 29089750 | NUPROCESSOEXTERNO 1500734-51.2026.8.26.0393 STATUS 177
[08/09/2026 16:07:37] NUSEQ 29089885 | NUPROCESSOEXTERNO 1512213-10.2021.8.26.0266 STATUS 161
[08/09/2026 16:07:40] SUCESSO: NUSEQ 29089885 | NUPROCESSOEXTERNO 1512213-10.2021.8.26.0266 -> ID 2R000000HG5YA atualizado para grupo 39
[08/09/2026 16:07:51] NUSEQ 29089750 | NUPROCESSOEXTERNO 1500734-51.2026.8.26.0393 STATUS 161
[08/09/2026 16:07:56] SUCESSO: NUSEQ 29089750 | NUPROCESSOEXTERNO 1500734-51.2026.8.26.0393 -> ID 2R000000HG5UJ atualizado para grupo 39
[08/09/2026 16:07:56] ============================================================
[08/09/2026 16:07:56] PROCESSAMENTO FINALIZADO
[08/09/2026 16:07:56] Total: 6
[08/09/2026 16:07:56] Sucesso: 6
[08/09/2026 16:07:56] Pendentes: 0
[08/09/2026 16:07:56] Nenhum pendente encontrado.
[08/09/2026 16:07:56] Próxima execução automática agendada para daqui 30 minutos.
[08/09/2026 16:37:56] Iniciando execução automática agendada.
[08/09/2026 16:38:04] Iniciando processo
[08/09/2026 16:38:04] 1 registros encontrados
[08/09/2026 16:38:04] Registros que serão alterados:
[08/09/2026 16:38:04] NUSEQ 29091931 | NUPROCESSOEXTERNO 1515330-48.2026.8.26.0455
[08/09/2026 16:38:04] Executando inserts iniciais...
[08/09/2026 16:38:05] INSERT OK - NUSEQ 29091931 | NUPROCESSOEXTERNO 1515330-48.2026.8.26.0455
[08/09/2026 16:38:05] Todos os inserts iniciais executados.
[08/09/2026 16:38:05] Reprocessando NUSEQ 29091931 | NUPROCESSOEXTERNO 1515330-48.2026.8.26.0455
[08/09/2026 16:38:05] Reprocessamento inicial iniciado.
[08/09/2026 16:38:06] NUSEQ 29091931 | NUPROCESSOEXTERNO 1515330-48.2026.8.26.0455 STATUS 177
[08/09/2026 16:38:17] NUSEQ 29091931 | NUPROCESSOEXTERNO 1515330-48.2026.8.26.0455 STATUS 177
[08/09/2026 16:38:27] NUSEQ 29091931 | NUPROCESSOEXTERNO 1515330-48.2026.8.26.0455 STATUS 177
[08/09/2026 16:38:37] NUSEQ 29091931 | NUPROCESSOEXTERNO 1515330-48.2026.8.26.0455 STATUS 161
[08/09/2026 16:38:39] SUCESSO: NUSEQ 29091931 | NUPROCESSOEXTERNO 1515330-48.2026.8.26.0455 -> ID 2R000000HG7LO atualizado para grupo 39
[08/09/2026 16:38:39] ============================================================
[08/09/2026 16:38:39] PROCESSAMENTO FINALIZADO
[08/09/2026 16:38:39] Total: 1
[08/09/2026 16:38:39] Sucesso: 1
[08/09/2026 16:38:39] Pendentes: 0
[08/09/2026 16:38:39] Nenhum pendente encontrado.
[08/09/2026 16:38:39] Próxima execução automática agendada para daqui 30 minutos.
[08/09/2026 17:08:39] Iniciando execução automática agendada.
[08/09/2026 17:09:12] Iniciando processo
[08/09/2026 17:09:13] 1 registros encontrados
[08/09/2026 17:09:13] Registros que serão alterados:
[08/09/2026 17:09:13] NUSEQ 29095007 | NUPROCESSOEXTERNO 1006338-75.2024.8.26.0084
[08/09/2026 17:09:13] Executando inserts iniciais...
[08/09/2026 17:09:14] INSERT OK - NUSEQ 29095007 | NUPROCESSOEXTERNO 1006338-75.2024.8.26.0084
[08/09/2026 17:09:14] Todos os inserts iniciais executados.
[08/09/2026 17:09:14] Reprocessando NUSEQ 29095007 | NUPROCESSOEXTERNO 1006338-75.2024.8.26.0084
[08/09/2026 17:09:17] Reprocessamento inicial iniciado.
[08/09/2026 17:09:20] NUSEQ 29095007 | NUPROCESSOEXTERNO 1006338-75.2024.8.26.0084 STATUS 177
[08/09/2026 17:09:30] NUSEQ 29095007 | NUPROCESSOEXTERNO 1006338-75.2024.8.26.0084 STATUS 161
[08/09/2026 17:09:32] SUCESSO: NUSEQ 29095007 | NUPROCESSOEXTERNO 1006338-75.2024.8.26.0084 -> ID 2R000000HGA1F atualizado para grupo 39
[08/09/2026 17:09:32] ============================================================
[08/09/2026 17:09:32] PROCESSAMENTO FINALIZADO
[08/09/2026 17:09:32] Total: 1
[08/09/2026 17:09:32] Sucesso: 1
[08/09/2026 17:09:32] Pendentes: 0
[08/09/2026 17:09:32] Nenhum pendente encontrado.
[08/09/2026 17:09:32] Próxima execução automática agendada para daqui 30 minutos.
[08/09/2026 17:39:32] Iniciando execução automática agendada.
[08/09/2026 17:39:42] Iniciando processo
[08/09/2026 17:39:43] 1 registros encontrados
[08/09/2026 17:39:43] Registros que serão alterados:
[08/09/2026 17:39:43] NUSEQ 29097299 | NUPROCESSOEXTERNO 1500336-34.2026.8.26.0578
[08/09/2026 17:39:43] Executando inserts iniciais...
[08/09/2026 17:39:43] INSERT OK - NUSEQ 29097299 | NUPROCESSOEXTERNO 1500336-34.2026.8.26.0578
[08/09/2026 17:39:43] Todos os inserts iniciais executados.
[08/09/2026 17:39:43] Reprocessando NUSEQ 29097299 | NUPROCESSOEXTERNO 1500336-34.2026.8.26.0578
[08/09/2026 17:39:44] Reprocessamento inicial iniciado.
[08/09/2026 17:39:45] NUSEQ 29097299 | NUPROCESSOEXTERNO 1500336-34.2026.8.26.0578 STATUS 177
[08/09/2026 17:39:55] NUSEQ 29097299 | NUPROCESSOEXTERNO 1500336-34.2026.8.26.0578 STATUS 161
[08/09/2026 17:39:56] SUCESSO: NUSEQ 29097299 | NUPROCESSOEXTERNO 1500336-34.2026.8.26.0578 -> ID 2R000000HGBYA atualizado para grupo 39
[08/09/2026 17:39:56] ============================================================
[08/09/2026 17:39:56] PROCESSAMENTO FINALIZADO
[08/09/2026 17:39:56] Total: 1
[08/09/2026 17:39:56] Sucesso: 1
[08/09/2026 17:39:56] Pendentes: 0
[08/09/2026 17:39:56] Nenhum pendente encontrado.
[08/09/2026 17:39:56] Próxima execução automática agendada para daqui 30 minutos.
[08/09/2026 18:09:56] Iniciando execução automática agendada.
[08/09/2026 18:10:04] Iniciando processo
[08/09/2026 18:10:05] Nenhum registro encontrado.
[08/09/2026 18:10:05] Próxima execução automática agendada para daqui 30 minutos.
[08/09/2026 18:40:05] Iniciando execução automática agendada.
[08/09/2026 18:40:14] Iniciando processo
[08/09/2026 18:40:15] Nenhum registro encontrado.
[08/09/2026 18:40:15] Próxima execução automática agendada para daqui 30 minutos.
[08/09/2026 19:10:15] Iniciando execução automática agendada.
[08/09/2026 19:10:22] Iniciando processo
[08/09/2026 19:10:23] Nenhum registro encontrado.
[08/09/2026 19:10:23] Próxima execução automática agendada para daqui 30 minutos.
[08/09/2026 19:40:23] Iniciando execução automática agendada.
[08/09/2026 19:40:32] Iniciando processo
[08/09/2026 19:40:33] Nenhum registro encontrado.
[08/09/2026 19:40:34] Próxima execução automática agendada para daqui 30 minutos.
[08/09/2026 20:10:34] Iniciando execução automática agendada.
[08/09/2026 20:10:40] Iniciando processo
[08/09/2026 20:10:43] Nenhum registro encontrado.
[08/09/2026 20:10:43] Próxima execução automática agendada para daqui 30 minutos.
[08/09/2026 20:40:43] Iniciando execução automática agendada.
[08/09/2026 20:40:54] Iniciando processo
[08/09/2026 20:40:55] Nenhum registro encontrado.
[08/09/2026 20:40:55] Próxima execução automática agendada para daqui 30 minutos.
[08/09/2026 21:10:55] Iniciando execução automática agendada.
[08/09/2026 21:11:04] Iniciando processo
[08/09/2026 21:11:05] Nenhum registro encontrado.
[08/09/2026 21:11:05] Próxima execução automática agendada para daqui 30 minutos.
[08/09/2026 21:41:05] Iniciando execução automática agendada.
[08/09/2026 21:41:13] Iniciando processo
[08/09/2026 21:41:13] Nenhum registro encontrado.
[08/09/2026 21:41:13] Próxima execução automática agendada para daqui 30 minutos.
[08/09/2026 22:11:13] Iniciando execução automática agendada.
[08/09/2026 22:11:21] Iniciando processo
[08/09/2026 22:11:22] Nenhum registro encontrado.
[08/09/2026 22:11:22] Próxima execução automática agendada para daqui 30 minutos.
[08/09/2026 22:41:22] Iniciando execução automática agendada.
[08/09/2026 22:41:31] Iniciando processo
[08/09/2026 22:41:31] Nenhum registro encontrado.
[08/09/2026 22:41:32] Próxima execução automática agendada para daqui 30 minutos.
[08/09/2026 23:11:32] Iniciando execução automática agendada.
[08/09/2026 23:11:39] Iniciando processo
[08/09/2026 23:11:39] Nenhum registro encontrado.
[08/09/2026 23:11:40] Próxima execução automática agendada para daqui 30 minutos.
[08/09/2026 23:41:40] Iniciando execução automática agendada.
[08/09/2026 23:41:46] Iniciando processo
[08/09/2026 23:41:47] Nenhum registro encontrado.
[08/09/2026 23:41:47] Próxima execução automática agendada para daqui 30 minutos.
