2026-09-24 10:48:05 [INFO] Iniciando rodada do bot MPSP.
2026-09-24 10:48:07 [INFO] Conexão com a base MPSP estabelecida.
2026-09-24 10:48:07 [INFO] Registros encontrados na consulta: 3.
2026-09-24 10:48:08 [INFO] Agentes inseridos: 7.
2026-09-24 10:48:10 [INFO] Intimações reprocessadas: 3.
2026-09-24 10:48:10 [INFO] Acompanhamento: 0/3 com flstatus 161.
2026-09-24 10:48:15 [INFO] Bot automático ativado.
2026-09-24 10:48:25 [INFO] Acompanhamento: 0/3 com flstatus 161.
2026-09-24 10:48:40 [INFO] Acompanhamento: 0/3 com flstatus 161.
2026-09-24 10:48:55 [INFO] Acompanhamento: 2/3 com flstatus 161.
2026-09-24 10:49:10 [INFO] Acompanhamento: 3/3 com flstatus 161.
2026-09-24 10:49:10 [INFO] Rodada concluída com sucesso. Total ajustado: 3.
2026-09-24 10:49:10 [INFO] Conexão MPSP encerrada.
2026-09-24 11:00:00 [INFO] Iniciando rodada do bot MPSP.
2026-09-24 11:00:02 [INFO] Conexão com a base MPSP estabelecida.
2026-09-24 11:00:02 [INFO] Registros encontrados na consulta: 5.
2026-09-24 11:00:03 [INFO] Agentes inseridos: 9.
2026-09-24 11:00:04 [INFO] Intimações reprocessadas: 5.
2026-09-24 11:00:04 [INFO] Acompanhamento: 0/5 com flstatus 161.
2026-09-24 11:00:19 [INFO] Acompanhamento: 1/5 com flstatus 161.
2026-09-24 11:00:34 [INFO] Acompanhamento: 1/5 com flstatus 161.
2026-09-24 11:00:49 [INFO] Acompanhamento: 2/5 com flstatus 161.
2026-09-24 11:01:05 [INFO] Acompanhamento: 3/5 com flstatus 161.
2026-09-24 11:01:20 [INFO] Acompanhamento: 5/5 com flstatus 161.
2026-09-24 11:01:20 [INFO] Rodada concluída com sucesso. Total ajustado: 5.
2026-09-24 11:01:20 [INFO] Conexão MPSP encerrada.
2026-09-24 12:00:00 [INFO] Iniciando rodada do bot MPSP.
2026-09-24 12:00:02 [INFO] Conexão com a base MPSP estabelecida.
2026-09-24 12:00:02 [INFO] Registros encontrados na consulta: 4.
2026-09-24 12:00:03 [INFO] Agentes inseridos: 7.
2026-09-24 12:00:03 [INFO] Intimações reprocessadas: 4.
2026-09-24 12:00:03 [INFO] Acompanhamento: 0/4 com flstatus 161.
2026-09-24 12:00:19 [INFO] Acompanhamento: 0/4 com flstatus 161.
2026-09-24 12:00:34 [INFO] Acompanhamento: 2/4 com flstatus 161.
2026-09-24 12:00:49 [INFO] Acompanhamento: 3/4 com flstatus 161.
2026-09-24 12:01:04 [INFO] Acompanhamento: 4/4 com flstatus 161.
2026-09-24 12:01:04 [INFO] Rodada concluída com sucesso. Total ajustado: 4.
2026-09-24 12:01:04 [INFO] Conexão MPSP encerrada.
2026-09-24 13:00:00 [INFO] Iniciando rodada do bot MPSP.
2026-09-24 13:00:02 [INFO] Conexão com a base MPSP estabelecida.
2026-09-24 13:00:02 [INFO] Registros encontrados na consulta: 0.
2026-09-24 13:00:02 [INFO] Nenhum registro para ajustar nesta rodada.
2026-09-24 13:00:02 [INFO] Conexão MPSP encerrada.
2026-09-24 14:00:00 [INFO] Iniciando rodada do bot MPSP.
2026-09-24 14:00:02 [INFO] Conexão com a base MPSP estabelecida.
2026-09-24 14:00:02 [INFO] Registros encontrados na consulta: 5.
2026-09-24 14:00:04 [INFO] Agentes inseridos: 13.
2026-09-24 14:00:05 [INFO] Intimações reprocessadas: 5.
2026-09-24 14:00:05 [INFO] Acompanhamento: 0/5 com flstatus 161.
2026-09-24 14:00:20 [INFO] Acompanhamento: 0/5 com flstatus 161.
2026-09-24 14:00:35 [INFO] Acompanhamento: 0/5 com flstatus 161.
2026-09-24 14:00:50 [INFO] Acompanhamento: 3/5 com flstatus 161.
2026-09-24 14:01:06 [INFO] Acompanhamento: 5/5 com flstatus 161.
2026-09-24 14:01:06 [INFO] Rodada concluída com sucesso. Total ajustado: 5.
2026-09-24 14:01:06 [INFO] Conexão MPSP encerrada.
2026-09-24 15:00:00 [INFO] Iniciando rodada do bot MPSP.
2026-09-24 15:00:02 [INFO] Conexão com a base MPSP estabelecida.
2026-09-24 15:00:02 [INFO] Registros encontrados na consulta: 0.
2026-09-24 15:00:02 [INFO] Nenhum registro para ajustar nesta rodada.
2026-09-24 15:00:02 [INFO] Conexão MPSP encerrada.
2026-09-24 16:00:00 [INFO] Iniciando rodada do bot MPSP.
2026-09-24 16:00:02 [INFO] Conexão com a base MPSP estabelecida.
2026-09-24 16:00:02 [INFO] Registros encontrados na consulta: 0.
2026-09-24 16:00:02 [INFO] Nenhum registro para ajustar nesta rodada.
2026-09-24 16:00:02 [INFO] Conexão MPSP encerrada.
